
> coresplorer@0.0.0 build
> tsc -b && vite build

src/entities/knowledge-object/api/ko.queries.ts(46,3): error TS2322: Type '{ id: string; name: string; type: string; app: string; owner: string; isolated: boolean; }[]' is not assignable to type 'KnowledgeObject[]'.
  Type '{ id: string; name: string; type: string; app: string; owner: string; isolated: boolean; }' is not assignable to type 'KnowledgeObject'.
    Types of property 'type' are incompatible.
      Type 'string' is not assignable to type 'SplunkKoType'.
src/entities/spl/lib/debug/parse.ts(1,39): error TS2307: Cannot find module './index' or its corresponding type declarations.
src/entities/spl/lib/debug/parse.ts(12,24): error TS7006: Parameter 't' implicitly has an 'any' type.
src/entities/spl/lib/debug/parse.ts(22,28): error TS7006: Parameter 'e' implicitly has an 'any' type.
src/entities/spl/lib/debug/parse.ts(27,30): error TS7006: Parameter 'e' implicitly has an 'any' type.
src/entities/spl/lib/parser/ast/transformer.ts(612,20): error TS2869: Right operand of ?? is unreachable because the left operand is never nullish.
src/entities/spl/lib/parser/grammar/index.ts(31,14): error TS2420: Class 'SPLParser' incorrectly implements interface 'SPLParserRules'.
  Type 'SPLParser' is missing the following properties from type 'SPLParserRules': sortCommand, sortField, headCommand, tailCommand, and 18 more.
src/entities/spl/lib/parser/grammar/index.ts(87,22): error TS2345: Argument of type 'this' is not assignable to parameter of type 'SPLParser'.
  Type 'import("C:/Users/dbroo/azdo/coresplorer/src/entities/spl/lib/parser/grammar/index").SPLParser' is not assignable to type 'import("C:/Users/dbroo/azdo/coresplorer/src/entities/spl/lib/parser/grammar/types").SPLParser'.
    Type 'SPLParser' is missing the following properties from type 'SPLParserRules': sortCommand, sortField, headCommand, tailCommand, and 18 more.
      Type 'this' is not assignable to type 'SPLParserRules'.
        Type 'SPLParser' is missing the following properties from type 'SPLParserRules': sortCommand, sortField, headCommand, tailCommand, and 18 more.
src/entities/spl/lib/parser/grammar/index.ts(88,26): error TS2345: Argument of type 'this' is not assignable to parameter of type 'SPLParser'.
  Type 'import("C:/Users/dbroo/azdo/coresplorer/src/entities/spl/lib/parser/grammar/index").SPLParser' is not assignable to type 'import("C:/Users/dbroo/azdo/coresplorer/src/entities/spl/lib/parser/grammar/types").SPLParser'.
    Type 'SPLParser' is missing the following properties from type 'SPLParserRules': sortCommand, sortField, headCommand, tailCommand, and 18 more.
      Type 'this' is not assignable to type 'SPLParserRules'.
        Type 'SPLParser' is missing the following properties from type 'SPLParserRules': sortCommand, sortField, headCommand, tailCommand, and 18 more.
src/entities/spl/lib/parser/grammar/index.ts(89,22): error TS2345: Argument of type 'this' is not assignable to parameter of type 'SPLParser'.
  Type 'import("C:/Users/dbroo/azdo/coresplorer/src/entities/spl/lib/parser/grammar/index").SPLParser' is not assignable to type 'import("C:/Users/dbroo/azdo/coresplorer/src/entities/spl/lib/parser/grammar/types").SPLParser'.
    Type 'SPLParser' is missing the following properties from type 'SPLParserRules': sortCommand, sortField, headCommand, tailCommand, and 18 more.
      Type 'this' is not assignable to type 'SPLParserRules'.
        Type 'SPLParser' is missing the following properties from type 'SPLParserRules': sortCommand, sortField, headCommand, tailCommand, and 18 more.
src/entities/spl/lib/parser/grammar/index.ts(90,23): error TS2345: Argument of type 'this' is not assignable to parameter of type 'SPLParser'.
  Type 'import("C:/Users/dbroo/azdo/coresplorer/src/entities/spl/lib/parser/grammar/index").SPLParser' is not assignable to type 'import("C:/Users/dbroo/azdo/coresplorer/src/entities/spl/lib/parser/grammar/types").SPLParser'.
    Type 'SPLParser' is missing the following properties from type 'SPLParserRules': sortCommand, sortField, headCommand, tailCommand, and 18 more.
      Type 'this' is not assignable to type 'SPLParserRules'.
        Type 'SPLParser' is missing the following properties from type 'SPLParserRules': sortCommand, sortField, headCommand, tailCommand, and 18 more.
src/entities/spl/lib/parser/grammar/index.ts(91,24): error TS2345: Argument of type 'this' is not assignable to parameter of type 'SPLParser'.
  Type 'import("C:/Users/dbroo/azdo/coresplorer/src/entities/spl/lib/parser/grammar/index").SPLParser' is not assignable to type 'import("C:/Users/dbroo/azdo/coresplorer/src/entities/spl/lib/parser/grammar/types").SPLParser'.
    Type 'SPLParser' is missing the following properties from type 'SPLParserRules': sortCommand, sortField, headCommand, tailCommand, and 18 more.
      Type 'this' is not assignable to type 'SPLParserRules'.
        Type 'SPLParser' is missing the following properties from type 'SPLParserRules': sortCommand, sortField, headCommand, tailCommand, and 18 more.
src/entities/spl/lib/parser/grammar/rules/commands/field-creators.ts(16,31): error TS2445: Property 'RULE' is protected and only accessible within class 'CstParser' and its subclasses.
src/entities/spl/lib/parser/grammar/rules/commands/field-creators.ts(17,12): error TS2445: Property 'CONSUME' is protected and only accessible within class 'BaseParser' and its subclasses.
src/entities/spl/lib/parser/grammar/rules/commands/field-creators.ts(18,12): error TS2445: Property 'SUBRULE' is protected and only accessible within class 'CstParser' and its subclasses.
src/entities/spl/lib/parser/grammar/rules/commands/field-creators.ts(18,20): error TS2345: Argument of type 'ParserMethod<[], unknown>' is not assignable to parameter of type 'ParserMethod<[], CstNode>'.
  Type 'unknown' is not assignable to type 'CstNode'.
src/entities/spl/lib/parser/grammar/rules/commands/field-creators.ts(19,12): error TS2445: Property 'MANY' is protected and only accessible within class 'BaseParser' and its subclasses.
src/entities/spl/lib/parser/grammar/rules/commands/field-creators.ts(20,14): error TS2445: Property 'CONSUME' is protected and only accessible within class 'BaseParser' and its subclasses.
src/entities/spl/lib/parser/grammar/rules/commands/field-creators.ts(21,14): error TS2445: Property 'SUBRULE2' is protected and only accessible within class 'CstParser' and its subclasses.
src/entities/spl/lib/parser/grammar/rules/commands/field-creators.ts(21,23): error TS2345: Argument of type 'ParserMethod<[], unknown>' is not assignable to parameter of type 'ParserMethod<[], CstNode>'.
  Type 'unknown' is not assignable to type 'CstNode'.
src/entities/spl/lib/parser/grammar/rules/commands/field-creators.ts(25,34): error TS2445: Property 'RULE' is protected and only accessible within class 'CstParser' and its subclasses.
src/entities/spl/lib/parser/grammar/rules/commands/field-creators.ts(26,12): error TS2445: Property 'CONSUME' is protected and only accessible within class 'BaseParser' and its subclasses.
src/entities/spl/lib/parser/grammar/rules/commands/field-creators.ts(27,12): error TS2445: Property 'CONSUME' is protected and only accessible within class 'BaseParser' and its subclasses.
src/entities/spl/lib/parser/grammar/rules/commands/field-creators.ts(28,12): error TS2445: Property 'SUBRULE' is protected and only accessible within class 'CstParser' and its subclasses.
src/entities/spl/lib/parser/grammar/rules/commands/field-creators.ts(28,20): error TS2345: Argument of type 'ParserMethod<[], unknown>' is not assignable to parameter of type 'ParserMethod<[], CstNode>'.
  Type 'unknown' is not assignable to type 'CstNode'.
src/entities/spl/lib/parser/grammar/rules/commands/field-creators.ts(36,32): error TS2445: Property 'RULE' is protected and only accessible within class 'CstParser' and its subclasses.
src/entities/spl/lib/parser/grammar/rules/commands/field-creators.ts(37,12): error TS2445: Property 'OR' is protected and only accessible within class 'BaseParser' and its subclasses.
src/entities/spl/lib/parser/grammar/rules/commands/field-creators.ts(38,27): error TS2445: Property 'CONSUME' is protected and only accessible within class 'BaseParser' and its subclasses.
src/entities/spl/lib/parser/grammar/rules/commands/field-creators.ts(39,27): error TS2445: Property 'CONSUME' is protected and only accessible within class 'BaseParser' and its subclasses.
src/entities/spl/lib/parser/grammar/rules/commands/field-creators.ts(40,27): error TS2445: Property 'CONSUME' is protected and only accessible within class 'BaseParser' and its subclasses.
src/entities/spl/lib/parser/grammar/rules/commands/field-creators.ts(41,27): error TS2445: Property 'CONSUME' is protected and only accessible within class 'BaseParser' and its subclasses.
src/entities/spl/lib/parser/grammar/rules/commands/field-creators.ts(42,27): error TS2445: Property 'CONSUME' is protected and only accessible within class 'BaseParser' and its subclasses.
src/entities/spl/lib/parser/grammar/rules/commands/field-creators.ts(44,12): error TS2445: Property 'AT_LEAST_ONE' is protected and only accessible within class 'BaseParser' and its subclasses.
src/entities/spl/lib/parser/grammar/rules/commands/field-creators.ts(44,38): error TS2445: Property 'SUBRULE' is protected and only accessible within class 'CstParser' and its subclasses.
src/entities/spl/lib/parser/grammar/rules/commands/field-creators.ts(44,46): error TS2345: Argument of type 'ParserMethod<[], unknown>' is not assignable to parameter of type 'ParserMethod<[], CstNode>'.
  Type 'unknown' is not assignable to type 'CstNode'.
src/entities/spl/lib/parser/grammar/rules/commands/field-creators.ts(45,12): error TS2445: Property 'OPTION' is protected and only accessible within class 'BaseParser' and its subclasses.
src/entities/spl/lib/parser/grammar/rules/commands/field-creators.ts(46,14): error TS2445: Property 'CONSUME' is protected and only accessible within class 'BaseParser' and its subclasses.
src/entities/spl/lib/parser/grammar/rules/commands/field-creators.ts(47,14): error TS2445: Property 'SUBRULE' is protected and only accessible within class 'CstParser' and its subclasses.
src/entities/spl/lib/parser/grammar/rules/commands/field-creators.ts(47,22): error TS2345: Argument of type 'ParserMethod<[], unknown>' is not assignable to parameter of type 'ParserMethod<[], CstNode>'.
  Type 'unknown' is not assignable to type 'CstNode'.
src/entities/spl/lib/parser/grammar/rules/commands/field-creators.ts(51,31): error TS2445: Property 'RULE' is protected and only accessible within class 'CstParser' and its subclasses.
src/entities/spl/lib/parser/grammar/rules/commands/field-creators.ts(52,12): error TS2445: Property 'CONSUME' is protected and only accessible within class 'BaseParser' and its subclasses.
src/entities/spl/lib/parser/grammar/rules/commands/field-creators.ts(53,12): error TS2445: Property 'OPTION' is protected and only accessible within class 'BaseParser' and its subclasses.
src/entities/spl/lib/parser/grammar/rules/commands/field-creators.ts(54,14): error TS2445: Property 'CONSUME' is protected and only accessible within class 'BaseParser' and its subclasses.
src/entities/spl/lib/parser/grammar/rules/commands/field-creators.ts(55,14): error TS2445: Property 'OPTION2' is protected and only accessible within class 'BaseParser' and its subclasses.
src/entities/spl/lib/parser/grammar/rules/commands/field-creators.ts(56,16): error TS2445: Property 'AT_LEAST_ONE_SEP' is protected and only accessible within class 'BaseParser' and its subclasses.
src/entities/spl/lib/parser/grammar/rules/commands/field-creators.ts(58,29): error TS2445: Property 'SUBRULE' is protected and only accessible within class 'CstParser' and its subclasses.
src/entities/spl/lib/parser/grammar/rules/commands/field-creators.ts(58,37): error TS2345: Argument of type 'ParserMethod<[], unknown>' is not assignable to parameter of type 'ParserMethod<[], CstNode>'.
  Type 'unknown' is not assignable to type 'CstNode'.
src/entities/spl/lib/parser/grammar/rules/commands/field-creators.ts(61,14): error TS2445: Property 'CONSUME' is protected and only accessible within class 'BaseParser' and its subclasses.
src/entities/spl/lib/parser/grammar/rules/commands/field-creators.ts(63,12): error TS2445: Property 'OPTION3' is protected and only accessible within class 'BaseParser' and its subclasses.
src/entities/spl/lib/parser/grammar/rules/commands/field-creators.ts(64,14): error TS2445: Property 'CONSUME' is protected and only accessible within class 'BaseParser' and its subclasses.
src/entities/spl/lib/parser/grammar/rules/commands/field-creators.ts(65,14): error TS2445: Property 'CONSUME2' is protected and only accessible within class 'BaseParser' and its subclasses.
src/entities/spl/lib/parser/grammar/rules/commands/field-creators.ts(67,12): error TS2445: Property 'OPTION4' is protected and only accessible within class 'BaseParser' and its subclasses.
src/entities/spl/lib/parser/grammar/rules/commands/field-creators.ts(67,33): error TS2445: Property 'CONSUME' is protected and only accessible within class 'BaseParser' and its subclasses.
src/entities/spl/lib/parser/grammar/rules/commands/field-creators.ts(70,34): error TS2445: Property 'RULE' is protected and only accessible within class 'CstParser' and its subclasses.
src/entities/spl/lib/parser/grammar/rules/commands/field-creators.ts(71,12): error TS2445: Property 'OR' is protected and only accessible within class 'BaseParser' and its subclasses.
src/entities/spl/lib/parser/grammar/rules/commands/field-creators.ts(72,27): error TS2445: Property 'SUBRULE' is protected and only accessible within class 'CstParser' and its subclasses.
src/entities/spl/lib/parser/grammar/rules/commands/field-creators.ts(72,35): error TS2345: Argument of type 'ParserMethod<[], unknown>' is not assignable to parameter of type 'ParserMethod<[], CstNode>'.
  Type 'unknown' is not assignable to type 'CstNode'.
src/entities/spl/lib/parser/grammar/rules/commands/field-creators.ts(73,27): error TS2445: Property 'CONSUME' is protected and only accessible within class 'BaseParser' and its subclasses.
src/entities/spl/lib/parser/grammar/rules/commands/field-creators.ts(74,27): error TS2445: Property 'CONSUME' is protected and only accessible within class 'BaseParser' and its subclasses.
src/entities/spl/lib/parser/grammar/rules/commands/field-creators.ts(81,33): error TS2445: Property 'RULE' is protected and only accessible within class 'CstParser' and its subclasses.
src/entities/spl/lib/parser/grammar/rules/commands/field-creators.ts(82,12): error TS2445: Property 'CONSUME' is protected and only accessible within class 'BaseParser' and its subclasses.
src/entities/spl/lib/parser/grammar/rules/commands/field-creators.ts(83,12): error TS2445: Property 'AT_LEAST_ONE_SEP' is protected and only accessible within class 'BaseParser' and its subclasses.
src/entities/spl/lib/parser/grammar/rules/commands/field-creators.ts(85,25): error TS2445: Property 'SUBRULE' is protected and only accessible within class 'CstParser' and its subclasses.
src/entities/spl/lib/parser/grammar/rules/commands/field-creators.ts(85,33): error TS2345: Argument of type 'ParserMethod<[], unknown>' is not assignable to parameter of type 'ParserMethod<[], CstNode>'.
  Type 'unknown' is not assignable to type 'CstNode'.
src/entities/spl/lib/parser/grammar/rules/commands/field-creators.ts(89,32): error TS2445: Property 'RULE' is protected and only accessible within class 'CstParser' and its subclasses.
src/entities/spl/lib/parser/grammar/rules/commands/field-creators.ts(90,12): error TS2445: Property 'SUBRULE' is protected and only accessible within class 'CstParser' and its subclasses.
src/entities/spl/lib/parser/grammar/rules/commands/field-creators.ts(90,20): error TS2345: Argument of type 'ParserMethod<[], unknown>' is not assignable to parameter of type 'ParserMethod<[], CstNode>'.
  Type 'unknown' is not assignable to type 'CstNode'.
src/entities/spl/lib/parser/grammar/rules/commands/field-creators.ts(91,12): error TS2445: Property 'CONSUME' is protected and only accessible within class 'BaseParser' and its subclasses.
src/entities/spl/lib/parser/grammar/rules/commands/field-creators.ts(92,12): error TS2445: Property 'SUBRULE2' is protected and only accessible within class 'CstParser' and its subclasses.
src/entities/spl/lib/parser/grammar/rules/commands/field-creators.ts(92,21): error TS2345: Argument of type 'ParserMethod<[], unknown>' is not assignable to parameter of type 'ParserMethod<[], CstNode>'.
  Type 'unknown' is not assignable to type 'CstNode'.
src/entities/spl/lib/parser/grammar/rules/commands/field-creators.ts(99,30): error TS2445: Property 'RULE' is protected and only accessible within class 'CstParser' and its subclasses.
src/entities/spl/lib/parser/grammar/rules/commands/field-creators.ts(100,12): error TS2445: Property 'CONSUME' is protected and only accessible within class 'BaseParser' and its subclasses.
src/entities/spl/lib/parser/grammar/rules/commands/field-creators.ts(101,12): error TS2445: Property 'MANY' is protected and only accessible within class 'BaseParser' and its subclasses.
src/entities/spl/lib/parser/grammar/rules/commands/field-creators.ts(102,14): error TS2445: Property 'OR' is protected and only accessible within class 'BaseParser' and its subclasses.
src/entities/spl/lib/parser/grammar/rules/commands/field-creators.ts(106,20): error TS2445: Property 'CONSUME' is protected and only accessible within class 'BaseParser' and its subclasses.
src/entities/spl/lib/parser/grammar/rules/commands/field-creators.ts(107,20): error TS2445: Property 'CONSUME' is protected and only accessible within class 'BaseParser' and its subclasses.
src/entities/spl/lib/parser/grammar/rules/commands/field-creators.ts(108,20): error TS2445: Property 'CONSUME' is protected and only accessible within class 'BaseParser' and its subclasses.
src/entities/spl/lib/parser/grammar/rules/commands/field-creators.ts(114,20): error TS2445: Property 'CONSUME2' is protected and only accessible within class 'BaseParser' and its subclasses.
src/entities/spl/lib/parser/grammar/rules/commands/field-creators.ts(115,20): error TS2445: Property 'CONSUME2' is protected and only accessible within class 'BaseParser' and its subclasses.
src/entities/spl/lib/parser/grammar/rules/commands/field-creators.ts(116,20): error TS2445: Property 'OR2' is protected and only accessible within class 'BaseParser' and its subclasses.
src/entities/spl/lib/parser/grammar/rules/commands/field-creators.ts(117,35): error TS2445: Property 'CONSUME3' is protected and only accessible within class 'BaseParser' and its subclasses.
src/entities/spl/lib/parser/grammar/rules/commands/field-creators.ts(118,35): error TS2445: Property 'CONSUME' is protected and only accessible within class 'BaseParser' and its subclasses.
src/entities/spl/lib/parser/grammar/rules/commands/field-creators.ts(119,35): error TS2445: Property 'CONSUME' is protected and only accessible within class 'BaseParser' and its subclasses.
src/entities/spl/lib/parser/grammar/rules/commands/field-creators.ts(125,12): error TS2445: Property 'CONSUME2' is protected and only accessible within class 'BaseParser' and its subclasses.
src/entities/spl/lib/parser/grammar/rules/commands/field-creators.ts(131,33): error TS2445: Property 'RULE' is protected and only accessible within class 'CstParser' and its subclasses.
src/entities/spl/lib/parser/grammar/rules/commands/field-creators.ts(132,12): error TS2445: Property 'CONSUME' is protected and only accessible within class 'BaseParser' and its subclasses.
src/entities/spl/lib/parser/grammar/rules/commands/field-creators.ts(133,12): error TS2445: Property 'CONSUME' is protected and only accessible within class 'BaseParser' and its subclasses.
src/entities/spl/lib/parser/grammar/rules/commands/field-creators.ts(134,12): error TS2445: Property 'AT_LEAST_ONE' is protected and only accessible within class 'BaseParser' and its subclasses.
src/entities/spl/lib/parser/grammar/rules/commands/field-creators.ts(134,38): error TS2445: Property 'SUBRULE' is protected and only accessible within class 'CstParser' and its subclasses.
src/entities/spl/lib/parser/grammar/rules/commands/field-creators.ts(134,46): error TS2345: Argument of type 'ParserMethod<[], unknown>' is not assignable to parameter of type 'ParserMethod<[], CstNode>'.
  Type 'unknown' is not assignable to type 'CstNode'.
src/entities/spl/lib/parser/grammar/rules/commands/field-creators.ts(135,12): error TS2445: Property 'OPTION' is protected and only accessible within class 'BaseParser' and its subclasses.
src/entities/spl/lib/parser/grammar/rules/commands/field-creators.ts(136,14): error TS2445: Property 'OR' is protected and only accessible within class 'BaseParser' and its subclasses.
src/entities/spl/lib/parser/grammar/rules/commands/field-creators.ts(137,29): error TS2445: Property 'CONSUME' is protected and only accessible within class 'BaseParser' and its subclasses.
src/entities/spl/lib/parser/grammar/rules/commands/field-creators.ts(138,29): error TS2445: Property 'CONSUME' is protected and only accessible within class 'BaseParser' and its subclasses.
src/entities/spl/lib/parser/grammar/rules/commands/field-creators.ts(140,14): error TS2445: Property 'AT_LEAST_ONE2' is protected and only accessible within class 'BaseParser' and its subclasses.
src/entities/spl/lib/parser/grammar/rules/commands/field-creators.ts(140,41): error TS2445: Property 'SUBRULE2' is protected and only accessible within class 'CstParser' and its subclasses.
src/entities/spl/lib/parser/grammar/rules/commands/field-creators.ts(140,50): error TS2345: Argument of type 'ParserMethod<[], unknown>' is not assignable to parameter of type 'ParserMethod<[], CstNode>'.
  Type 'unknown' is not assignable to type 'CstNode'.
src/entities/spl/lib/parser/grammar/rules/commands/field-creators.ts(144,32): error TS2445: Property 'RULE' is protected and only accessible within class 'CstParser' and its subclasses.
src/entities/spl/lib/parser/grammar/rules/commands/field-creators.ts(145,12): error TS2445: Property 'CONSUME' is protected and only accessible within class 'BaseParser' and its subclasses.
src/entities/spl/lib/parser/grammar/rules/commands/field-creators.ts(146,12): error TS2445: Property 'OPTION' is protected and only accessible within class 'BaseParser' and its subclasses.
src/entities/spl/lib/parser/grammar/rules/commands/field-creators.ts(147,14): error TS2445: Property 'CONSUME' is protected and only accessible within class 'BaseParser' and its subclasses.
src/entities/spl/lib/parser/grammar/rules/commands/field-creators.ts(148,14): error TS2445: Property 'CONSUME2' is protected and only accessible within class 'BaseParser' and its subclasses.
src/entities/spl/lib/parser/grammar/rules/commands/field-creators.ts(150,12): error TS2445: Property 'OPTION2' is protected and only accessible within class 'BaseParser' and its subclasses.
src/entities/spl/lib/parser/grammar/rules/commands/field-creators.ts(150,33): error TS2445: Property 'CONSUME' is protected and only accessible within class 'BaseParser' and its subclasses.
src/entities/spl/lib/parser/grammar/rules/commands/field-creators.ts(157,38): error TS2445: Property 'RULE' is protected and only accessible within class 'CstParser' and its subclasses.
src/entities/spl/lib/parser/grammar/rules/commands/field-creators.ts(158,12): error TS2445: Property 'CONSUME' is protected and only accessible within class 'BaseParser' and its subclasses.
src/entities/spl/lib/parser/grammar/rules/commands/field-creators.ts(159,12): error TS2445: Property 'MANY' is protected and only accessible within class 'BaseParser' and its subclasses.
src/entities/spl/lib/parser/grammar/rules/commands/field-creators.ts(160,14): error TS2445: Property 'OR' is protected and only accessible within class 'BaseParser' and its subclasses.
src/entities/spl/lib/parser/grammar/rules/commands/field-creators.ts(164,20): error TS2445: Property 'CONSUME' is protected and only accessible within class 'BaseParser' and its subclasses.
src/entities/spl/lib/parser/grammar/rules/commands/field-creators.ts(165,20): error TS2445: Property 'CONSUME' is protected and only accessible within class 'BaseParser' and its subclasses.
src/entities/spl/lib/parser/grammar/rules/commands/field-creators.ts(166,20): error TS2445: Property 'OR2' is protected and only accessible within class 'BaseParser' and its subclasses.
src/entities/spl/lib/parser/grammar/rules/commands/field-creators.ts(167,35): error TS2445: Property 'CONSUME' is protected and only accessible within class 'BaseParser' and its subclasses.
src/entities/spl/lib/parser/grammar/rules/commands/field-creators.ts(168,35): error TS2445: Property 'CONSUME' is protected and only accessible within class 'BaseParser' and its subclasses.
src/entities/spl/lib/parser/grammar/rules/commands/field-creators.ts(175,20): error TS2445: Property 'CONSUME' is protected and only accessible within class 'BaseParser' and its subclasses.
src/entities/spl/lib/parser/grammar/rules/commands/field-creators.ts(176,20): error TS2445: Property 'CONSUME2' is protected and only accessible within class 'BaseParser' and its subclasses.
src/entities/spl/lib/parser/grammar/rules/commands/field-creators.ts(177,20): error TS2445: Property 'OR3' is protected and only accessible within class 'BaseParser' and its subclasses.
src/entities/spl/lib/parser/grammar/rules/commands/field-creators.ts(178,35): error TS2445: Property 'CONSUME2' is protected and only accessible within class 'BaseParser' and its subclasses.
src/entities/spl/lib/parser/grammar/rules/commands/field-creators.ts(179,35): error TS2445: Property 'CONSUME2' is protected and only accessible within class 'BaseParser' and its subclasses.
src/entities/spl/lib/parser/grammar/rules/commands/field-creators.ts(180,35): error TS2445: Property 'CONSUME2' is protected and only accessible within class 'BaseParser' and its subclasses.
src/entities/spl/lib/parser/grammar/rules/commands/field-creators.ts(186,12): error TS2445: Property 'CONSUME3' is protected and only accessible within class 'BaseParser' and its subclasses.
src/entities/spl/lib/parser/grammar/rules/commands/field-creators.ts(192,32): error TS2445: Property 'RULE' is protected and only accessible within class 'CstParser' and its subclasses.
src/entities/spl/lib/parser/grammar/rules/commands/field-creators.ts(193,12): error TS2445: Property 'CONSUME' is protected and only accessible within class 'BaseParser' and its subclasses.
src/entities/spl/lib/parser/grammar/rules/commands/field-creators.ts(194,12): error TS2445: Property 'MANY' is protected and only accessible within class 'BaseParser' and its subclasses.
src/entities/spl/lib/parser/grammar/rules/commands/field-creators.ts(195,14): error TS2445: Property 'CONSUME' is protected and only accessible within class 'BaseParser' and its subclasses.
src/entities/spl/lib/parser/grammar/rules/commands/field-creators.ts(196,14): error TS2445: Property 'CONSUME' is protected and only accessible within class 'BaseParser' and its subclasses.
src/entities/spl/lib/parser/grammar/rules/commands/field-creators.ts(197,14): error TS2445: Property 'OR' is protected and only accessible within class 'BaseParser' and its subclasses.
src/entities/spl/lib/parser/grammar/rules/commands/field-creators.ts(198,29): error TS2445: Property 'CONSUME' is protected and only accessible within class 'BaseParser' and its subclasses.
src/entities/spl/lib/parser/grammar/rules/commands/field-creators.ts(199,29): error TS2445: Property 'CONSUME2' is protected and only accessible within class 'BaseParser' and its subclasses.
src/entities/spl/lib/parser/grammar/rules/commands/field-creators.ts(207,36): error TS2445: Property 'RULE' is protected and only accessible within class 'CstParser' and its subclasses.
src/entities/spl/lib/parser/grammar/rules/commands/field-creators.ts(208,12): error TS2445: Property 'CONSUME' is protected and only accessible within class 'BaseParser' and its subclasses.
src/entities/spl/lib/parser/grammar/rules/commands/field-creators.ts(209,12): error TS2445: Property 'MANY' is protected and only accessible within class 'BaseParser' and its subclasses.
src/entities/spl/lib/parser/grammar/rules/commands/field-creators.ts(210,14): error TS2445: Property 'CONSUME' is protected and only accessible within class 'BaseParser' and its subclasses.
src/entities/spl/lib/parser/grammar/rules/commands/field-creators.ts(211,14): error TS2445: Property 'CONSUME' is protected and only accessible within class 'BaseParser' and its subclasses.
src/entities/spl/lib/parser/grammar/rules/commands/field-creators.ts(212,14): error TS2445: Property 'OR' is protected and only accessible within class 'BaseParser' and its subclasses.
src/entities/spl/lib/parser/grammar/rules/commands/field-creators.ts(213,29): error TS2445: Property 'CONSUME' is protected and only accessible within class 'BaseParser' and its subclasses.
src/entities/spl/lib/parser/grammar/rules/commands/field-creators.ts(214,29): error TS2445: Property 'CONSUME' is protected and only accessible within class 'BaseParser' and its subclasses.
src/entities/spl/lib/parser/grammar/rules/commands/field-creators.ts(215,29): error TS2445: Property 'CONSUME' is protected and only accessible within class 'BaseParser' and its subclasses.
src/entities/spl/lib/parser/grammar/rules/commands/field-creators.ts(216,29): error TS2445: Property 'CONSUME2' is protected and only accessible within class 'BaseParser' and its subclasses.
src/entities/spl/lib/parser/grammar/rules/commands/field-creators.ts(219,12): error TS2445: Property 'OPTION' is protected and only accessible within class 'BaseParser' and its subclasses.
src/entities/spl/lib/parser/grammar/rules/commands/field-creators.ts(219,32): error TS2445: Property 'SUBRULE' is protected and only accessible within class 'CstParser' and its subclasses.
src/entities/spl/lib/parser/grammar/rules/commands/field-creators.ts(219,40): error TS2345: Argument of type 'ParserMethod<[], unknown>' is not assignable to parameter of type 'ParserMethod<[], CstNode>'.
  Type 'unknown' is not assignable to type 'CstNode'.
src/entities/spl/lib/parser/grammar/rules/commands/field-creators.ts(227,30): error TS2445: Property 'RULE' is protected and only accessible within class 'CstParser' and its subclasses.
src/entities/spl/lib/parser/grammar/rules/commands/field-creators.ts(228,12): error TS2445: Property 'CONSUME' is protected and only accessible within class 'BaseParser' and its subclasses.
src/entities/spl/lib/parser/grammar/rules/commands/field-creators.ts(229,12): error TS2445: Property 'OPTION' is protected and only accessible within class 'BaseParser' and its subclasses.
src/entities/spl/lib/parser/grammar/rules/commands/field-creators.ts(229,32): error TS2445: Property 'CONSUME' is protected and only accessible within class 'BaseParser' and its subclasses.
src/entities/spl/lib/parser/grammar/rules/commands/field-creators.ts(230,12): error TS2445: Property 'MANY' is protected and only accessible within class 'BaseParser' and its subclasses.
src/entities/spl/lib/parser/grammar/rules/commands/field-creators.ts(231,14): error TS2445: Property 'CONSUME' is protected and only accessible within class 'BaseParser' and its subclasses.
src/entities/spl/lib/parser/grammar/rules/commands/field-creators.ts(232,14): error TS2445: Property 'CONSUME' is protected and only accessible within class 'BaseParser' and its subclasses.
src/entities/spl/lib/parser/grammar/rules/commands/field-creators.ts(233,14): error TS2445: Property 'OR' is protected and only accessible within class 'BaseParser' and its subclasses.
src/entities/spl/lib/parser/grammar/rules/commands/field-creators.ts(234,29): error TS2445: Property 'CONSUME' is protected and only accessible within class 'BaseParser' and its subclasses.
src/entities/spl/lib/parser/grammar/rules/commands/field-creators.ts(235,29): error TS2445: Property 'CONSUME' is protected and only accessible within class 'BaseParser' and its subclasses.
src/entities/spl/lib/parser/grammar/rules/commands/field-creators.ts(236,29): error TS2445: Property 'CONSUME' is protected and only accessible within class 'BaseParser' and its subclasses.
src/entities/spl/lib/parser/grammar/rules/commands/field-creators.ts(237,29): error TS2445: Property 'CONSUME2' is protected and only accessible within class 'BaseParser' and its subclasses.
src/entities/spl/lib/parser/grammar/rules/commands/field-creators.ts(238,29): error TS2445: Property 'CONSUME2' is protected and only accessible within class 'BaseParser' and its subclasses.
src/entities/spl/lib/parser/grammar/rules/commands/field-creators.ts(241,12): error TS2445: Property 'SUBRULE' is protected and only accessible within class 'CstParser' and its subclasses.
src/entities/spl/lib/parser/grammar/rules/commands/field-creators.ts(241,20): error TS2345: Argument of type 'ParserMethod<[], unknown>' is not assignable to parameter of type 'ParserMethod<[], CstNode>'.
  Type 'unknown' is not assignable to type 'CstNode'.
src/entities/spl/lib/parser/grammar/rules/commands/field-creators.ts(242,12): error TS2445: Property 'OPTION2' is protected and only accessible within class 'BaseParser' and its subclasses.
src/entities/spl/lib/parser/grammar/rules/commands/field-creators.ts(243,14): error TS2445: Property 'CONSUME' is protected and only accessible within class 'BaseParser' and its subclasses.
src/entities/spl/lib/parser/grammar/rules/commands/field-creators.ts(244,14): error TS2445: Property 'SUBRULE2' is protected and only accessible within class 'CstParser' and its subclasses.
src/entities/spl/lib/parser/grammar/rules/commands/field-creators.ts(244,23): error TS2345: Argument of type 'ParserMethod<[], unknown>' is not assignable to parameter of type 'ParserMethod<[], CstNode>'.
  Type 'unknown' is not assignable to type 'CstNode'.
src/entities/spl/lib/parser/grammar/rules/commands/field-creators.ts(252,31): error TS2445: Property 'RULE' is protected and only accessible within class 'CstParser' and its subclasses.
src/entities/spl/lib/parser/grammar/rules/commands/field-creators.ts(253,12): error TS2445: Property 'CONSUME' is protected and only accessible within class 'BaseParser' and its subclasses.
src/entities/spl/lib/parser/grammar/rules/commands/field-creators.ts(254,12): error TS2445: Property 'OPTION' is protected and only accessible within class 'BaseParser' and its subclasses.
src/entities/spl/lib/parser/grammar/rules/commands/field-creators.ts(254,32): error TS2445: Property 'CONSUME' is protected and only accessible within class 'BaseParser' and its subclasses.
src/entities/spl/lib/parser/grammar/rules/commands/field-creators.ts(255,12): error TS2445: Property 'MANY' is protected and only accessible within class 'BaseParser' and its subclasses.
src/entities/spl/lib/parser/grammar/rules/commands/field-creators.ts(256,14): error TS2445: Property 'CONSUME' is protected and only accessible within class 'BaseParser' and its subclasses.
src/entities/spl/lib/parser/grammar/rules/commands/field-creators.ts(257,14): error TS2445: Property 'CONSUME' is protected and only accessible within class 'BaseParser' and its subclasses.
src/entities/spl/lib/parser/grammar/rules/commands/field-creators.ts(258,14): error TS2445: Property 'OR' is protected and only accessible within class 'BaseParser' and its subclasses.
src/entities/spl/lib/parser/grammar/rules/commands/field-creators.ts(259,29): error TS2445: Property 'CONSUME' is protected and only accessible within class 'BaseParser' and its subclasses.
src/entities/spl/lib/parser/grammar/rules/commands/field-creators.ts(260,29): error TS2445: Property 'CONSUME' is protected and only accessible within class 'BaseParser' and its subclasses.
src/entities/spl/lib/parser/grammar/rules/commands/field-creators.ts(261,29): error TS2445: Property 'CONSUME' is protected and only accessible within class 'BaseParser' and its subclasses.
src/entities/spl/lib/parser/grammar/rules/commands/field-creators.ts(262,29): error TS2445: Property 'CONSUME2' is protected and only accessible within class 'BaseParser' and its subclasses.
src/entities/spl/lib/parser/grammar/rules/commands/field-creators.ts(263,29): error TS2445: Property 'CONSUME2' is protected and only accessible within class 'BaseParser' and its subclasses.
src/entities/spl/lib/parser/grammar/rules/commands/field-creators.ts(266,12): error TS2445: Property 'SUBRULE' is protected and only accessible within class 'CstParser' and its subclasses.
src/entities/spl/lib/parser/grammar/rules/commands/field-creators.ts(266,20): error TS2345: Argument of type 'ParserMethod<[], unknown>' is not assignable to parameter of type 'ParserMethod<[], CstNode>'.
  Type 'unknown' is not assignable to type 'CstNode'.
src/entities/spl/lib/parser/grammar/rules/commands/field-creators.ts(267,12): error TS2445: Property 'OPTION2' is protected and only accessible within class 'BaseParser' and its subclasses.
src/entities/spl/lib/parser/grammar/rules/commands/field-creators.ts(268,14): error TS2445: Property 'CONSUME' is protected and only accessible within class 'BaseParser' and its subclasses.
src/entities/spl/lib/parser/grammar/rules/commands/field-creators.ts(269,14): error TS2445: Property 'SUBRULE2' is protected and only accessible within class 'CstParser' and its subclasses.
src/entities/spl/lib/parser/grammar/rules/commands/field-creators.ts(269,23): error TS2345: Argument of type 'ParserMethod<[], unknown>' is not assignable to parameter of type 'ParserMethod<[], CstNode>'.
  Type 'unknown' is not assignable to type 'CstNode'.
src/entities/spl/lib/parser/grammar/rules/commands/field-filters.ts(16,33): error TS2445: Property 'RULE' is protected and only accessible within class 'CstParser' and its subclasses.
src/entities/spl/lib/parser/grammar/rules/commands/field-filters.ts(17,12): error TS2445: Property 'CONSUME' is protected and only accessible within class 'BaseParser' and its subclasses.
src/entities/spl/lib/parser/grammar/rules/commands/field-filters.ts(18,12): error TS2445: Property 'SUBRULE' is protected and only accessible within class 'CstParser' and its subclasses.
src/entities/spl/lib/parser/grammar/rules/commands/field-filters.ts(18,20): error TS2345: Argument of type 'ParserMethod<[], unknown>' is not assignable to parameter of type 'ParserMethod<[], CstNode>'.
  Type 'unknown' is not assignable to type 'CstNode'.
src/entities/spl/lib/parser/grammar/rules/commands/field-filters.ts(24,32): error TS2445: Property 'RULE' is protected and only accessible within class 'CstParser' and its subclasses.
src/entities/spl/lib/parser/grammar/rules/commands/field-filters.ts(25,12): error TS2445: Property 'CONSUME' is protected and only accessible within class 'BaseParser' and its subclasses.
src/entities/spl/lib/parser/grammar/rules/commands/field-filters.ts(26,12): error TS2445: Property 'SUBRULE' is protected and only accessible within class 'CstParser' and its subclasses.
src/entities/spl/lib/parser/grammar/rules/commands/field-filters.ts(26,20): error TS2345: Argument of type 'ParserMethod<[], unknown>' is not assignable to parameter of type 'ParserMethod<[], CstNode>'.
  Type 'unknown' is not assignable to type 'CstNode'.
src/entities/spl/lib/parser/grammar/rules/commands/field-filters.ts(32,33): error TS2445: Property 'RULE' is protected and only accessible within class 'CstParser' and its subclasses.
src/entities/spl/lib/parser/grammar/rules/commands/field-filters.ts(33,12): error TS2445: Property 'CONSUME' is protected and only accessible within class 'BaseParser' and its subclasses.
src/entities/spl/lib/parser/grammar/rules/commands/field-filters.ts(34,12): error TS2445: Property 'OPTION' is protected and only accessible within class 'BaseParser' and its subclasses.
src/entities/spl/lib/parser/grammar/rules/commands/field-filters.ts(35,14): error TS2445: Property 'OR' is protected and only accessible within class 'BaseParser' and its subclasses.
src/entities/spl/lib/parser/grammar/rules/commands/field-filters.ts(36,29): error TS2445: Property 'CONSUME' is protected and only accessible within class 'BaseParser' and its subclasses.
src/entities/spl/lib/parser/grammar/rules/commands/field-filters.ts(37,29): error TS2445: Property 'CONSUME' is protected and only accessible within class 'BaseParser' and its subclasses.
src/entities/spl/lib/parser/grammar/rules/commands/field-filters.ts(40,12): error TS2445: Property 'SUBRULE' is protected and only accessible within class 'CstParser' and its subclasses.
src/entities/spl/lib/parser/grammar/rules/commands/field-filters.ts(40,20): error TS2345: Argument of type 'ParserMethod<[], unknown>' is not assignable to parameter of type 'ParserMethod<[], CstNode>'.
  Type 'unknown' is not assignable to type 'CstNode'.
src/entities/spl/lib/parser/grammar/rules/commands/field-filters.ts(46,32): error TS2445: Property 'RULE' is protected and only accessible within class 'CstParser' and its subclasses.
src/entities/spl/lib/parser/grammar/rules/commands/field-filters.ts(47,12): error TS2445: Property 'CONSUME' is protected and only accessible within class 'BaseParser' and its subclasses.
src/entities/spl/lib/parser/grammar/rules/commands/field-filters.ts(48,12): error TS2445: Property 'OPTION' is protected and only accessible within class 'BaseParser' and its subclasses.
src/entities/spl/lib/parser/grammar/rules/commands/field-filters.ts(48,32): error TS2445: Property 'CONSUME' is protected and only accessible within class 'BaseParser' and its subclasses.
src/entities/spl/lib/parser/grammar/rules/commands/field-filters.ts(49,12): error TS2445: Property 'SUBRULE' is protected and only accessible within class 'CstParser' and its subclasses.
src/entities/spl/lib/parser/grammar/rules/commands/field-filters.ts(49,20): error TS2345: Argument of type 'ParserMethod<[], unknown>' is not assignable to parameter of type 'ParserMethod<[], CstNode>'.
  Type 'unknown' is not assignable to type 'CstNode'.
src/entities/spl/lib/parser/grammar/rules/commands/field-filters.ts(56,31): error TS2445: Property 'RULE' is protected and only accessible within class 'CstParser' and its subclasses.
src/entities/spl/lib/parser/grammar/rules/commands/field-filters.ts(57,12): error TS2445: Property 'CONSUME' is protected and only accessible within class 'BaseParser' and its subclasses.
src/entities/spl/lib/parser/grammar/rules/commands/field-filters.ts(58,12): error TS2445: Property 'OPTION' is protected and only accessible within class 'BaseParser' and its subclasses.
src/entities/spl/lib/parser/grammar/rules/commands/field-filters.ts(58,32): error TS2445: Property 'CONSUME' is protected and only accessible within class 'BaseParser' and its subclasses.
src/entities/spl/lib/parser/grammar/rules/commands/field-filters.ts(59,12): error TS2445: Property 'AT_LEAST_ONE' is protected and only accessible within class 'BaseParser' and its subclasses.
src/entities/spl/lib/parser/grammar/rules/commands/field-filters.ts(59,38): error TS2445: Property 'SUBRULE' is protected and only accessible within class 'CstParser' and its subclasses.
src/entities/spl/lib/parser/grammar/rules/commands/field-filters.ts(59,46): error TS2345: Argument of type 'ParserMethod<[], unknown>' is not assignable to parameter of type 'ParserMethod<[], CstNode>'.
  Type 'unknown' is not assignable to type 'CstNode'.
src/entities/spl/lib/parser/grammar/rules/commands/field-filters.ts(62,29): error TS2445: Property 'RULE' is protected and only accessible within class 'CstParser' and its subclasses.
src/entities/spl/lib/parser/grammar/rules/commands/field-filters.ts(63,12): error TS2445: Property 'OPTION' is protected and only accessible within class 'BaseParser' and its subclasses.
src/entities/spl/lib/parser/grammar/rules/commands/field-filters.ts(64,14): error TS2445: Property 'OR' is protected and only accessible within class 'BaseParser' and its subclasses.
src/entities/spl/lib/parser/grammar/rules/commands/field-filters.ts(65,29): error TS2445: Property 'CONSUME' is protected and only accessible within class 'BaseParser' and its subclasses.
src/entities/spl/lib/parser/grammar/rules/commands/field-filters.ts(66,29): error TS2445: Property 'CONSUME' is protected and only accessible within class 'BaseParser' and its subclasses.
src/entities/spl/lib/parser/grammar/rules/commands/field-filters.ts(69,12): error TS2445: Property 'SUBRULE' is protected and only accessible within class 'CstParser' and its subclasses.
src/entities/spl/lib/parser/grammar/rules/commands/field-filters.ts(69,20): error TS2345: Argument of type 'ParserMethod<[], unknown>' is not assignable to parameter of type 'ParserMethod<[], CstNode>'.
  Type 'unknown' is not assignable to type 'CstNode'.
src/entities/spl/lib/parser/grammar/rules/commands/field-filters.ts(70,12): error TS2445: Property 'OPTION2' is protected and only accessible within class 'BaseParser' and its subclasses.
src/entities/spl/lib/parser/grammar/rules/commands/field-filters.ts(70,33): error TS2445: Property 'CONSUME' is protected and only accessible within class 'BaseParser' and its subclasses.
src/entities/spl/lib/parser/grammar/rules/commands/field-filters.ts(76,31): error TS2445: Property 'RULE' is protected and only accessible within class 'CstParser' and its subclasses.
src/entities/spl/lib/parser/grammar/rules/commands/field-filters.ts(77,12): error TS2445: Property 'CONSUME' is protected and only accessible within class 'BaseParser' and its subclasses.
src/entities/spl/lib/parser/grammar/rules/commands/field-filters.ts(78,12): error TS2445: Property 'OPTION' is protected and only accessible within class 'BaseParser' and its subclasses.
src/entities/spl/lib/parser/grammar/rules/commands/field-filters.ts(78,32): error TS2445: Property 'CONSUME' is protected and only accessible within class 'BaseParser' and its subclasses.
src/entities/spl/lib/parser/grammar/rules/commands/field-filters.ts(79,12): error TS2445: Property 'MANY' is protected and only accessible within class 'BaseParser' and its subclasses.
src/entities/spl/lib/parser/grammar/rules/commands/field-filters.ts(80,14): error TS2445: Property 'CONSUME' is protected and only accessible within class 'BaseParser' and its subclasses.
src/entities/spl/lib/parser/grammar/rules/commands/field-filters.ts(81,14): error TS2445: Property 'CONSUME' is protected and only accessible within class 'BaseParser' and its subclasses.
src/entities/spl/lib/parser/grammar/rules/commands/field-filters.ts(82,14): error TS2445: Property 'OR' is protected and only accessible within class 'BaseParser' and its subclasses.
src/entities/spl/lib/parser/grammar/rules/commands/field-filters.ts(83,29): error TS2445: Property 'CONSUME' is protected and only accessible within class 'BaseParser' and its subclasses.
src/entities/spl/lib/parser/grammar/rules/commands/field-filters.ts(84,29): error TS2445: Property 'CONSUME' is protected and only accessible within class 'BaseParser' and its subclasses.
src/entities/spl/lib/parser/grammar/rules/commands/field-filters.ts(92,31): error TS2445: Property 'RULE' is protected and only accessible within class 'CstParser' and its subclasses.
src/entities/spl/lib/parser/grammar/rules/commands/field-filters.ts(93,12): error TS2445: Property 'CONSUME' is protected and only accessible within class 'BaseParser' and its subclasses.
src/entities/spl/lib/parser/grammar/rules/commands/field-filters.ts(94,12): error TS2445: Property 'OPTION' is protected and only accessible within class 'BaseParser' and its subclasses.
src/entities/spl/lib/parser/grammar/rules/commands/field-filters.ts(94,32): error TS2445: Property 'CONSUME' is protected and only accessible within class 'BaseParser' and its subclasses.
src/entities/spl/lib/parser/grammar/rules/commands/field-filters.ts(100,34): error TS2445: Property 'RULE' is protected and only accessible within class 'CstParser' and its subclasses.
src/entities/spl/lib/parser/grammar/rules/commands/field-filters.ts(101,12): error TS2445: Property 'CONSUME' is protected and only accessible within class 'BaseParser' and its subclasses.
src/entities/spl/lib/parser/grammar/rules/commands/field-filters.ts(108,32): error TS2445: Property 'RULE' is protected and only accessible within class 'CstParser' and its subclasses.
src/entities/spl/lib/parser/grammar/rules/commands/field-filters.ts(109,12): error TS2445: Property 'CONSUME' is protected and only accessible within class 'BaseParser' and its subclasses.
src/entities/spl/lib/parser/grammar/rules/commands/field-filters.ts(110,12): error TS2445: Property 'OPTION' is protected and only accessible within class 'BaseParser' and its subclasses.
src/entities/spl/lib/parser/grammar/rules/commands/field-filters.ts(111,14): error TS2445: Property 'CONSUME' is protected and only accessible within class 'BaseParser' and its subclasses.
src/entities/spl/lib/parser/grammar/rules/commands/field-filters.ts(112,14): error TS2445: Property 'OR' is protected and only accessible within class 'BaseParser' and its subclasses.
src/entities/spl/lib/parser/grammar/rules/commands/field-filters.ts(113,29): error TS2445: Property 'CONSUME' is protected and only accessible within class 'BaseParser' and its subclasses.
src/entities/spl/lib/parser/grammar/rules/commands/field-filters.ts(114,29): error TS2445: Property 'CONSUME' is protected and only accessible within class 'BaseParser' and its subclasses.
src/entities/spl/lib/parser/grammar/rules/commands/field-filters.ts(117,12): error TS2445: Property 'CONSUME' is protected and only accessible within class 'BaseParser' and its subclasses.
src/entities/spl/lib/parser/grammar/rules/commands/generic.ts(17,34): error TS2445: Property 'RULE' is protected and only accessible within class 'CstParser' and its subclasses.
src/entities/spl/lib/parser/grammar/rules/commands/generic.ts(18,12): error TS2445: Property 'CONSUME' is protected and only accessible within class 'BaseParser' and its subclasses.
src/entities/spl/lib/parser/grammar/rules/commands/generic.ts(19,12): error TS2445: Property 'MANY' is protected and only accessible within class 'BaseParser' and its subclasses.
src/entities/spl/lib/parser/grammar/rules/commands/generic.ts(20,14): error TS2445: Property 'OR' is protected and only accessible within class 'BaseParser' and its subclasses.
src/entities/spl/lib/parser/grammar/rules/commands/generic.ts(21,29): error TS2445: Property 'SUBRULE' is protected and only accessible within class 'CstParser' and its subclasses.
src/entities/spl/lib/parser/grammar/rules/commands/generic.ts(21,37): error TS2345: Argument of type 'ParserMethod<[], unknown>' is not assignable to parameter of type 'ParserMethod<[], CstNode>'.
  Type 'unknown' is not assignable to type 'CstNode'.
src/entities/spl/lib/parser/grammar/rules/commands/generic.ts(22,29): error TS2445: Property 'SUBRULE' is protected and only accessible within class 'CstParser' and its subclasses.
src/entities/spl/lib/parser/grammar/rules/commands/generic.ts(22,37): error TS2345: Argument of type 'ParserMethod<[], unknown>' is not assignable to parameter of type 'ParserMethod<[], CstNode>'.
  Type 'unknown' is not assignable to type 'CstNode'.
src/entities/spl/lib/parser/grammar/rules/commands/generic.ts(30,30): error TS2445: Property 'RULE' is protected and only accessible within class 'CstParser' and its subclasses.
src/entities/spl/lib/parser/grammar/rules/commands/generic.ts(31,12): error TS2445: Property 'OR' is protected and only accessible within class 'BaseParser' and its subclasses.
src/entities/spl/lib/parser/grammar/rules/commands/generic.ts(32,27): error TS2445: Property 'CONSUME' is protected and only accessible within class 'BaseParser' and its subclasses.
src/entities/spl/lib/parser/grammar/rules/commands/generic.ts(33,27): error TS2445: Property 'CONSUME' is protected and only accessible within class 'BaseParser' and its subclasses.
src/entities/spl/lib/parser/grammar/rules/commands/generic.ts(34,27): error TS2445: Property 'CONSUME' is protected and only accessible within class 'BaseParser' and its subclasses.
src/entities/spl/lib/parser/grammar/rules/commands/generic.ts(35,27): error TS2445: Property 'CONSUME' is protected and only accessible within class 'BaseParser' and its subclasses.
src/entities/spl/lib/parser/grammar/rules/commands/generic.ts(36,27): error TS2445: Property 'CONSUME' is protected and only accessible within class 'BaseParser' and its subclasses.
src/entities/spl/lib/parser/grammar/rules/commands/generic.ts(37,27): error TS2445: Property 'CONSUME' is protected and only accessible within class 'BaseParser' and its subclasses.
src/entities/spl/lib/parser/grammar/rules/commands/generic.ts(38,27): error TS2445: Property 'CONSUME' is protected and only accessible within class 'BaseParser' and its subclasses.
src/entities/spl/lib/parser/grammar/rules/commands/generic.ts(39,27): error TS2445: Property 'CONSUME' is protected and only accessible within class 'BaseParser' and its subclasses.
src/entities/spl/lib/parser/grammar/rules/commands/generic.ts(40,27): error TS2445: Property 'CONSUME' is protected and only accessible within class 'BaseParser' and its subclasses.
src/entities/spl/lib/parser/grammar/rules/commands/generic.ts(41,27): error TS2445: Property 'CONSUME' is protected and only accessible within class 'BaseParser' and its subclasses.
src/entities/spl/lib/parser/grammar/rules/commands/generic.ts(42,27): error TS2445: Property 'CONSUME' is protected and only accessible within class 'BaseParser' and its subclasses.
src/entities/spl/lib/parser/grammar/rules/commands/generic.ts(43,27): error TS2445: Property 'CONSUME' is protected and only accessible within class 'BaseParser' and its subclasses.
src/entities/spl/lib/parser/grammar/rules/commands/generic.ts(44,27): error TS2445: Property 'CONSUME' is protected and only accessible within class 'BaseParser' and its subclasses.
src/entities/spl/lib/parser/grammar/rules/commands/generic.ts(45,27): error TS2445: Property 'CONSUME' is protected and only accessible within class 'BaseParser' and its subclasses.
src/entities/spl/lib/parser/grammar/rules/commands/generic.ts(46,27): error TS2445: Property 'CONSUME' is protected and only accessible within class 'BaseParser' and its subclasses.
src/entities/spl/lib/parser/grammar/rules/commands/splitters.ts(17,29): error TS2445: Property 'RULE' is protected and only accessible within class 'CstParser' and its subclasses.
src/entities/spl/lib/parser/grammar/rules/commands/splitters.ts(18,12): error TS2445: Property 'CONSUME' is protected and only accessible within class 'BaseParser' and its subclasses.
src/entities/spl/lib/parser/grammar/rules/commands/splitters.ts(19,12): error TS2445: Property 'SUBRULE' is protected and only accessible within class 'CstParser' and its subclasses.
src/entities/spl/lib/parser/grammar/rules/commands/splitters.ts(19,20): error TS2345: Argument of type 'ParserMethod<[], unknown>' is not assignable to parameter of type 'ParserMethod<[], CstNode>'.
  Type 'unknown' is not assignable to type 'CstNode'.
src/entities/spl/lib/parser/grammar/rules/commands/splitters.ts(20,12): error TS2445: Property 'CONSUME' is protected and only accessible within class 'BaseParser' and its subclasses.
src/entities/spl/lib/parser/grammar/rules/commands/splitters.ts(26,33): error TS2445: Property 'RULE' is protected and only accessible within class 'CstParser' and its subclasses.
src/entities/spl/lib/parser/grammar/rules/commands/splitters.ts(27,12): error TS2445: Property 'CONSUME' is protected and only accessible within class 'BaseParser' and its subclasses.
src/entities/spl/lib/parser/grammar/rules/commands/splitters.ts(28,12): error TS2445: Property 'SUBRULE' is protected and only accessible within class 'CstParser' and its subclasses.
src/entities/spl/lib/parser/grammar/rules/commands/splitters.ts(28,20): error TS2345: Argument of type 'ParserMethod<[], unknown>' is not assignable to parameter of type 'ParserMethod<[], CstNode>'.
  Type 'unknown' is not assignable to type 'CstNode'.
src/entities/spl/lib/parser/grammar/rules/commands/splitters.ts(34,31): error TS2445: Property 'RULE' is protected and only accessible within class 'CstParser' and its subclasses.
src/entities/spl/lib/parser/grammar/rules/commands/splitters.ts(35,12): error TS2445: Property 'CONSUME' is protected and only accessible within class 'BaseParser' and its subclasses.
src/entities/spl/lib/parser/grammar/rules/commands/splitters.ts(36,12): error TS2445: Property 'MANY' is protected and only accessible within class 'BaseParser' and its subclasses.
src/entities/spl/lib/parser/grammar/rules/commands/splitters.ts(37,14): error TS2445: Property 'CONSUME' is protected and only accessible within class 'BaseParser' and its subclasses.
src/entities/spl/lib/parser/grammar/rules/commands/splitters.ts(38,14): error TS2445: Property 'CONSUME' is protected and only accessible within class 'BaseParser' and its subclasses.
src/entities/spl/lib/parser/grammar/rules/commands/splitters.ts(39,14): error TS2445: Property 'OR' is protected and only accessible within class 'BaseParser' and its subclasses.
src/entities/spl/lib/parser/grammar/rules/commands/splitters.ts(40,29): error TS2445: Property 'CONSUME' is protected and only accessible within class 'BaseParser' and its subclasses.
src/entities/spl/lib/parser/grammar/rules/commands/splitters.ts(41,29): error TS2445: Property 'CONSUME' is protected and only accessible within class 'BaseParser' and its subclasses.
src/entities/spl/lib/parser/grammar/rules/commands/splitters.ts(42,29): error TS2445: Property 'CONSUME' is protected and only accessible within class 'BaseParser' and its subclasses.
src/entities/spl/lib/parser/grammar/rules/commands/splitters.ts(43,29): error TS2445: Property 'CONSUME2' is protected and only accessible within class 'BaseParser' and its subclasses.
src/entities/spl/lib/parser/grammar/rules/commands/splitters.ts(46,12): error TS2445: Property 'OPTION' is protected and only accessible within class 'BaseParser' and its subclasses.
src/entities/spl/lib/parser/grammar/rules/commands/splitters.ts(46,32): error TS2445: Property 'SUBRULE' is protected and only accessible within class 'CstParser' and its subclasses.
src/entities/spl/lib/parser/grammar/rules/commands/splitters.ts(46,40): error TS2345: Argument of type 'ParserMethod<[], unknown>' is not assignable to parameter of type 'ParserMethod<[], CstNode>'.
  Type 'unknown' is not assignable to type 'CstNode'.
src/entities/spl/lib/parser/grammar/rules/commands/splitters.ts(47,12): error TS2445: Property 'SUBRULE' is protected and only accessible within class 'CstParser' and its subclasses.
src/entities/spl/lib/parser/grammar/rules/commands/splitters.ts(47,20): error TS2345: Argument of type 'ParserMethod<[], unknown>' is not assignable to parameter of type 'ParserMethod<[], CstNode>'.
  Type 'unknown' is not assignable to type 'CstNode'.
src/entities/spl/lib/parser/grammar/rules/commands/splitters.ts(54,34): error TS2445: Property 'RULE' is protected and only accessible within class 'CstParser' and its subclasses.
src/entities/spl/lib/parser/grammar/rules/commands/splitters.ts(55,12): error TS2445: Property 'CONSUME' is protected and only accessible within class 'BaseParser' and its subclasses.
src/entities/spl/lib/parser/grammar/rules/commands/splitters.ts(56,12): error TS2445: Property 'SUBRULE' is protected and only accessible within class 'CstParser' and its subclasses.
src/entities/spl/lib/parser/grammar/rules/commands/splitters.ts(56,20): error TS2345: Argument of type 'ParserMethod<[], unknown>' is not assignable to parameter of type 'ParserMethod<[], CstNode>'.
  Type 'unknown' is not assignable to type 'CstNode'.
src/entities/spl/lib/parser/grammar/rules/commands/splitters.ts(57,12): error TS2445: Property 'MANY' is protected and only accessible within class 'BaseParser' and its subclasses.
src/entities/spl/lib/parser/grammar/rules/commands/splitters.ts(58,14): error TS2445: Property 'CONSUME' is protected and only accessible within class 'BaseParser' and its subclasses.
src/entities/spl/lib/parser/grammar/rules/commands/splitters.ts(59,14): error TS2445: Property 'CONSUME' is protected and only accessible within class 'BaseParser' and its subclasses.
src/entities/spl/lib/parser/grammar/rules/commands/splitters.ts(60,14): error TS2445: Property 'CONSUME' is protected and only accessible within class 'BaseParser' and its subclasses.
src/entities/spl/lib/parser/grammar/rules/commands/splitters.ts(62,12): error TS2445: Property 'OPTION' is protected and only accessible within class 'BaseParser' and its subclasses.
src/entities/spl/lib/parser/grammar/rules/commands/splitters.ts(62,32): error TS2445: Property 'SUBRULE' is protected and only accessible within class 'CstParser' and its subclasses.
src/entities/spl/lib/parser/grammar/rules/commands/splitters.ts(62,40): error TS2345: Argument of type 'ParserMethod<[], unknown>' is not assignable to parameter of type 'ParserMethod<[], CstNode>'.
  Type 'unknown' is not assignable to type 'CstNode'.
src/entities/spl/lib/parser/grammar/rules/commands/splitters.ts(69,30): error TS2445: Property 'RULE' is protected and only accessible within class 'CstParser' and its subclasses.
src/entities/spl/lib/parser/grammar/rules/commands/splitters.ts(70,12): error TS2445: Property 'CONSUME' is protected and only accessible within class 'BaseParser' and its subclasses.
src/entities/spl/lib/parser/grammar/rules/commands/splitters.ts(71,12): error TS2445: Property 'MANY' is protected and only accessible within class 'BaseParser' and its subclasses.
src/entities/spl/lib/parser/grammar/rules/commands/splitters.ts(72,14): error TS2445: Property 'CONSUME' is protected and only accessible within class 'BaseParser' and its subclasses.
src/entities/spl/lib/parser/grammar/rules/commands/splitters.ts(73,14): error TS2445: Property 'CONSUME' is protected and only accessible within class 'BaseParser' and its subclasses.
src/entities/spl/lib/parser/grammar/rules/commands/splitters.ts(74,14): error TS2445: Property 'OR' is protected and only accessible within class 'BaseParser' and its subclasses.
src/entities/spl/lib/parser/grammar/rules/commands/splitters.ts(75,29): error TS2445: Property 'CONSUME' is protected and only accessible within class 'BaseParser' and its subclasses.
src/entities/spl/lib/parser/grammar/rules/commands/splitters.ts(76,29): error TS2445: Property 'CONSUME' is protected and only accessible within class 'BaseParser' and its subclasses.
src/entities/spl/lib/parser/grammar/rules/commands/splitters.ts(77,29): error TS2445: Property 'CONSUME2' is protected and only accessible within class 'BaseParser' and its subclasses.
src/entities/spl/lib/parser/grammar/rules/commands/splitters.ts(86,38): error TS2445: Property 'RULE' is protected and only accessible within class 'CstParser' and its subclasses.
src/entities/spl/lib/parser/grammar/rules/commands/splitters.ts(87,12): error TS2445: Property 'CONSUME' is protected and only accessible within class 'BaseParser' and its subclasses.
src/entities/spl/lib/parser/grammar/rules/commands/splitters.ts(88,12): error TS2445: Property 'MANY' is protected and only accessible within class 'BaseParser' and its subclasses.
src/entities/spl/lib/parser/grammar/rules/commands/splitters.ts(89,14): error TS2445: Property 'CONSUME' is protected and only accessible within class 'BaseParser' and its subclasses.
src/entities/spl/lib/parser/grammar/rules/commands/splitters.ts(90,14): error TS2445: Property 'CONSUME' is protected and only accessible within class 'BaseParser' and its subclasses.
src/entities/spl/lib/parser/grammar/rules/commands/splitters.ts(91,14): error TS2445: Property 'OR' is protected and only accessible within class 'BaseParser' and its subclasses.
src/entities/spl/lib/parser/grammar/rules/commands/splitters.ts(92,29): error TS2445: Property 'CONSUME' is protected and only accessible within class 'BaseParser' and its subclasses.
src/entities/spl/lib/parser/grammar/rules/commands/splitters.ts(93,29): error TS2445: Property 'CONSUME' is protected and only accessible within class 'BaseParser' and its subclasses.
src/entities/spl/lib/parser/grammar/rules/commands/splitters.ts(94,29): error TS2445: Property 'CONSUME' is protected and only accessible within class 'BaseParser' and its subclasses.
src/entities/spl/lib/parser/grammar/rules/commands/splitters.ts(95,29): error TS2445: Property 'CONSUME' is protected and only accessible within class 'BaseParser' and its subclasses.
src/entities/spl/lib/parser/grammar/rules/commands/splitters.ts(96,29): error TS2445: Property 'CONSUME2' is protected and only accessible within class 'BaseParser' and its subclasses.
src/entities/spl/lib/parser/grammar/rules/commands/splitters.ts(105,35): error TS2445: Property 'RULE' is protected and only accessible within class 'CstParser' and its subclasses.
src/entities/spl/lib/parser/grammar/rules/commands/splitters.ts(106,12): error TS2445: Property 'CONSUME' is protected and only accessible within class 'BaseParser' and its subclasses.
src/entities/spl/lib/parser/grammar/rules/commands/splitters.ts(107,12): error TS2445: Property 'AT_LEAST_ONE' is protected and only accessible within class 'BaseParser' and its subclasses.
src/entities/spl/lib/parser/grammar/rules/commands/splitters.ts(108,14): error TS2445: Property 'CONSUME' is protected and only accessible within class 'BaseParser' and its subclasses.
src/entities/spl/lib/parser/grammar/rules/commands/splitters.ts(109,14): error TS2445: Property 'CONSUME' is protected and only accessible within class 'BaseParser' and its subclasses.
src/entities/spl/lib/parser/grammar/rules/commands/splitters.ts(110,14): error TS2445: Property 'OR' is protected and only accessible within class 'BaseParser' and its subclasses.
src/entities/spl/lib/parser/grammar/rules/commands/splitters.ts(111,29): error TS2445: Property 'CONSUME' is protected and only accessible within class 'BaseParser' and its subclasses.
src/entities/spl/lib/parser/grammar/rules/commands/splitters.ts(112,29): error TS2445: Property 'CONSUME' is protected and only accessible within class 'BaseParser' and its subclasses.
src/entities/spl/lib/parser/grammar/rules/commands/splitters.ts(113,29): error TS2445: Property 'CONSUME2' is protected and only accessible within class 'BaseParser' and its subclasses.
src/entities/spl/lib/parser/grammar/rules/commands/splitters.ts(123,33): error TS2445: Property 'RULE' is protected and only accessible within class 'CstParser' and its subclasses.
src/entities/spl/lib/parser/grammar/rules/commands/splitters.ts(124,12): error TS2445: Property 'CONSUME' is protected and only accessible within class 'BaseParser' and its subclasses.
src/entities/spl/lib/parser/grammar/rules/commands/splitters.ts(125,12): error TS2445: Property 'OPTION' is protected and only accessible within class 'BaseParser' and its subclasses.
src/entities/spl/lib/parser/grammar/rules/commands/splitters.ts(125,32): error TS2445: Property 'CONSUME' is protected and only accessible within class 'BaseParser' and its subclasses.
src/entities/spl/lib/parser/grammar/rules/commands/splitters.ts(126,12): error TS2445: Property 'MANY' is protected and only accessible within class 'BaseParser' and its subclasses.
src/entities/spl/lib/parser/grammar/rules/commands/splitters.ts(127,14): error TS2445: Property 'OR' is protected and only accessible within class 'BaseParser' and its subclasses.
src/entities/spl/lib/parser/grammar/rules/commands/splitters.ts(128,29): error TS2445: Property 'SUBRULE' is protected and only accessible within class 'CstParser' and its subclasses.
src/entities/spl/lib/parser/grammar/rules/commands/splitters.ts(128,37): error TS2345: Argument of type 'ParserMethod<[], unknown>' is not assignable to parameter of type 'ParserMethod<[], CstNode>'.
  Type 'unknown' is not assignable to type 'CstNode'.
src/entities/spl/lib/parser/grammar/rules/commands/splitters.ts(129,29): error TS2445: Property 'CONSUME' is protected and only accessible within class 'BaseParser' and its subclasses.
src/entities/spl/lib/parser/grammar/rules/commands/structural.ts(16,32): error TS2445: Property 'RULE' is protected and only accessible within class 'CstParser' and its subclasses.
src/entities/spl/lib/parser/grammar/rules/commands/structural.ts(17,12): error TS2445: Property 'CONSUME' is protected and only accessible within class 'BaseParser' and its subclasses.
src/entities/spl/lib/parser/grammar/rules/commands/structural.ts(18,12): error TS2445: Property 'SUBRULE' is protected and only accessible within class 'CstParser' and its subclasses.
src/entities/spl/lib/parser/grammar/rules/commands/structural.ts(18,20): error TS2345: Argument of type 'ParserMethod<[], unknown>' is not assignable to parameter of type 'ParserMethod<[], CstNode>'.
  Type 'unknown' is not assignable to type 'CstNode'.
src/entities/spl/lib/parser/grammar/rules/commands/structural.ts(24,30): error TS2445: Property 'RULE' is protected and only accessible within class 'CstParser' and its subclasses.
src/entities/spl/lib/parser/grammar/rules/commands/structural.ts(25,12): error TS2445: Property 'OR' is protected and only accessible within class 'BaseParser' and its subclasses.
src/entities/spl/lib/parser/grammar/rules/commands/structural.ts(26,27): error TS2445: Property 'CONSUME' is protected and only accessible within class 'BaseParser' and its subclasses.
src/entities/spl/lib/parser/grammar/rules/commands/structural.ts(27,27): error TS2445: Property 'CONSUME' is protected and only accessible within class 'BaseParser' and its subclasses.
src/entities/spl/lib/parser/grammar/rules/commands/structural.ts(29,12): error TS2445: Property 'CONSUME' is protected and only accessible within class 'BaseParser' and its subclasses.
src/entities/spl/lib/parser/grammar/rules/commands/structural.ts(30,12): error TS2445: Property 'MANY' is protected and only accessible within class 'BaseParser' and its subclasses.
src/entities/spl/lib/parser/grammar/rules/commands/structural.ts(31,14): error TS2445: Property 'OR2' is protected and only accessible within class 'BaseParser' and its subclasses.
src/entities/spl/lib/parser/grammar/rules/commands/structural.ts(34,20): error TS2445: Property 'CONSUME' is protected and only accessible within class 'BaseParser' and its subclasses.
src/entities/spl/lib/parser/grammar/rules/commands/structural.ts(35,20): error TS2445: Property 'CONSUME' is protected and only accessible within class 'BaseParser' and its subclasses.
src/entities/spl/lib/parser/grammar/rules/commands/structural.ts(36,20): error TS2445: Property 'OR3' is protected and only accessible within class 'BaseParser' and its subclasses.
src/entities/spl/lib/parser/grammar/rules/commands/structural.ts(37,35): error TS2445: Property 'CONSUME' is protected and only accessible within class 'BaseParser' and its subclasses.
src/entities/spl/lib/parser/grammar/rules/commands/structural.ts(38,35): error TS2445: Property 'CONSUME' is protected and only accessible within class 'BaseParser' and its subclasses.
src/entities/spl/lib/parser/grammar/rules/commands/structural.ts(44,20): error TS2445: Property 'CONSUME' is protected and only accessible within class 'BaseParser' and its subclasses.
src/entities/spl/lib/parser/grammar/rules/commands/structural.ts(45,20): error TS2445: Property 'CONSUME2' is protected and only accessible within class 'BaseParser' and its subclasses.
src/entities/spl/lib/parser/grammar/rules/commands/structural.ts(55,35): error TS2445: Property 'RULE' is protected and only accessible within class 'CstParser' and its subclasses.
src/entities/spl/lib/parser/grammar/rules/commands/structural.ts(56,12): error TS2445: Property 'CONSUME' is protected and only accessible within class 'BaseParser' and its subclasses.
src/entities/spl/lib/parser/grammar/rules/commands/structural.ts(57,12): error TS2445: Property 'OPTION' is protected and only accessible within class 'BaseParser' and its subclasses.
src/entities/spl/lib/parser/grammar/rules/commands/structural.ts(58,14): error TS2445: Property 'CONSUME' is protected and only accessible within class 'BaseParser' and its subclasses.
src/entities/spl/lib/parser/grammar/rules/commands/structural.ts(59,14): error TS2445: Property 'CONSUME' is protected and only accessible within class 'BaseParser' and its subclasses.
src/entities/spl/lib/parser/grammar/rules/commands/structural.ts(60,14): error TS2445: Property 'OR' is protected and only accessible within class 'BaseParser' and its subclasses.
src/entities/spl/lib/parser/grammar/rules/commands/structural.ts(61,29): error TS2445: Property 'CONSUME' is protected and only accessible within class 'BaseParser' and its subclasses.
src/entities/spl/lib/parser/grammar/rules/commands/structural.ts(62,29): error TS2445: Property 'CONSUME' is protected and only accessible within class 'BaseParser' and its subclasses.
src/entities/spl/lib/parser/grammar/rules/commands/structural.ts(65,12): error TS2445: Property 'OPTION2' is protected and only accessible within class 'BaseParser' and its subclasses.
src/entities/spl/lib/parser/grammar/rules/commands/structural.ts(65,33): error TS2445: Property 'SUBRULE' is protected and only accessible within class 'CstParser' and its subclasses.
src/entities/spl/lib/parser/grammar/rules/commands/structural.ts(65,41): error TS2345: Argument of type 'ParserMethod<[], unknown>' is not assignable to parameter of type 'ParserMethod<[], CstNode>'.
  Type 'unknown' is not assignable to type 'CstNode'.
src/entities/spl/lib/parser/grammar/rules/commands/structural.ts(71,35): error TS2445: Property 'RULE' is protected and only accessible within class 'CstParser' and its subclasses.
src/entities/spl/lib/parser/grammar/rules/commands/structural.ts(72,12): error TS2445: Property 'CONSUME' is protected and only accessible within class 'BaseParser' and its subclasses.
src/entities/spl/lib/parser/grammar/rules/commands/structural.ts(73,12): error TS2445: Property 'CONSUME' is protected and only accessible within class 'BaseParser' and its subclasses.
src/entities/spl/lib/parser/grammar/rules/commands/structural.ts(74,12): error TS2445: Property 'OPTION' is protected and only accessible within class 'BaseParser' and its subclasses.
src/entities/spl/lib/parser/grammar/rules/commands/structural.ts(75,14): error TS2445: Property 'CONSUME' is protected and only accessible within class 'BaseParser' and its subclasses.
src/entities/spl/lib/parser/grammar/rules/commands/structural.ts(76,14): error TS2445: Property 'CONSUME' is protected and only accessible within class 'BaseParser' and its subclasses.
src/entities/spl/lib/parser/grammar/rules/commands/structural.ts(77,14): error TS2445: Property 'CONSUME' is protected and only accessible within class 'BaseParser' and its subclasses.
src/entities/spl/lib/parser/grammar/rules/commands/structural.ts(85,38): error TS2445: Property 'RULE' is protected and only accessible within class 'CstParser' and its subclasses.
src/entities/spl/lib/parser/grammar/rules/commands/structural.ts(86,12): error TS2445: Property 'CONSUME' is protected and only accessible within class 'BaseParser' and its subclasses.
src/entities/spl/lib/parser/grammar/rules/commands/structural.ts(88,12): error TS2445: Property 'MANY' is protected and only accessible within class 'BaseParser' and its subclasses.
src/entities/spl/lib/parser/grammar/rules/commands/structural.ts(89,14): error TS2445: Property 'CONSUME' is protected and only accessible within class 'BaseParser' and its subclasses.
src/entities/spl/lib/parser/grammar/rules/commands/structural.ts(90,14): error TS2445: Property 'CONSUME' is protected and only accessible within class 'BaseParser' and its subclasses.
src/entities/spl/lib/parser/grammar/rules/commands/structural.ts(91,14): error TS2445: Property 'OR' is protected and only accessible within class 'BaseParser' and its subclasses.
src/entities/spl/lib/parser/grammar/rules/commands/structural.ts(92,29): error TS2445: Property 'CONSUME' is protected and only accessible within class 'BaseParser' and its subclasses.
src/entities/spl/lib/parser/grammar/rules/commands/structural.ts(93,29): error TS2445: Property 'CONSUME' is protected and only accessible within class 'BaseParser' and its subclasses.
src/entities/spl/lib/parser/grammar/rules/commands/structural.ts(94,29): error TS2445: Property 'CONSUME' is protected and only accessible within class 'BaseParser' and its subclasses.
src/entities/spl/lib/parser/grammar/rules/commands/structural.ts(95,29): error TS2445: Property 'CONSUME' is protected and only accessible within class 'BaseParser' and its subclasses.
src/entities/spl/lib/parser/grammar/rules/commands/structural.ts(99,12): error TS2445: Property 'OPTION' is protected and only accessible within class 'BaseParser' and its subclasses.
src/entities/spl/lib/parser/grammar/rules/commands/structural.ts(99,32): error TS2445: Property 'SUBRULE' is protected and only accessible within class 'CstParser' and its subclasses.
src/entities/spl/lib/parser/grammar/rules/commands/structural.ts(99,40): error TS2345: Argument of type 'ParserMethod<[], unknown>' is not assignable to parameter of type 'ParserMethod<[], CstNode>'.
  Type 'unknown' is not assignable to type 'CstNode'.
src/entities/spl/lib/parser/grammar/rules/commands/structural.ts(105,33): error TS2445: Property 'RULE' is protected and only accessible within class 'CstParser' and its subclasses.
src/entities/spl/lib/parser/grammar/rules/commands/structural.ts(106,12): error TS2445: Property 'CONSUME' is protected and only accessible within class 'BaseParser' and its subclasses.
src/entities/spl/lib/parser/grammar/rules/commands/structural.ts(107,12): error TS2445: Property 'MANY' is protected and only accessible within class 'BaseParser' and its subclasses.
src/entities/spl/lib/parser/grammar/rules/commands/structural.ts(108,14): error TS2445: Property 'OR' is protected and only accessible within class 'BaseParser' and its subclasses.
src/entities/spl/lib/parser/grammar/rules/commands/structural.ts(112,20): error TS2445: Property 'CONSUME' is protected and only accessible within class 'BaseParser' and its subclasses.
src/entities/spl/lib/parser/grammar/rules/commands/structural.ts(113,20): error TS2445: Property 'CONSUME' is protected and only accessible within class 'BaseParser' and its subclasses.
src/entities/spl/lib/parser/grammar/rules/commands/structural.ts(114,20): error TS2445: Property 'CONSUME' is protected and only accessible within class 'BaseParser' and its subclasses.
src/entities/spl/lib/parser/grammar/rules/commands/structural.ts(120,20): error TS2445: Property 'CONSUME' is protected and only accessible within class 'BaseParser' and its subclasses.
src/entities/spl/lib/parser/grammar/rules/commands/structural.ts(121,20): error TS2445: Property 'CONSUME2' is protected and only accessible within class 'BaseParser' and its subclasses.
src/entities/spl/lib/parser/grammar/rules/commands/structural.ts(122,20): error TS2445: Property 'OR2' is protected and only accessible within class 'BaseParser' and its subclasses.
src/entities/spl/lib/parser/grammar/rules/commands/structural.ts(123,35): error TS2445: Property 'CONSUME' is protected and only accessible within class 'BaseParser' and its subclasses.
src/entities/spl/lib/parser/grammar/rules/commands/structural.ts(124,35): error TS2445: Property 'CONSUME' is protected and only accessible within class 'BaseParser' and its subclasses.
src/entities/spl/lib/parser/grammar/rules/commands/structural.ts(125,35): error TS2445: Property 'CONSUME2' is protected and only accessible within class 'BaseParser' and its subclasses.
src/entities/spl/lib/parser/grammar/rules/commands/structural.ts(131,12): error TS2445: Property 'CONSUME2' is protected and only accessible within class 'BaseParser' and its subclasses.
src/entities/spl/lib/parser/grammar/rules/commands/structural.ts(138,34): error TS2445: Property 'RULE' is protected and only accessible within class 'CstParser' and its subclasses.
src/entities/spl/lib/parser/grammar/rules/commands/structural.ts(139,12): error TS2445: Property 'CONSUME' is protected and only accessible within class 'BaseParser' and its subclasses.
src/entities/spl/lib/parser/grammar/rules/commands/structural.ts(140,12): error TS2445: Property 'MANY' is protected and only accessible within class 'BaseParser' and its subclasses.
src/entities/spl/lib/parser/grammar/rules/commands/structural.ts(141,14): error TS2445: Property 'CONSUME' is protected and only accessible within class 'BaseParser' and its subclasses.
src/entities/spl/lib/parser/grammar/rules/commands/structural.ts(142,14): error TS2445: Property 'CONSUME' is protected and only accessible within class 'BaseParser' and its subclasses.
src/entities/spl/lib/parser/grammar/rules/commands/structural.ts(143,14): error TS2445: Property 'CONSUME' is protected and only accessible within class 'BaseParser' and its subclasses.
src/entities/spl/lib/parser/grammar/rules/commands/structural.ts(145,12): error TS2445: Property 'AT_LEAST_ONE' is protected and only accessible within class 'BaseParser' and its subclasses.
src/entities/spl/lib/parser/grammar/rules/commands/structural.ts(145,38): error TS2445: Property 'SUBRULE' is protected and only accessible within class 'CstParser' and its subclasses.
src/entities/spl/lib/parser/grammar/rules/commands/structural.ts(145,46): error TS2345: Argument of type 'ParserMethod<[], unknown>' is not assignable to parameter of type 'ParserMethod<[], CstNode>'.
  Type 'unknown' is not assignable to type 'CstNode'.
src/entities/spl/lib/parser/grammar/rules/commands/structural.ts(148,35): error TS2445: Property 'RULE' is protected and only accessible within class 'CstParser' and its subclasses.
src/entities/spl/lib/parser/grammar/rules/commands/structural.ts(149,12): error TS2445: Property 'CONSUME' is protected and only accessible within class 'BaseParser' and its subclasses.
src/entities/spl/lib/parser/grammar/rules/commands/structural.ts(150,12): error TS2445: Property 'CONSUME' is protected and only accessible within class 'BaseParser' and its subclasses.
src/entities/spl/lib/parser/grammar/rules/commands/structural.ts(151,12): error TS2445: Property 'CONSUME2' is protected and only accessible within class 'BaseParser' and its subclasses.
src/entities/spl/lib/parser/grammar/rules/commands/structural.ts(152,12): error TS2445: Property 'CONSUME' is protected and only accessible within class 'BaseParser' and its subclasses.
src/entities/spl/lib/parser/grammar/rules/commands/structural.ts(153,12): error TS2445: Property 'OPTION' is protected and only accessible within class 'BaseParser' and its subclasses.
src/entities/spl/lib/parser/grammar/rules/commands/structural.ts(154,14): error TS2445: Property 'CONSUME' is protected and only accessible within class 'BaseParser' and its subclasses.
src/entities/spl/lib/parser/grammar/rules/commands/structural.ts(155,14): error TS2445: Property 'CONSUME3' is protected and only accessible within class 'BaseParser' and its subclasses.
src/entities/spl/lib/parser/grammar/rules/commands/structural.ts(157,12): error TS2445: Property 'OPTION2' is protected and only accessible within class 'BaseParser' and its subclasses.
src/entities/spl/lib/parser/grammar/rules/commands/structural.ts(157,33): error TS2445: Property 'CONSUME' is protected and only accessible within class 'BaseParser' and its subclasses.
src/entities/spl/lib/parser/grammar/rules/commands/structural.ts(164,34): error TS2445: Property 'RULE' is protected and only accessible within class 'CstParser' and its subclasses.
src/entities/spl/lib/parser/grammar/rules/commands/structural.ts(165,12): error TS2445: Property 'CONSUME' is protected and only accessible within class 'BaseParser' and its subclasses.
src/entities/spl/lib/parser/grammar/rules/commands/structural.ts(166,12): error TS2445: Property 'AT_LEAST_ONE' is protected and only accessible within class 'BaseParser' and its subclasses.
src/entities/spl/lib/parser/grammar/rules/commands/structural.ts(166,38): error TS2445: Property 'SUBRULE' is protected and only accessible within class 'CstParser' and its subclasses.
src/entities/spl/lib/parser/grammar/rules/commands/structural.ts(166,46): error TS2345: Argument of type 'ParserMethod<[], unknown>' is not assignable to parameter of type 'ParserMethod<[], CstNode>'.
  Type 'unknown' is not assignable to type 'CstNode'.
src/entities/spl/lib/parser/grammar/rules/commands/structural.ts(169,33): error TS2445: Property 'RULE' is protected and only accessible within class 'CstParser' and its subclasses.
src/entities/spl/lib/parser/grammar/rules/commands/structural.ts(170,12): error TS2445: Property 'OR' is protected and only accessible within class 'BaseParser' and its subclasses.
src/entities/spl/lib/parser/grammar/rules/commands/structural.ts(171,27): error TS2445: Property 'CONSUME' is protected and only accessible within class 'BaseParser' and its subclasses.
src/entities/spl/lib/parser/grammar/rules/commands/structural.ts(172,27): error TS2445: Property 'CONSUME' is protected and only accessible within class 'BaseParser' and its subclasses.
src/entities/spl/lib/parser/grammar/rules/commands/structural.ts(174,12): error TS2445: Property 'CONSUME2' is protected and only accessible within class 'BaseParser' and its subclasses.
src/entities/spl/lib/parser/grammar/rules/commands/structural.ts(175,12): error TS2445: Property 'OR2' is protected and only accessible within class 'BaseParser' and its subclasses.
src/entities/spl/lib/parser/grammar/rules/commands/structural.ts(176,27): error TS2445: Property 'CONSUME2' is protected and only accessible within class 'BaseParser' and its subclasses.
src/entities/spl/lib/parser/grammar/rules/commands/structural.ts(177,27): error TS2445: Property 'CONSUME3' is protected and only accessible within class 'BaseParser' and its subclasses.
src/entities/spl/lib/parser/grammar/rules/commands/structural.ts(179,12): error TS2445: Property 'OPTION' is protected and only accessible within class 'BaseParser' and its subclasses.
src/entities/spl/lib/parser/grammar/rules/commands/structural.ts(180,14): error TS2445: Property 'CONSUME4' is protected and only accessible within class 'BaseParser' and its subclasses.
src/entities/spl/lib/parser/grammar/rules/commands/structural.ts(181,14): error TS2445: Property 'SUBRULE' is protected and only accessible within class 'CstParser' and its subclasses.
src/entities/spl/lib/parser/grammar/rules/commands/structural.ts(181,22): error TS2345: Argument of type 'ParserMethod<[], unknown>' is not assignable to parameter of type 'ParserMethod<[], CstNode>'.
  Type 'unknown' is not assignable to type 'CstNode'.
src/entities/spl/lib/parser/grammar/rules/commands/structural.ts(183,12): error TS2445: Property 'OPTION2' is protected and only accessible within class 'BaseParser' and its subclasses.
src/entities/spl/lib/parser/grammar/rules/commands/structural.ts(183,33): error TS2445: Property 'CONSUME' is protected and only accessible within class 'BaseParser' and its subclasses.
src/entities/spl/lib/parser/grammar/rules/commands/structural.ts(190,34): error TS2445: Property 'RULE' is protected and only accessible within class 'CstParser' and its subclasses.
src/entities/spl/lib/parser/grammar/rules/commands/structural.ts(191,12): error TS2445: Property 'CONSUME' is protected and only accessible within class 'BaseParser' and its subclasses.
src/entities/spl/lib/parser/grammar/rules/commands/structural.ts(197,38): error TS2445: Property 'RULE' is protected and only accessible within class 'CstParser' and its subclasses.
src/entities/spl/lib/parser/grammar/rules/commands/structural.ts(198,12): error TS2445: Property 'CONSUME' is protected and only accessible within class 'BaseParser' and its subclasses.
src/entities/spl/lib/parser/grammar/rules/commands/structural.ts(199,12): error TS2445: Property 'CONSUME' is protected and only accessible within class 'BaseParser' and its subclasses.
src/entities/spl/lib/parser/grammar/rules/commands/structural.ts(200,12): error TS2445: Property 'CONSUME' is protected and only accessible within class 'BaseParser' and its subclasses.
src/entities/spl/lib/parser/grammar/rules/commands/structural.ts(201,12): error TS2445: Property 'SUBRULE' is protected and only accessible within class 'CstParser' and its subclasses.
src/entities/spl/lib/parser/grammar/rules/commands/structural.ts(201,20): error TS2345: Argument of type 'ParserMethod<[], unknown>' is not assignable to parameter of type 'ParserMethod<[], CstNode>'.
  Type 'unknown' is not assignable to type 'CstNode'.
src/entities/spl/lib/parser/grammar/rules/commands/structural.ts(208,34): error TS2445: Property 'RULE' is protected and only accessible within class 'CstParser' and its subclasses.
src/entities/spl/lib/parser/grammar/rules/commands/structural.ts(209,12): error TS2445: Property 'CONSUME' is protected and only accessible within class 'BaseParser' and its subclasses.
src/entities/spl/lib/parser/grammar/rules/commands/structural.ts(210,12): error TS2445: Property 'MANY' is protected and only accessible within class 'BaseParser' and its subclasses.
src/entities/spl/lib/parser/grammar/rules/commands/structural.ts(211,14): error TS2445: Property 'CONSUME' is protected and only accessible within class 'BaseParser' and its subclasses.
src/entities/spl/lib/parser/grammar/rules/commands/structural.ts(212,14): error TS2445: Property 'CONSUME' is protected and only accessible within class 'BaseParser' and its subclasses.
src/entities/spl/lib/parser/grammar/rules/commands/structural.ts(213,14): error TS2445: Property 'OR' is protected and only accessible within class 'BaseParser' and its subclasses.
src/entities/spl/lib/parser/grammar/rules/commands/structural.ts(214,29): error TS2445: Property 'CONSUME' is protected and only accessible within class 'BaseParser' and its subclasses.
src/entities/spl/lib/parser/grammar/rules/commands/structural.ts(215,29): error TS2445: Property 'CONSUME' is protected and only accessible within class 'BaseParser' and its subclasses.
src/entities/spl/lib/parser/grammar/rules/commands/structural.ts(216,29): error TS2445: Property 'CONSUME' is protected and only accessible within class 'BaseParser' and its subclasses.
src/entities/spl/lib/parser/grammar/rules/commands/structural.ts(217,29): error TS2445: Property 'CONSUME2' is protected and only accessible within class 'BaseParser' and its subclasses.
src/entities/spl/lib/parser/grammar/rules/commands/structural.ts(220,12): error TS2445: Property 'OPTION' is protected and only accessible within class 'BaseParser' and its subclasses.
src/entities/spl/lib/parser/grammar/rules/commands/structural.ts(220,32): error TS2445: Property 'SUBRULE' is protected and only accessible within class 'CstParser' and its subclasses.
src/entities/spl/lib/parser/grammar/rules/commands/structural.ts(220,40): error TS2345: Argument of type 'ParserMethod<[], unknown>' is not assignable to parameter of type 'ParserMethod<[], CstNode>'.
  Type 'unknown' is not assignable to type 'CstNode'.
src/entities/spl/lib/parser/grammar/rules/expressions.ts(17,30): error TS2445: Property 'RULE' is protected and only accessible within class 'CstParser' and its subclasses.
src/entities/spl/lib/parser/grammar/rules/expressions.ts(18,12): error TS2445: Property 'SUBRULE' is protected and only accessible within class 'CstParser' and its subclasses.
src/entities/spl/lib/parser/grammar/rules/expressions.ts(18,20): error TS2345: Argument of type 'ParserMethod<[], unknown>' is not assignable to parameter of type 'ParserMethod<[], CstNode>'.
  Type 'unknown' is not assignable to type 'CstNode'.
src/entities/spl/lib/parser/grammar/rules/expressions.ts(24,32): error TS2445: Property 'RULE' is protected and only accessible within class 'CstParser' and its subclasses.
src/entities/spl/lib/parser/grammar/rules/expressions.ts(25,12): error TS2445: Property 'SUBRULE' is protected and only accessible within class 'CstParser' and its subclasses.
src/entities/spl/lib/parser/grammar/rules/expressions.ts(25,20): error TS2345: Argument of type 'ParserMethod<[], unknown>' is not assignable to parameter of type 'ParserMethod<[], CstNode>'.
  Type 'unknown' is not assignable to type 'CstNode'.
src/entities/spl/lib/parser/grammar/rules/expressions.ts(26,12): error TS2445: Property 'MANY' is protected and only accessible within class 'BaseParser' and its subclasses.
src/entities/spl/lib/parser/grammar/rules/expressions.ts(27,14): error TS2445: Property 'CONSUME' is protected and only accessible within class 'BaseParser' and its subclasses.
src/entities/spl/lib/parser/grammar/rules/expressions.ts(28,14): error TS2445: Property 'SUBRULE2' is protected and only accessible within class 'CstParser' and its subclasses.
src/entities/spl/lib/parser/grammar/rules/expressions.ts(28,23): error TS2345: Argument of type 'ParserMethod<[], unknown>' is not assignable to parameter of type 'ParserMethod<[], CstNode>'.
  Type 'unknown' is not assignable to type 'CstNode'.
src/entities/spl/lib/parser/grammar/rules/expressions.ts(35,33): error TS2445: Property 'RULE' is protected and only accessible within class 'CstParser' and its subclasses.
src/entities/spl/lib/parser/grammar/rules/expressions.ts(36,12): error TS2445: Property 'SUBRULE' is protected and only accessible within class 'CstParser' and its subclasses.
src/entities/spl/lib/parser/grammar/rules/expressions.ts(36,20): error TS2345: Argument of type 'ParserMethod<[], unknown>' is not assignable to parameter of type 'ParserMethod<[], CstNode>'.
  Type 'unknown' is not assignable to type 'CstNode'.
src/entities/spl/lib/parser/grammar/rules/expressions.ts(37,12): error TS2445: Property 'MANY' is protected and only accessible within class 'BaseParser' and its subclasses.
src/entities/spl/lib/parser/grammar/rules/expressions.ts(38,14): error TS2445: Property 'CONSUME' is protected and only accessible within class 'BaseParser' and its subclasses.
src/entities/spl/lib/parser/grammar/rules/expressions.ts(39,14): error TS2445: Property 'SUBRULE2' is protected and only accessible within class 'CstParser' and its subclasses.
src/entities/spl/lib/parser/grammar/rules/expressions.ts(39,23): error TS2345: Argument of type 'ParserMethod<[], unknown>' is not assignable to parameter of type 'ParserMethod<[], CstNode>'.
  Type 'unknown' is not assignable to type 'CstNode'.
src/entities/spl/lib/parser/grammar/rules/expressions.ts(46,40): error TS2445: Property 'RULE' is protected and only accessible within class 'CstParser' and its subclasses.
src/entities/spl/lib/parser/grammar/rules/expressions.ts(47,12): error TS2445: Property 'SUBRULE' is protected and only accessible within class 'CstParser' and its subclasses.
src/entities/spl/lib/parser/grammar/rules/expressions.ts(47,20): error TS2345: Argument of type 'ParserMethod<[], unknown>' is not assignable to parameter of type 'ParserMethod<[], CstNode>'.
  Type 'unknown' is not assignable to type 'CstNode'.
src/entities/spl/lib/parser/grammar/rules/expressions.ts(48,12): error TS2445: Property 'OPTION' is protected and only accessible within class 'BaseParser' and its subclasses.
src/entities/spl/lib/parser/grammar/rules/expressions.ts(49,14): error TS2445: Property 'OR' is protected and only accessible within class 'BaseParser' and its subclasses.
src/entities/spl/lib/parser/grammar/rules/expressions.ts(50,29): error TS2445: Property 'CONSUME' is protected and only accessible within class 'BaseParser' and its subclasses.
src/entities/spl/lib/parser/grammar/rules/expressions.ts(51,29): error TS2445: Property 'CONSUME' is protected and only accessible within class 'BaseParser' and its subclasses.
src/entities/spl/lib/parser/grammar/rules/expressions.ts(52,29): error TS2445: Property 'CONSUME' is protected and only accessible within class 'BaseParser' and its subclasses.
src/entities/spl/lib/parser/grammar/rules/expressions.ts(53,29): error TS2445: Property 'CONSUME' is protected and only accessible within class 'BaseParser' and its subclasses.
src/entities/spl/lib/parser/grammar/rules/expressions.ts(54,29): error TS2445: Property 'CONSUME' is protected and only accessible within class 'BaseParser' and its subclasses.
src/entities/spl/lib/parser/grammar/rules/expressions.ts(55,29): error TS2445: Property 'CONSUME' is protected and only accessible within class 'BaseParser' and its subclasses.
src/entities/spl/lib/parser/grammar/rules/expressions.ts(57,14): error TS2445: Property 'SUBRULE2' is protected and only accessible within class 'CstParser' and its subclasses.
src/entities/spl/lib/parser/grammar/rules/expressions.ts(57,23): error TS2345: Argument of type 'ParserMethod<[], unknown>' is not assignable to parameter of type 'ParserMethod<[], CstNode>'.
  Type 'unknown' is not assignable to type 'CstNode'.
src/entities/spl/lib/parser/grammar/rules/expressions.ts(65,38): error TS2445: Property 'RULE' is protected and only accessible within class 'CstParser' and its subclasses.
src/entities/spl/lib/parser/grammar/rules/expressions.ts(66,12): error TS2445: Property 'SUBRULE' is protected and only accessible within class 'CstParser' and its subclasses.
src/entities/spl/lib/parser/grammar/rules/expressions.ts(66,20): error TS2345: Argument of type 'ParserMethod<[], unknown>' is not assignable to parameter of type 'ParserMethod<[], CstNode>'.
  Type 'unknown' is not assignable to type 'CstNode'.
src/entities/spl/lib/parser/grammar/rules/expressions.ts(67,12): error TS2445: Property 'MANY' is protected and only accessible within class 'BaseParser' and its subclasses.
src/entities/spl/lib/parser/grammar/rules/expressions.ts(68,14): error TS2445: Property 'OR' is protected and only accessible within class 'BaseParser' and its subclasses.
src/entities/spl/lib/parser/grammar/rules/expressions.ts(69,29): error TS2445: Property 'CONSUME' is protected and only accessible within class 'BaseParser' and its subclasses.
src/entities/spl/lib/parser/grammar/rules/expressions.ts(70,29): error TS2445: Property 'CONSUME' is protected and only accessible within class 'BaseParser' and its subclasses.
src/entities/spl/lib/parser/grammar/rules/expressions.ts(71,29): error TS2445: Property 'CONSUME' is protected and only accessible within class 'BaseParser' and its subclasses.
src/entities/spl/lib/parser/grammar/rules/expressions.ts(73,14): error TS2445: Property 'SUBRULE2' is protected and only accessible within class 'CstParser' and its subclasses.
src/entities/spl/lib/parser/grammar/rules/expressions.ts(73,23): error TS2345: Argument of type 'ParserMethod<[], unknown>' is not assignable to parameter of type 'ParserMethod<[], CstNode>'.
  Type 'unknown' is not assignable to type 'CstNode'.
src/entities/spl/lib/parser/grammar/rules/expressions.ts(80,44): error TS2445: Property 'RULE' is protected and only accessible within class 'CstParser' and its subclasses.
src/entities/spl/lib/parser/grammar/rules/expressions.ts(81,12): error TS2445: Property 'SUBRULE' is protected and only accessible within class 'CstParser' and its subclasses.
src/entities/spl/lib/parser/grammar/rules/expressions.ts(81,20): error TS2345: Argument of type 'ParserMethod<[], unknown>' is not assignable to parameter of type 'ParserMethod<[], CstNode>'.
  Type 'unknown' is not assignable to type 'CstNode'.
src/entities/spl/lib/parser/grammar/rules/expressions.ts(82,12): error TS2445: Property 'MANY' is protected and only accessible within class 'BaseParser' and its subclasses.
src/entities/spl/lib/parser/grammar/rules/expressions.ts(83,14): error TS2445: Property 'OR' is protected and only accessible within class 'BaseParser' and its subclasses.
src/entities/spl/lib/parser/grammar/rules/expressions.ts(84,29): error TS2445: Property 'CONSUME' is protected and only accessible within class 'BaseParser' and its subclasses.
src/entities/spl/lib/parser/grammar/rules/expressions.ts(85,29): error TS2445: Property 'CONSUME' is protected and only accessible within class 'BaseParser' and its subclasses.
src/entities/spl/lib/parser/grammar/rules/expressions.ts(86,29): error TS2445: Property 'CONSUME' is protected and only accessible within class 'BaseParser' and its subclasses.
src/entities/spl/lib/parser/grammar/rules/expressions.ts(88,14): error TS2445: Property 'SUBRULE2' is protected and only accessible within class 'CstParser' and its subclasses.
src/entities/spl/lib/parser/grammar/rules/expressions.ts(88,23): error TS2345: Argument of type 'ParserMethod<[], unknown>' is not assignable to parameter of type 'ParserMethod<[], CstNode>'.
  Type 'unknown' is not assignable to type 'CstNode'.
src/entities/spl/lib/parser/grammar/rules/expressions.ts(95,35): error TS2445: Property 'RULE' is protected and only accessible within class 'CstParser' and its subclasses.
src/entities/spl/lib/parser/grammar/rules/expressions.ts(96,12): error TS2445: Property 'OR' is protected and only accessible within class 'BaseParser' and its subclasses.
src/entities/spl/lib/parser/grammar/rules/expressions.ts(99,18): error TS2445: Property 'CONSUME' is protected and only accessible within class 'BaseParser' and its subclasses.
src/entities/spl/lib/parser/grammar/rules/expressions.ts(100,18): error TS2445: Property 'SUBRULE' is protected and only accessible within class 'CstParser' and its subclasses.
src/entities/spl/lib/parser/grammar/rules/expressions.ts(100,26): error TS2345: Argument of type 'ParserMethod<[], unknown>' is not assignable to parameter of type 'ParserMethod<[], CstNode>'.
  Type 'unknown' is not assignable to type 'CstNode'.
src/entities/spl/lib/parser/grammar/rules/expressions.ts(105,18): error TS2445: Property 'CONSUME' is protected and only accessible within class 'BaseParser' and its subclasses.
src/entities/spl/lib/parser/grammar/rules/expressions.ts(106,18): error TS2445: Property 'SUBRULE2' is protected and only accessible within class 'CstParser' and its subclasses.
src/entities/spl/lib/parser/grammar/rules/expressions.ts(106,27): error TS2345: Argument of type 'ParserMethod<[], unknown>' is not assignable to parameter of type 'ParserMethod<[], CstNode>'.
  Type 'unknown' is not assignable to type 'CstNode'.
src/entities/spl/lib/parser/grammar/rules/expressions.ts(109,27): error TS2445: Property 'SUBRULE' is protected and only accessible within class 'CstParser' and its subclasses.
src/entities/spl/lib/parser/grammar/rules/expressions.ts(109,35): error TS2345: Argument of type 'ParserMethod<[], unknown>' is not assignable to parameter of type 'ParserMethod<[], CstNode>'.
  Type 'unknown' is not assignable to type 'CstNode'.
src/entities/spl/lib/parser/grammar/rules/expressions.ts(120,37): error TS2445: Property 'RULE' is protected and only accessible within class 'CstParser' and its subclasses.
src/entities/spl/lib/parser/grammar/rules/expressions.ts(121,12): error TS2445: Property 'OR' is protected and only accessible within class 'BaseParser' and its subclasses.
src/entities/spl/lib/parser/grammar/rules/expressions.ts(125,30): error TS2445: Property 'LA' is protected and only accessible within class 'BaseParser' and its subclasses.
src/entities/spl/lib/parser/grammar/rules/expressions.ts(126,30): error TS2445: Property 'LA' is protected and only accessible within class 'BaseParser' and its subclasses.
src/entities/spl/lib/parser/grammar/rules/expressions.ts(129,27): error TS2445: Property 'SUBRULE' is protected and only accessible within class 'CstParser' and its subclasses.
src/entities/spl/lib/parser/grammar/rules/expressions.ts(129,35): error TS2345: Argument of type 'ParserMethod<[], unknown>' is not assignable to parameter of type 'ParserMethod<[], CstNode>'.
  Type 'unknown' is not assignable to type 'CstNode'.
src/entities/spl/lib/parser/grammar/rules/expressions.ts(135,30): error TS2445: Property 'LA' is protected and only accessible within class 'BaseParser' and its subclasses.
src/entities/spl/lib/parser/grammar/rules/expressions.ts(136,30): error TS2445: Property 'LA' is protected and only accessible within class 'BaseParser' and its subclasses.
src/entities/spl/lib/parser/grammar/rules/expressions.ts(142,27): error TS2445: Property 'SUBRULE' is protected and only accessible within class 'CstParser' and its subclasses.
src/entities/spl/lib/parser/grammar/rules/expressions.ts(142,42): error TS2339: Property 'keywordFunctionCall' does not exist on type 'SPLParser'.
src/entities/spl/lib/parser/grammar/rules/expressions.ts(147,30): error TS2445: Property 'LA' is protected and only accessible within class 'BaseParser' and its subclasses.
src/entities/spl/lib/parser/grammar/rules/expressions.ts(148,30): error TS2445: Property 'LA' is protected and only accessible within class 'BaseParser' and its subclasses.
src/entities/spl/lib/parser/grammar/rules/expressions.ts(151,27): error TS2445: Property 'SUBRULE' is protected and only accessible within class 'CstParser' and its subclasses.
src/entities/spl/lib/parser/grammar/rules/expressions.ts(151,42): error TS2551: Property 'timeFunctionCall' does not exist on type 'SPLParser'. Did you mean 'functionCall'?
src/entities/spl/lib/parser/grammar/rules/expressions.ts(153,27): error TS2445: Property 'SUBRULE' is protected and only accessible within class 'CstParser' and its subclasses.
src/entities/spl/lib/parser/grammar/rules/expressions.ts(153,35): error TS2345: Argument of type 'ParserMethod<[], unknown>' is not assignable to parameter of type 'ParserMethod<[], CstNode>'.
  Type 'unknown' is not assignable to type 'CstNode'.
src/entities/spl/lib/parser/grammar/rules/expressions.ts(154,27): error TS2445: Property 'CONSUME' is protected and only accessible within class 'BaseParser' and its subclasses.
src/entities/spl/lib/parser/grammar/rules/expressions.ts(155,27): error TS2445: Property 'CONSUME' is protected and only accessible within class 'BaseParser' and its subclasses.
src/entities/spl/lib/parser/grammar/rules/expressions.ts(156,27): error TS2445: Property 'CONSUME' is protected and only accessible within class 'BaseParser' and its subclasses.
src/entities/spl/lib/parser/grammar/rules/expressions.ts(157,27): error TS2445: Property 'CONSUME' is protected and only accessible within class 'BaseParser' and its subclasses.
src/entities/spl/lib/parser/grammar/rules/expressions.ts(158,27): error TS2445: Property 'CONSUME' is protected and only accessible within class 'BaseParser' and its subclasses.
src/entities/spl/lib/parser/grammar/rules/expressions.ts(159,27): error TS2445: Property 'CONSUME' is protected and only accessible within class 'BaseParser' and its subclasses.
src/entities/spl/lib/parser/grammar/rules/expressions.ts(161,27): error TS2445: Property 'CONSUME' is protected and only accessible within class 'BaseParser' and its subclasses.
src/entities/spl/lib/parser/grammar/rules/expressions.ts(168,35): error TS2445: Property 'RULE' is protected and only accessible within class 'CstParser' and its subclasses.
src/entities/spl/lib/parser/grammar/rules/expressions.ts(169,12): error TS2445: Property 'CONSUME' is protected and only accessible within class 'BaseParser' and its subclasses.
src/entities/spl/lib/parser/grammar/rules/expressions.ts(170,12): error TS2445: Property 'SUBRULE' is protected and only accessible within class 'CstParser' and its subclasses.
src/entities/spl/lib/parser/grammar/rules/expressions.ts(170,20): error TS2345: Argument of type 'ParserMethod<[], unknown>' is not assignable to parameter of type 'ParserMethod<[], CstNode>'.
  Type 'unknown' is not assignable to type 'CstNode'.
src/entities/spl/lib/parser/grammar/rules/expressions.ts(171,12): error TS2445: Property 'CONSUME' is protected and only accessible within class 'BaseParser' and its subclasses.
src/entities/spl/lib/parser/grammar/rules/expressions.ts(177,32): error TS2445: Property 'RULE' is protected and only accessible within class 'CstParser' and its subclasses.
src/entities/spl/lib/parser/grammar/rules/expressions.ts(178,12): error TS2445: Property 'CONSUME' is protected and only accessible within class 'BaseParser' and its subclasses.
src/entities/spl/lib/parser/grammar/rules/expressions.ts(179,12): error TS2445: Property 'CONSUME' is protected and only accessible within class 'BaseParser' and its subclasses.
src/entities/spl/lib/parser/grammar/rules/expressions.ts(180,12): error TS2445: Property 'OPTION' is protected and only accessible within class 'BaseParser' and its subclasses.
src/entities/spl/lib/parser/grammar/rules/expressions.ts(181,14): error TS2445: Property 'SUBRULE' is protected and only accessible within class 'CstParser' and its subclasses.
src/entities/spl/lib/parser/grammar/rules/expressions.ts(181,22): error TS2345: Argument of type 'ParserMethod<[], unknown>' is not assignable to parameter of type 'ParserMethod<[], CstNode>'.
  Type 'unknown' is not assignable to type 'CstNode'.
src/entities/spl/lib/parser/grammar/rules/expressions.ts(182,14): error TS2445: Property 'MANY' is protected and only accessible within class 'BaseParser' and its subclasses.
src/entities/spl/lib/parser/grammar/rules/expressions.ts(183,16): error TS2445: Property 'CONSUME' is protected and only accessible within class 'BaseParser' and its subclasses.
src/entities/spl/lib/parser/grammar/rules/expressions.ts(184,16): error TS2445: Property 'SUBRULE2' is protected and only accessible within class 'CstParser' and its subclasses.
src/entities/spl/lib/parser/grammar/rules/expressions.ts(184,25): error TS2345: Argument of type 'ParserMethod<[], unknown>' is not assignable to parameter of type 'ParserMethod<[], CstNode>'.
  Type 'unknown' is not assignable to type 'CstNode'.
src/entities/spl/lib/parser/grammar/rules/expressions.ts(187,12): error TS2445: Property 'CONSUME' is protected and only accessible within class 'BaseParser' and its subclasses.
src/entities/spl/lib/parser/grammar/rules/expressions.ts(194,10): error TS2339: Property 'keywordFunctionCall' does not exist on type 'SPLParser'.
src/entities/spl/lib/parser/grammar/rules/expressions.ts(194,39): error TS2445: Property 'RULE' is protected and only accessible within class 'CstParser' and its subclasses.
src/entities/spl/lib/parser/grammar/rules/expressions.ts(195,12): error TS2445: Property 'OR' is protected and only accessible within class 'BaseParser' and its subclasses.
src/entities/spl/lib/parser/grammar/rules/expressions.ts(196,27): error TS2445: Property 'CONSUME' is protected and only accessible within class 'BaseParser' and its subclasses.
src/entities/spl/lib/parser/grammar/rules/expressions.ts(197,27): error TS2445: Property 'CONSUME' is protected and only accessible within class 'BaseParser' and its subclasses.
src/entities/spl/lib/parser/grammar/rules/expressions.ts(198,27): error TS2445: Property 'CONSUME' is protected and only accessible within class 'BaseParser' and its subclasses.
src/entities/spl/lib/parser/grammar/rules/expressions.ts(200,12): error TS2445: Property 'CONSUME' is protected and only accessible within class 'BaseParser' and its subclasses.
src/entities/spl/lib/parser/grammar/rules/expressions.ts(201,12): error TS2445: Property 'OPTION' is protected and only accessible within class 'BaseParser' and its subclasses.
src/entities/spl/lib/parser/grammar/rules/expressions.ts(202,14): error TS2445: Property 'SUBRULE' is protected and only accessible within class 'CstParser' and its subclasses.
src/entities/spl/lib/parser/grammar/rules/expressions.ts(202,22): error TS2345: Argument of type 'ParserMethod<[], unknown>' is not assignable to parameter of type 'ParserMethod<[], CstNode>'.
  Type 'unknown' is not assignable to type 'CstNode'.
src/entities/spl/lib/parser/grammar/rules/expressions.ts(203,14): error TS2445: Property 'MANY' is protected and only accessible within class 'BaseParser' and its subclasses.
src/entities/spl/lib/parser/grammar/rules/expressions.ts(204,16): error TS2445: Property 'CONSUME' is protected and only accessible within class 'BaseParser' and its subclasses.
src/entities/spl/lib/parser/grammar/rules/expressions.ts(205,16): error TS2445: Property 'SUBRULE2' is protected and only accessible within class 'CstParser' and its subclasses.
src/entities/spl/lib/parser/grammar/rules/expressions.ts(205,25): error TS2345: Argument of type 'ParserMethod<[], unknown>' is not assignable to parameter of type 'ParserMethod<[], CstNode>'.
  Type 'unknown' is not assignable to type 'CstNode'.
src/entities/spl/lib/parser/grammar/rules/expressions.ts(208,12): error TS2445: Property 'CONSUME' is protected and only accessible within class 'BaseParser' and its subclasses.
src/entities/spl/lib/parser/grammar/rules/expressions.ts(215,10): error TS2551: Property 'timeFunctionCall' does not exist on type 'SPLParser'. Did you mean 'functionCall'?
src/entities/spl/lib/parser/grammar/rules/expressions.ts(215,36): error TS2445: Property 'RULE' is protected and only accessible within class 'CstParser' and its subclasses.
src/entities/spl/lib/parser/grammar/rules/expressions.ts(216,12): error TS2445: Property 'CONSUME' is protected and only accessible within class 'BaseParser' and its subclasses.
src/entities/spl/lib/parser/grammar/rules/expressions.ts(217,12): error TS2445: Property 'CONSUME' is protected and only accessible within class 'BaseParser' and its subclasses.
src/entities/spl/lib/parser/grammar/rules/expressions.ts(218,12): error TS2445: Property 'OPTION' is protected and only accessible within class 'BaseParser' and its subclasses.
src/entities/spl/lib/parser/grammar/rules/expressions.ts(219,14): error TS2445: Property 'SUBRULE' is protected and only accessible within class 'CstParser' and its subclasses.
src/entities/spl/lib/parser/grammar/rules/expressions.ts(219,22): error TS2345: Argument of type 'ParserMethod<[], unknown>' is not assignable to parameter of type 'ParserMethod<[], CstNode>'.
  Type 'unknown' is not assignable to type 'CstNode'.
src/entities/spl/lib/parser/grammar/rules/expressions.ts(220,14): error TS2445: Property 'MANY' is protected and only accessible within class 'BaseParser' and its subclasses.
src/entities/spl/lib/parser/grammar/rules/expressions.ts(221,16): error TS2445: Property 'CONSUME' is protected and only accessible within class 'BaseParser' and its subclasses.
src/entities/spl/lib/parser/grammar/rules/expressions.ts(222,16): error TS2445: Property 'SUBRULE2' is protected and only accessible within class 'CstParser' and its subclasses.
src/entities/spl/lib/parser/grammar/rules/expressions.ts(222,25): error TS2345: Argument of type 'ParserMethod<[], unknown>' is not assignable to parameter of type 'ParserMethod<[], CstNode>'.
  Type 'unknown' is not assignable to type 'CstNode'.
src/entities/spl/lib/parser/grammar/rules/expressions.ts(225,12): error TS2445: Property 'CONSUME' is protected and only accessible within class 'BaseParser' and its subclasses.
src/entities/spl/lib/parser/grammar/rules/helpers.ts(18,35): error TS2445: Property 'RULE' is protected and only accessible within class 'CstParser' and its subclasses.
src/entities/spl/lib/parser/grammar/rules/helpers.ts(19,12): error TS2445: Property 'OR' is protected and only accessible within class 'BaseParser' and its subclasses.
src/entities/spl/lib/parser/grammar/rules/helpers.ts(20,27): error TS2445: Property 'CONSUME' is protected and only accessible within class 'BaseParser' and its subclasses.
src/entities/spl/lib/parser/grammar/rules/helpers.ts(21,27): error TS2445: Property 'CONSUME' is protected and only accessible within class 'BaseParser' and its subclasses.
src/entities/spl/lib/parser/grammar/rules/helpers.ts(22,27): error TS2445: Property 'CONSUME' is protected and only accessible within class 'BaseParser' and its subclasses.
src/entities/spl/lib/parser/grammar/rules/helpers.ts(30,29): error TS2445: Property 'RULE' is protected and only accessible within class 'CstParser' and its subclasses.
src/entities/spl/lib/parser/grammar/rules/helpers.ts(31,12): error TS2445: Property 'AT_LEAST_ONE' is protected and only accessible within class 'BaseParser' and its subclasses.
src/entities/spl/lib/parser/grammar/rules/helpers.ts(32,14): error TS2445: Property 'SUBRULE' is protected and only accessible within class 'CstParser' and its subclasses.
src/entities/spl/lib/parser/grammar/rules/helpers.ts(32,22): error TS2345: Argument of type 'ParserMethod<[], unknown>' is not assignable to parameter of type 'ParserMethod<[], CstNode>'.
  Type 'unknown' is not assignable to type 'CstNode'.
src/entities/spl/lib/parser/grammar/rules/helpers.ts(33,14): error TS2445: Property 'OPTION' is protected and only accessible within class 'BaseParser' and its subclasses.
src/entities/spl/lib/parser/grammar/rules/helpers.ts(33,34): error TS2445: Property 'CONSUME' is protected and only accessible within class 'BaseParser' and its subclasses.
src/entities/spl/lib/parser/grammar/rules/pipeline.ts(17,28): error TS2445: Property 'RULE' is protected and only accessible within class 'CstParser' and its subclasses.
src/entities/spl/lib/parser/grammar/rules/pipeline.ts(18,12): error TS2445: Property 'OPTION' is protected and only accessible within class 'BaseParser' and its subclasses.
src/entities/spl/lib/parser/grammar/rules/pipeline.ts(18,32): error TS2445: Property 'SUBRULE' is protected and only accessible within class 'CstParser' and its subclasses.
src/entities/spl/lib/parser/grammar/rules/pipeline.ts(18,40): error TS2345: Argument of type 'ParserMethod<[], unknown>' is not assignable to parameter of type 'ParserMethod<[], CstNode>'.
  Type 'unknown' is not assignable to type 'CstNode'.
src/entities/spl/lib/parser/grammar/rules/pipeline.ts(19,12): error TS2445: Property 'MANY' is protected and only accessible within class 'BaseParser' and its subclasses.
src/entities/spl/lib/parser/grammar/rules/pipeline.ts(20,14): error TS2445: Property 'CONSUME' is protected and only accessible within class 'BaseParser' and its subclasses.
src/entities/spl/lib/parser/grammar/rules/pipeline.ts(21,14): error TS2445: Property 'SUBRULE' is protected and only accessible within class 'CstParser' and its subclasses.
src/entities/spl/lib/parser/grammar/rules/pipeline.ts(21,22): error TS2345: Argument of type 'ParserMethod<[], unknown>' is not assignable to parameter of type 'ParserMethod<[], CstNode>'.
  Type 'unknown' is not assignable to type 'CstNode'.
src/entities/spl/lib/parser/grammar/rules/pipeline.ts(28,27): error TS2445: Property 'RULE' is protected and only accessible within class 'CstParser' and its subclasses.
src/entities/spl/lib/parser/grammar/rules/pipeline.ts(29,12): error TS2445: Property 'OR' is protected and only accessible within class 'BaseParser' and its subclasses.
src/entities/spl/lib/parser/grammar/rules/pipeline.ts(31,27): error TS2445: Property 'SUBRULE' is protected and only accessible within class 'CstParser' and its subclasses.
src/entities/spl/lib/parser/grammar/rules/pipeline.ts(31,35): error TS2345: Argument of type 'ParserMethod<[], unknown>' is not assignable to parameter of type 'ParserMethod<[], CstNode>'.
  Type 'unknown' is not assignable to type 'CstNode'.
src/entities/spl/lib/parser/grammar/rules/pipeline.ts(32,27): error TS2445: Property 'SUBRULE' is protected and only accessible within class 'CstParser' and its subclasses.
src/entities/spl/lib/parser/grammar/rules/pipeline.ts(32,35): error TS2345: Argument of type 'ParserMethod<[], unknown>' is not assignable to parameter of type 'ParserMethod<[], CstNode>'.
  Type 'unknown' is not assignable to type 'CstNode'.
src/entities/spl/lib/parser/grammar/rules/pipeline.ts(33,27): error TS2445: Property 'SUBRULE' is protected and only accessible within class 'CstParser' and its subclasses.
src/entities/spl/lib/parser/grammar/rules/pipeline.ts(33,35): error TS2345: Argument of type 'ParserMethod<[], unknown>' is not assignable to parameter of type 'ParserMethod<[], CstNode>'.
  Type 'unknown' is not assignable to type 'CstNode'.
src/entities/spl/lib/parser/grammar/rules/pipeline.ts(34,27): error TS2445: Property 'SUBRULE' is protected and only accessible within class 'CstParser' and its subclasses.
src/entities/spl/lib/parser/grammar/rules/pipeline.ts(34,35): error TS2345: Argument of type 'ParserMethod<[], unknown>' is not assignable to parameter of type 'ParserMethod<[], CstNode>'.
  Type 'unknown' is not assignable to type 'CstNode'.
src/entities/spl/lib/parser/grammar/rules/pipeline.ts(35,27): error TS2445: Property 'SUBRULE' is protected and only accessible within class 'CstParser' and its subclasses.
src/entities/spl/lib/parser/grammar/rules/pipeline.ts(35,35): error TS2345: Argument of type 'ParserMethod<[], unknown>' is not assignable to parameter of type 'ParserMethod<[], CstNode>'.
  Type 'unknown' is not assignable to type 'CstNode'.
src/entities/spl/lib/parser/grammar/rules/pipeline.ts(36,27): error TS2445: Property 'SUBRULE' is protected and only accessible within class 'CstParser' and its subclasses.
src/entities/spl/lib/parser/grammar/rules/pipeline.ts(36,35): error TS2345: Argument of type 'ParserMethod<[], unknown>' is not assignable to parameter of type 'ParserMethod<[], CstNode>'.
  Type 'unknown' is not assignable to type 'CstNode'.
src/entities/spl/lib/parser/grammar/rules/pipeline.ts(37,27): error TS2445: Property 'SUBRULE' is protected and only accessible within class 'CstParser' and its subclasses.
src/entities/spl/lib/parser/grammar/rules/pipeline.ts(37,35): error TS2345: Argument of type 'ParserMethod<[], unknown>' is not assignable to parameter of type 'ParserMethod<[], CstNode>'.
  Type 'unknown' is not assignable to type 'CstNode'.
src/entities/spl/lib/parser/grammar/rules/pipeline.ts(38,27): error TS2445: Property 'SUBRULE' is protected and only accessible within class 'CstParser' and its subclasses.
src/entities/spl/lib/parser/grammar/rules/pipeline.ts(38,35): error TS2345: Argument of type 'ParserMethod<[], unknown>' is not assignable to parameter of type 'ParserMethod<[], CstNode>'.
  Type 'unknown' is not assignable to type 'CstNode'.
src/entities/spl/lib/parser/grammar/rules/pipeline.ts(39,27): error TS2445: Property 'SUBRULE' is protected and only accessible within class 'CstParser' and its subclasses.
src/entities/spl/lib/parser/grammar/rules/pipeline.ts(39,35): error TS2345: Argument of type 'ParserMethod<[], unknown>' is not assignable to parameter of type 'ParserMethod<[], CstNode>'.
  Type 'unknown' is not assignable to type 'CstNode'.
src/entities/spl/lib/parser/grammar/rules/pipeline.ts(40,27): error TS2445: Property 'SUBRULE' is protected and only accessible within class 'CstParser' and its subclasses.
src/entities/spl/lib/parser/grammar/rules/pipeline.ts(40,35): error TS2345: Argument of type 'ParserMethod<[], unknown>' is not assignable to parameter of type 'ParserMethod<[], CstNode>'.
  Type 'unknown' is not assignable to type 'CstNode'.
src/entities/spl/lib/parser/grammar/rules/pipeline.ts(41,27): error TS2445: Property 'SUBRULE' is protected and only accessible within class 'CstParser' and its subclasses.
src/entities/spl/lib/parser/grammar/rules/pipeline.ts(41,35): error TS2345: Argument of type 'ParserMethod<[], unknown>' is not assignable to parameter of type 'ParserMethod<[], CstNode>'.
  Type 'unknown' is not assignable to type 'CstNode'.
src/entities/spl/lib/parser/grammar/rules/pipeline.ts(42,27): error TS2445: Property 'SUBRULE' is protected and only accessible within class 'CstParser' and its subclasses.
src/entities/spl/lib/parser/grammar/rules/pipeline.ts(42,35): error TS2345: Argument of type 'ParserMethod<[], unknown>' is not assignable to parameter of type 'ParserMethod<[], CstNode>'.
  Type 'unknown' is not assignable to type 'CstNode'.
src/entities/spl/lib/parser/grammar/rules/pipeline.ts(43,27): error TS2445: Property 'SUBRULE' is protected and only accessible within class 'CstParser' and its subclasses.
src/entities/spl/lib/parser/grammar/rules/pipeline.ts(43,35): error TS2345: Argument of type 'ParserMethod<[], unknown>' is not assignable to parameter of type 'ParserMethod<[], CstNode>'.
  Type 'unknown' is not assignable to type 'CstNode'.
src/entities/spl/lib/parser/grammar/rules/pipeline.ts(44,27): error TS2445: Property 'SUBRULE' is protected and only accessible within class 'CstParser' and its subclasses.
src/entities/spl/lib/parser/grammar/rules/pipeline.ts(44,35): error TS2345: Argument of type 'ParserMethod<[], unknown>' is not assignable to parameter of type 'ParserMethod<[], CstNode>'.
  Type 'unknown' is not assignable to type 'CstNode'.
src/entities/spl/lib/parser/grammar/rules/pipeline.ts(47,27): error TS2445: Property 'SUBRULE' is protected and only accessible within class 'CstParser' and its subclasses.
src/entities/spl/lib/parser/grammar/rules/pipeline.ts(47,35): error TS2345: Argument of type 'ParserMethod<[], unknown>' is not assignable to parameter of type 'ParserMethod<[], CstNode>'.
  Type 'unknown' is not assignable to type 'CstNode'.
src/entities/spl/lib/parser/grammar/rules/pipeline.ts(48,27): error TS2445: Property 'SUBRULE' is protected and only accessible within class 'CstParser' and its subclasses.
src/entities/spl/lib/parser/grammar/rules/pipeline.ts(48,35): error TS2345: Argument of type 'ParserMethod<[], unknown>' is not assignable to parameter of type 'ParserMethod<[], CstNode>'.
  Type 'unknown' is not assignable to type 'CstNode'.
src/entities/spl/lib/parser/grammar/rules/pipeline.ts(51,27): error TS2445: Property 'SUBRULE' is protected and only accessible within class 'CstParser' and its subclasses.
src/entities/spl/lib/parser/grammar/rules/pipeline.ts(51,35): error TS2345: Argument of type 'ParserMethod<[], unknown>' is not assignable to parameter of type 'ParserMethod<[], CstNode>'.
  Type 'unknown' is not assignable to type 'CstNode'.
src/entities/spl/lib/parser/grammar/rules/pipeline.ts(52,27): error TS2445: Property 'SUBRULE' is protected and only accessible within class 'CstParser' and its subclasses.
src/entities/spl/lib/parser/grammar/rules/pipeline.ts(52,35): error TS2345: Argument of type 'ParserMethod<[], unknown>' is not assignable to parameter of type 'ParserMethod<[], CstNode>'.
  Type 'unknown' is not assignable to type 'CstNode'.
src/entities/spl/lib/parser/grammar/rules/pipeline.ts(53,27): error TS2445: Property 'SUBRULE' is protected and only accessible within class 'CstParser' and its subclasses.
src/entities/spl/lib/parser/grammar/rules/pipeline.ts(53,35): error TS2345: Argument of type 'ParserMethod<[], unknown>' is not assignable to parameter of type 'ParserMethod<[], CstNode>'.
  Type 'unknown' is not assignable to type 'CstNode'.
src/entities/spl/lib/parser/grammar/rules/pipeline.ts(54,27): error TS2445: Property 'SUBRULE' is protected and only accessible within class 'CstParser' and its subclasses.
src/entities/spl/lib/parser/grammar/rules/pipeline.ts(54,35): error TS2345: Argument of type 'ParserMethod<[], unknown>' is not assignable to parameter of type 'ParserMethod<[], CstNode>'.
  Type 'unknown' is not assignable to type 'CstNode'.
src/entities/spl/lib/parser/grammar/rules/pipeline.ts(55,27): error TS2445: Property 'SUBRULE' is protected and only accessible within class 'CstParser' and its subclasses.
src/entities/spl/lib/parser/grammar/rules/pipeline.ts(55,35): error TS2345: Argument of type 'ParserMethod<[], unknown>' is not assignable to parameter of type 'ParserMethod<[], CstNode>'.
  Type 'unknown' is not assignable to type 'CstNode'.
src/entities/spl/lib/parser/grammar/rules/pipeline.ts(56,27): error TS2445: Property 'SUBRULE' is protected and only accessible within class 'CstParser' and its subclasses.
src/entities/spl/lib/parser/grammar/rules/pipeline.ts(56,35): error TS2345: Argument of type 'ParserMethod<[], unknown>' is not assignable to parameter of type 'ParserMethod<[], CstNode>'.
  Type 'unknown' is not assignable to type 'CstNode'.
src/entities/spl/lib/parser/grammar/rules/pipeline.ts(57,27): error TS2445: Property 'SUBRULE' is protected and only accessible within class 'CstParser' and its subclasses.
src/entities/spl/lib/parser/grammar/rules/pipeline.ts(57,35): error TS2345: Argument of type 'ParserMethod<[], unknown>' is not assignable to parameter of type 'ParserMethod<[], CstNode>'.
  Type 'unknown' is not assignable to type 'CstNode'.
src/entities/spl/lib/parser/grammar/rules/pipeline.ts(58,27): error TS2445: Property 'SUBRULE' is protected and only accessible within class 'CstParser' and its subclasses.
src/entities/spl/lib/parser/grammar/rules/pipeline.ts(58,35): error TS2345: Argument of type 'ParserMethod<[], unknown>' is not assignable to parameter of type 'ParserMethod<[], CstNode>'.
  Type 'unknown' is not assignable to type 'CstNode'.
src/entities/spl/lib/parser/grammar/rules/pipeline.ts(59,27): error TS2445: Property 'SUBRULE' is protected and only accessible within class 'CstParser' and its subclasses.
src/entities/spl/lib/parser/grammar/rules/pipeline.ts(59,35): error TS2345: Argument of type 'ParserMethod<[], unknown>' is not assignable to parameter of type 'ParserMethod<[], CstNode>'.
  Type 'unknown' is not assignable to type 'CstNode'.
src/entities/spl/lib/parser/grammar/rules/pipeline.ts(62,27): error TS2445: Property 'SUBRULE' is protected and only accessible within class 'CstParser' and its subclasses.
src/entities/spl/lib/parser/grammar/rules/pipeline.ts(62,35): error TS2345: Argument of type 'ParserMethod<[], unknown>' is not assignable to parameter of type 'ParserMethod<[], CstNode>'.
  Type 'unknown' is not assignable to type 'CstNode'.
src/entities/spl/lib/parser/grammar/rules/pipeline.ts(63,27): error TS2445: Property 'SUBRULE' is protected and only accessible within class 'CstParser' and its subclasses.
src/entities/spl/lib/parser/grammar/rules/pipeline.ts(63,35): error TS2345: Argument of type 'ParserMethod<[], unknown>' is not assignable to parameter of type 'ParserMethod<[], CstNode>'.
  Type 'unknown' is not assignable to type 'CstNode'.
src/entities/spl/lib/parser/grammar/rules/pipeline.ts(64,27): error TS2445: Property 'SUBRULE' is protected and only accessible within class 'CstParser' and its subclasses.
src/entities/spl/lib/parser/grammar/rules/pipeline.ts(64,35): error TS2345: Argument of type 'ParserMethod<[], unknown>' is not assignable to parameter of type 'ParserMethod<[], CstNode>'.
  Type 'unknown' is not assignable to type 'CstNode'.
src/entities/spl/lib/parser/grammar/rules/pipeline.ts(65,27): error TS2445: Property 'SUBRULE' is protected and only accessible within class 'CstParser' and its subclasses.
src/entities/spl/lib/parser/grammar/rules/pipeline.ts(65,35): error TS2345: Argument of type 'ParserMethod<[], unknown>' is not assignable to parameter of type 'ParserMethod<[], CstNode>'.
  Type 'unknown' is not assignable to type 'CstNode'.
src/entities/spl/lib/parser/grammar/rules/pipeline.ts(66,27): error TS2445: Property 'SUBRULE' is protected and only accessible within class 'CstParser' and its subclasses.
src/entities/spl/lib/parser/grammar/rules/pipeline.ts(66,35): error TS2345: Argument of type 'ParserMethod<[], unknown>' is not assignable to parameter of type 'ParserMethod<[], CstNode>'.
  Type 'unknown' is not assignable to type 'CstNode'.
src/entities/spl/lib/parser/grammar/rules/pipeline.ts(67,27): error TS2445: Property 'SUBRULE' is protected and only accessible within class 'CstParser' and its subclasses.
src/entities/spl/lib/parser/grammar/rules/pipeline.ts(67,35): error TS2345: Argument of type 'ParserMethod<[], unknown>' is not assignable to parameter of type 'ParserMethod<[], CstNode>'.
  Type 'unknown' is not assignable to type 'CstNode'.
src/entities/spl/lib/parser/grammar/rules/pipeline.ts(68,27): error TS2445: Property 'SUBRULE' is protected and only accessible within class 'CstParser' and its subclasses.
src/entities/spl/lib/parser/grammar/rules/pipeline.ts(68,35): error TS2345: Argument of type 'ParserMethod<[], unknown>' is not assignable to parameter of type 'ParserMethod<[], CstNode>'.
  Type 'unknown' is not assignable to type 'CstNode'.
src/entities/spl/lib/parser/grammar/rules/pipeline.ts(71,27): error TS2445: Property 'SUBRULE' is protected and only accessible within class 'CstParser' and its subclasses.
src/entities/spl/lib/parser/grammar/rules/pipeline.ts(71,35): error TS2345: Argument of type 'ParserMethod<[], unknown>' is not assignable to parameter of type 'ParserMethod<[], CstNode>'.
  Type 'unknown' is not assignable to type 'CstNode'.
src/entities/spl/lib/parser/grammar/rules/pipeline.ts(72,27): error TS2445: Property 'SUBRULE' is protected and only accessible within class 'CstParser' and its subclasses.
src/entities/spl/lib/parser/grammar/rules/pipeline.ts(72,35): error TS2345: Argument of type 'ParserMethod<[], unknown>' is not assignable to parameter of type 'ParserMethod<[], CstNode>'.
  Type 'unknown' is not assignable to type 'CstNode'.
src/entities/spl/lib/parser/grammar/rules/pipeline.ts(73,27): error TS2445: Property 'SUBRULE' is protected and only accessible within class 'CstParser' and its subclasses.
src/entities/spl/lib/parser/grammar/rules/pipeline.ts(73,35): error TS2345: Argument of type 'ParserMethod<[], unknown>' is not assignable to parameter of type 'ParserMethod<[], CstNode>'.
  Type 'unknown' is not assignable to type 'CstNode'.
src/entities/spl/lib/parser/grammar/rules/pipeline.ts(74,27): error TS2445: Property 'SUBRULE' is protected and only accessible within class 'CstParser' and its subclasses.
src/entities/spl/lib/parser/grammar/rules/pipeline.ts(74,35): error TS2345: Argument of type 'ParserMethod<[], unknown>' is not assignable to parameter of type 'ParserMethod<[], CstNode>'.
  Type 'unknown' is not assignable to type 'CstNode'.
src/entities/spl/lib/parser/grammar/rules/pipeline.ts(75,27): error TS2445: Property 'SUBRULE' is protected and only accessible within class 'CstParser' and its subclasses.
src/entities/spl/lib/parser/grammar/rules/pipeline.ts(75,35): error TS2345: Argument of type 'ParserMethod<[], unknown>' is not assignable to parameter of type 'ParserMethod<[], CstNode>'.
  Type 'unknown' is not assignable to type 'CstNode'.
src/entities/spl/lib/parser/grammar/rules/pipeline.ts(78,27): error TS2445: Property 'SUBRULE' is protected and only accessible within class 'CstParser' and its subclasses.
src/entities/spl/lib/parser/grammar/rules/pipeline.ts(78,35): error TS2345: Argument of type 'ParserMethod<[], unknown>' is not assignable to parameter of type 'ParserMethod<[], CstNode>'.
  Type 'unknown' is not assignable to type 'CstNode'.
src/entities/spl/lib/parser/grammar/rules/search.ts(18,36): error TS2445: Property 'RULE' is protected and only accessible within class 'CstParser' and its subclasses.
src/entities/spl/lib/parser/grammar/rules/search.ts(19,12): error TS2445: Property 'AT_LEAST_ONE' is protected and only accessible within class 'BaseParser' and its subclasses.
src/entities/spl/lib/parser/grammar/rules/search.ts(19,38): error TS2445: Property 'SUBRULE' is protected and only accessible within class 'CstParser' and its subclasses.
src/entities/spl/lib/parser/grammar/rules/search.ts(19,46): error TS2345: Argument of type 'ParserMethod<[], unknown>' is not assignable to parameter of type 'ParserMethod<[], CstNode>'.
  Type 'unknown' is not assignable to type 'CstNode'.
src/entities/spl/lib/parser/grammar/rules/search.ts(26,30): error TS2445: Property 'RULE' is protected and only accessible within class 'CstParser' and its subclasses.
src/entities/spl/lib/parser/grammar/rules/search.ts(27,12): error TS2445: Property 'OR' is protected and only accessible within class 'BaseParser' and its subclasses.
src/entities/spl/lib/parser/grammar/rules/search.ts(28,27): error TS2445: Property 'CONSUME' is protected and only accessible within class 'BaseParser' and its subclasses.
src/entities/spl/lib/parser/grammar/rules/search.ts(29,27): error TS2445: Property 'CONSUME' is protected and only accessible within class 'BaseParser' and its subclasses.
src/entities/spl/lib/parser/grammar/rules/search.ts(30,27): error TS2445: Property 'CONSUME' is protected and only accessible within class 'BaseParser' and its subclasses.
src/entities/spl/lib/parser/grammar/rules/search.ts(31,27): error TS2445: Property 'SUBRULE' is protected and only accessible within class 'CstParser' and its subclasses.
src/entities/spl/lib/parser/grammar/rules/search.ts(31,35): error TS2345: Argument of type 'ParserMethod<[], unknown>' is not assignable to parameter of type 'ParserMethod<[], CstNode>'.
  Type 'unknown' is not assignable to type 'CstNode'.
src/entities/spl/lib/parser/grammar/rules/search.ts(32,27): error TS2445: Property 'SUBRULE' is protected and only accessible within class 'CstParser' and its subclasses.
src/entities/spl/lib/parser/grammar/rules/search.ts(32,35): error TS2345: Argument of type 'ParserMethod<[], unknown>' is not assignable to parameter of type 'ParserMethod<[], CstNode>'.
  Type 'unknown' is not assignable to type 'CstNode'.
src/entities/spl/lib/parser/grammar/rules/search.ts(33,27): error TS2445: Property 'SUBRULE' is protected and only accessible within class 'CstParser' and its subclasses.
src/entities/spl/lib/parser/grammar/rules/search.ts(33,35): error TS2345: Argument of type 'ParserMethod<[], unknown>' is not assignable to parameter of type 'ParserMethod<[], CstNode>'.
  Type 'unknown' is not assignable to type 'CstNode'.
src/entities/spl/lib/parser/grammar/rules/search.ts(34,27): error TS2445: Property 'SUBRULE' is protected and only accessible within class 'CstParser' and its subclasses.
src/entities/spl/lib/parser/grammar/rules/search.ts(34,35): error TS2345: Argument of type 'ParserMethod<[], unknown>' is not assignable to parameter of type 'ParserMethod<[], CstNode>'.
  Type 'unknown' is not assignable to type 'CstNode'.
src/entities/spl/lib/parser/grammar/rules/search.ts(41,33): error TS2445: Property 'RULE' is protected and only accessible within class 'CstParser' and its subclasses.
src/entities/spl/lib/parser/grammar/rules/search.ts(42,12): error TS2445: Property 'CONSUME' is protected and only accessible within class 'BaseParser' and its subclasses.
src/entities/spl/lib/parser/grammar/rules/search.ts(43,12): error TS2445: Property 'SUBRULE' is protected and only accessible within class 'CstParser' and its subclasses.
src/entities/spl/lib/parser/grammar/rules/search.ts(43,20): error TS2345: Argument of type 'ParserMethod<[], unknown>' is not assignable to parameter of type 'ParserMethod<[], CstNode>'.
  Type 'unknown' is not assignable to type 'CstNode'.
src/entities/spl/lib/parser/grammar/rules/search.ts(44,12): error TS2445: Property 'CONSUME' is protected and only accessible within class 'BaseParser' and its subclasses.
src/entities/spl/lib/parser/grammar/rules/search.ts(50,35): error TS2445: Property 'RULE' is protected and only accessible within class 'CstParser' and its subclasses.
src/entities/spl/lib/parser/grammar/rules/search.ts(51,12): error TS2445: Property 'CONSUME' is protected and only accessible within class 'BaseParser' and its subclasses.
src/entities/spl/lib/parser/grammar/rules/search.ts(52,12): error TS2445: Property 'OR' is protected and only accessible within class 'BaseParser' and its subclasses.
src/entities/spl/lib/parser/grammar/rules/search.ts(53,27): error TS2445: Property 'CONSUME' is protected and only accessible within class 'BaseParser' and its subclasses.
src/entities/spl/lib/parser/grammar/rules/search.ts(54,27): error TS2445: Property 'CONSUME' is protected and only accessible within class 'BaseParser' and its subclasses.
src/entities/spl/lib/parser/grammar/rules/search.ts(55,27): error TS2445: Property 'CONSUME' is protected and only accessible within class 'BaseParser' and its subclasses.
src/entities/spl/lib/parser/grammar/rules/search.ts(56,27): error TS2445: Property 'CONSUME' is protected and only accessible within class 'BaseParser' and its subclasses.
src/entities/spl/lib/parser/grammar/rules/search.ts(58,12): error TS2445: Property 'SUBRULE' is protected and only accessible within class 'CstParser' and its subclasses.
src/entities/spl/lib/parser/grammar/rules/search.ts(58,20): error TS2345: Argument of type 'ParserMethod<[], unknown>' is not assignable to parameter of type 'ParserMethod<[], CstNode>'.
  Type 'unknown' is not assignable to type 'CstNode'.
src/entities/spl/lib/parser/grammar/rules/search.ts(65,31): error TS2445: Property 'RULE' is protected and only accessible within class 'CstParser' and its subclasses.
src/entities/spl/lib/parser/grammar/rules/search.ts(66,12): error TS2445: Property 'OR' is protected and only accessible within class 'BaseParser' and its subclasses.
src/entities/spl/lib/parser/grammar/rules/search.ts(67,27): error TS2445: Property 'CONSUME' is protected and only accessible within class 'BaseParser' and its subclasses.
src/entities/spl/lib/parser/grammar/rules/search.ts(68,27): error TS2445: Property 'CONSUME' is protected and only accessible within class 'BaseParser' and its subclasses.
src/entities/spl/lib/parser/grammar/rules/search.ts(69,27): error TS2445: Property 'CONSUME' is protected and only accessible within class 'BaseParser' and its subclasses.
src/entities/spl/lib/parser/grammar/rules/search.ts(70,27): error TS2445: Property 'CONSUME' is protected and only accessible within class 'BaseParser' and its subclasses.
src/entities/spl/lib/parser/grammar/rules/search.ts(71,27): error TS2445: Property 'CONSUME' is protected and only accessible within class 'BaseParser' and its subclasses.
src/entities/spl/lib/parser/grammar/rules/search.ts(72,27): error TS2445: Property 'CONSUME' is protected and only accessible within class 'BaseParser' and its subclasses.
src/entities/spl/lib/parser/grammar/rules/search.ts(80,36): error TS2445: Property 'RULE' is protected and only accessible within class 'CstParser' and its subclasses.
src/entities/spl/lib/parser/grammar/rules/search.ts(81,12): error TS2445: Property 'OR' is protected and only accessible within class 'BaseParser' and its subclasses.
src/entities/spl/lib/parser/grammar/rules/search.ts(82,27): error TS2445: Property 'CONSUME' is protected and only accessible within class 'BaseParser' and its subclasses.
src/entities/spl/lib/parser/grammar/rules/search.ts(83,27): error TS2445: Property 'CONSUME' is protected and only accessible within class 'BaseParser' and its subclasses.
src/entities/spl/lib/parser/grammar/rules/search.ts(84,27): error TS2445: Property 'CONSUME' is protected and only accessible within class 'BaseParser' and its subclasses.
src/entities/spl/lib/parser/index.ts(90,24): error TS2345: Argument of type 'unknown' is not assignable to parameter of type 'CstNode'.
src/entities/spl/lib/parser/lexer/index.ts(10,15): error TS2305: Module '"./tokens"' has no exported member 'TokenType'.
src/entities/spl/lib/parser/patterns/aggregation/bin-grammar.ts(6,1): error TS2304: Cannot find name 'parser'.
src/entities/spl/lib/parser/patterns/aggregation/bin-grammar.ts(6,21): error TS2304: Cannot find name 'parser'.
src/entities/spl/lib/parser/patterns/aggregation/bin-grammar.ts(7,3): error TS2304: Cannot find name 'parser'.
src/entities/spl/lib/parser/patterns/aggregation/bin-grammar.ts(7,18): error TS2304: Cannot find name 't'.
src/entities/spl/lib/parser/patterns/aggregation/bin-grammar.ts(8,3): error TS2304: Cannot find name 'parser'.
src/entities/spl/lib/parser/patterns/aggregation/bin-grammar.ts(9,5): error TS2304: Cannot find name 'parser'.
src/entities/spl/lib/parser/patterns/aggregation/bin-grammar.ts(9,20): error TS2304: Cannot find name 't'.
src/entities/spl/lib/parser/patterns/aggregation/bin-grammar.ts(11,3): error TS2304: Cannot find name 'parser'.
src/entities/spl/lib/parser/patterns/aggregation/bin-grammar.ts(11,18): error TS2304: Cannot find name 't'.
src/entities/spl/lib/parser/patterns/aggregation/bin-grammar.ts(12,3): error TS2304: Cannot find name 'parser'.
src/entities/spl/lib/parser/patterns/aggregation/bin-grammar.ts(13,5): error TS2304: Cannot find name 'parser'.
src/entities/spl/lib/parser/patterns/aggregation/bin-grammar.ts(13,20): error TS2304: Cannot find name 't'.
src/entities/spl/lib/parser/patterns/aggregation/bin-grammar.ts(14,5): error TS2304: Cannot find name 'parser'.
src/entities/spl/lib/parser/patterns/aggregation/bin-grammar.ts(14,20): error TS2304: Cannot find name 't'.
src/entities/spl/lib/parser/patterns/aggregation/chart-grammar.ts(6,1): error TS2304: Cannot find name 'parser'.
src/entities/spl/lib/parser/patterns/aggregation/chart-grammar.ts(6,23): error TS2304: Cannot find name 'parser'.
src/entities/spl/lib/parser/patterns/aggregation/chart-grammar.ts(7,3): error TS2304: Cannot find name 'parser'.
src/entities/spl/lib/parser/patterns/aggregation/chart-grammar.ts(7,18): error TS2304: Cannot find name 't'.
src/entities/spl/lib/parser/patterns/aggregation/chart-grammar.ts(8,3): error TS2304: Cannot find name 'parser'.
src/entities/spl/lib/parser/patterns/aggregation/chart-grammar.ts(8,18): error TS2304: Cannot find name 't'.
src/entities/spl/lib/parser/patterns/aggregation/eventstats-grammar.ts(6,1): error TS2304: Cannot find name 'parser'.
src/entities/spl/lib/parser/patterns/aggregation/eventstats-grammar.ts(6,28): error TS2304: Cannot find name 'parser'.
src/entities/spl/lib/parser/patterns/aggregation/eventstats-grammar.ts(7,3): error TS2304: Cannot find name 'parser'.
src/entities/spl/lib/parser/patterns/aggregation/eventstats-grammar.ts(7,18): error TS2304: Cannot find name 't'.
src/entities/spl/lib/parser/patterns/aggregation/eventstats-grammar.ts(8,3): error TS2304: Cannot find name 'parser'.
src/entities/spl/lib/parser/patterns/aggregation/eventstats-grammar.ts(9,5): error TS2304: Cannot find name 'parser'.
src/entities/spl/lib/parser/patterns/aggregation/eventstats-grammar.ts(9,20): error TS2304: Cannot find name 't'.
src/entities/spl/lib/parser/patterns/aggregation/eventstats-grammar.ts(11,3): error TS2304: Cannot find name 'parser'.
src/entities/spl/lib/parser/patterns/aggregation/eventstats-grammar.ts(12,5): error TS2304: Cannot find name 'parser'.
src/entities/spl/lib/parser/patterns/aggregation/eventstats-grammar.ts(12,20): error TS2304: Cannot find name 't'.
src/entities/spl/lib/parser/patterns/aggregation/eventstats-grammar.ts(14,3): error TS2304: Cannot find name 'parser'.
src/entities/spl/lib/parser/patterns/aggregation/eventstats-grammar.ts(15,5): error TS2304: Cannot find name 'parser'.
src/entities/spl/lib/parser/patterns/aggregation/eventstats-grammar.ts(15,20): error TS2304: Cannot find name 't'.
src/entities/spl/lib/parser/patterns/aggregation/rare-grammar.ts(6,1): error TS2304: Cannot find name 'parser'.
src/entities/spl/lib/parser/patterns/aggregation/rare-grammar.ts(6,22): error TS2304: Cannot find name 'parser'.
src/entities/spl/lib/parser/patterns/aggregation/rare-grammar.ts(7,3): error TS2304: Cannot find name 'parser'.
src/entities/spl/lib/parser/patterns/aggregation/rare-grammar.ts(7,18): error TS2304: Cannot find name 't'.
src/entities/spl/lib/parser/patterns/aggregation/rare-grammar.ts(8,3): error TS2304: Cannot find name 'parser'.
src/entities/spl/lib/parser/patterns/aggregation/rare-grammar.ts(8,18): error TS2304: Cannot find name 't'.
src/entities/spl/lib/parser/patterns/aggregation/stats-grammar.ts(6,1): error TS2304: Cannot find name 'parser'.
src/entities/spl/lib/parser/patterns/aggregation/stats-grammar.ts(6,23): error TS2304: Cannot find name 'parser'.
src/entities/spl/lib/parser/patterns/aggregation/stats-grammar.ts(7,3): error TS2304: Cannot find name 'parser'.
src/entities/spl/lib/parser/patterns/aggregation/stats-grammar.ts(7,18): error TS2304: Cannot find name 't'.
src/entities/spl/lib/parser/patterns/aggregation/stats-grammar.ts(8,3): error TS2304: Cannot find name 'parser'.
src/entities/spl/lib/parser/patterns/aggregation/stats-grammar.ts(8,18): error TS2304: Cannot find name 't'.
src/entities/spl/lib/parser/patterns/aggregation/streamstats-grammar-refined.ts(12,1): error TS2304: Cannot find name 'parser'.
src/entities/spl/lib/parser/patterns/aggregation/streamstats-grammar-refined.ts(12,29): error TS2304: Cannot find name 'parser'.
src/entities/spl/lib/parser/patterns/aggregation/streamstats-grammar-refined.ts(13,3): error TS2304: Cannot find name 'parser'.
src/entities/spl/lib/parser/patterns/aggregation/streamstats-grammar-refined.ts(13,18): error TS2304: Cannot find name 't'.
src/entities/spl/lib/parser/patterns/aggregation/streamstats-grammar-refined.ts(17,3): error TS2304: Cannot find name 'parser'.
src/entities/spl/lib/parser/patterns/aggregation/streamstats-grammar-refined.ts(18,5): error TS2304: Cannot find name 'parser'.
src/entities/spl/lib/parser/patterns/aggregation/streamstats-grammar-refined.ts(21,9): error TS2304: Cannot find name 'parser'.
src/entities/spl/lib/parser/patterns/aggregation/streamstats-grammar-refined.ts(21,24): error TS2304: Cannot find name 't'.
src/entities/spl/lib/parser/patterns/aggregation/streamstats-grammar-refined.ts(22,9): error TS2304: Cannot find name 'parser'.
src/entities/spl/lib/parser/patterns/aggregation/streamstats-grammar-refined.ts(22,24): error TS2304: Cannot find name 't'.
src/entities/spl/lib/parser/patterns/aggregation/streamstats-grammar-refined.ts(23,9): error TS2304: Cannot find name 'parser'.
src/entities/spl/lib/parser/patterns/aggregation/streamstats-grammar-refined.ts(23,24): error TS2304: Cannot find name 't'.
src/entities/spl/lib/parser/patterns/aggregation/streamstats-grammar-refined.ts(28,9): error TS2304: Cannot find name 'parser'.
src/entities/spl/lib/parser/patterns/aggregation/streamstats-grammar-refined.ts(28,25): error TS2304: Cannot find name 't'.
src/entities/spl/lib/parser/patterns/aggregation/streamstats-grammar-refined.ts(29,9): error TS2304: Cannot find name 'parser'.
src/entities/spl/lib/parser/patterns/aggregation/streamstats-grammar-refined.ts(29,25): error TS2304: Cannot find name 't'.
src/entities/spl/lib/parser/patterns/aggregation/streamstats-grammar-refined.ts(30,9): error TS2304: Cannot find name 'parser'.
src/entities/spl/lib/parser/patterns/aggregation/streamstats-grammar-refined.ts(30,24): error TS2304: Cannot find name 't'.
src/entities/spl/lib/parser/patterns/aggregation/streamstats-grammar-refined.ts(35,9): error TS2304: Cannot find name 'parser'.
src/entities/spl/lib/parser/patterns/aggregation/streamstats-grammar-refined.ts(35,25): error TS2304: Cannot find name 't'.
src/entities/spl/lib/parser/patterns/aggregation/streamstats-grammar-refined.ts(36,9): error TS2304: Cannot find name 'parser'.
src/entities/spl/lib/parser/patterns/aggregation/streamstats-grammar-refined.ts(36,25): error TS2304: Cannot find name 't'.
src/entities/spl/lib/parser/patterns/aggregation/streamstats-grammar-refined.ts(37,9): error TS2304: Cannot find name 'parser'.
src/entities/spl/lib/parser/patterns/aggregation/streamstats-grammar-refined.ts(37,24): error TS2304: Cannot find name 't'.
src/entities/spl/lib/parser/patterns/aggregation/streamstats-grammar-refined.ts(42,9): error TS2304: Cannot find name 'parser'.
src/entities/spl/lib/parser/patterns/aggregation/streamstats-grammar-refined.ts(42,25): error TS2304: Cannot find name 't'.
src/entities/spl/lib/parser/patterns/aggregation/streamstats-grammar-refined.ts(43,9): error TS2304: Cannot find name 'parser'.
src/entities/spl/lib/parser/patterns/aggregation/streamstats-grammar-refined.ts(43,25): error TS2304: Cannot find name 't'.
src/entities/spl/lib/parser/patterns/aggregation/streamstats-grammar-refined.ts(44,9): error TS2304: Cannot find name 'parser'.
src/entities/spl/lib/parser/patterns/aggregation/streamstats-grammar-refined.ts(44,25): error TS2304: Cannot find name 't'.
src/entities/spl/lib/parser/patterns/aggregation/streamstats-grammar-refined.ts(49,9): error TS2304: Cannot find name 'parser'.
src/entities/spl/lib/parser/patterns/aggregation/streamstats-grammar-refined.ts(49,25): error TS2304: Cannot find name 't'.
src/entities/spl/lib/parser/patterns/aggregation/streamstats-grammar-refined.ts(50,9): error TS2304: Cannot find name 'parser'.
src/entities/spl/lib/parser/patterns/aggregation/streamstats-grammar-refined.ts(50,25): error TS2304: Cannot find name 't'.
src/entities/spl/lib/parser/patterns/aggregation/streamstats-grammar-refined.ts(51,9): error TS2304: Cannot find name 'parser'.
src/entities/spl/lib/parser/patterns/aggregation/streamstats-grammar-refined.ts(51,25): error TS2304: Cannot find name 't'.
src/entities/spl/lib/parser/patterns/aggregation/streamstats-grammar-refined.ts(56,9): error TS2304: Cannot find name 'parser'.
src/entities/spl/lib/parser/patterns/aggregation/streamstats-grammar-refined.ts(56,25): error TS2304: Cannot find name 't'.
src/entities/spl/lib/parser/patterns/aggregation/streamstats-grammar-refined.ts(57,9): error TS2304: Cannot find name 'parser'.
src/entities/spl/lib/parser/patterns/aggregation/streamstats-grammar-refined.ts(57,25): error TS2304: Cannot find name 't'.
src/entities/spl/lib/parser/patterns/aggregation/streamstats-grammar-refined.ts(58,9): error TS2304: Cannot find name 'parser'.
src/entities/spl/lib/parser/patterns/aggregation/streamstats-grammar-refined.ts(58,25): error TS2304: Cannot find name 't'.
src/entities/spl/lib/parser/patterns/aggregation/streamstats-grammar-refined.ts(63,9): error TS2304: Cannot find name 'parser'.
src/entities/spl/lib/parser/patterns/aggregation/streamstats-grammar-refined.ts(63,25): error TS2304: Cannot find name 't'.
src/entities/spl/lib/parser/patterns/aggregation/streamstats-grammar-refined.ts(64,9): error TS2304: Cannot find name 'parser'.
src/entities/spl/lib/parser/patterns/aggregation/streamstats-grammar-refined.ts(64,25): error TS2304: Cannot find name 't'.
src/entities/spl/lib/parser/patterns/aggregation/streamstats-grammar-refined.ts(65,9): error TS2304: Cannot find name 'parser'.
src/entities/spl/lib/parser/patterns/aggregation/streamstats-grammar-refined.ts(65,25): error TS2304: Cannot find name 't'.
src/entities/spl/lib/parser/patterns/aggregation/streamstats-grammar-refined.ts(70,9): error TS2304: Cannot find name 'parser'.
src/entities/spl/lib/parser/patterns/aggregation/streamstats-grammar-refined.ts(70,25): error TS2304: Cannot find name 't'.
src/entities/spl/lib/parser/patterns/aggregation/streamstats-grammar-refined.ts(71,9): error TS2304: Cannot find name 'parser'.
src/entities/spl/lib/parser/patterns/aggregation/streamstats-grammar-refined.ts(71,25): error TS2304: Cannot find name 't'.
src/entities/spl/lib/parser/patterns/aggregation/streamstats-grammar-refined.ts(72,9): error TS2304: Cannot find name 'parser'.
src/entities/spl/lib/parser/patterns/aggregation/streamstats-grammar-refined.ts(72,25): error TS2304: Cannot find name 't'.
src/entities/spl/lib/parser/patterns/aggregation/streamstats-grammar-refined.ts(79,3): error TS2304: Cannot find name 'parser'.
src/entities/spl/lib/parser/patterns/aggregation/streamstats-grammar-refined.ts(81,5): error TS2304: Cannot find name 'parser'.
src/entities/spl/lib/parser/patterns/aggregation/streamstats-grammar-refined.ts(81,20): error TS2304: Cannot find name 'parser'.
src/entities/spl/lib/parser/patterns/aggregation/streamstats-grammar-refined.ts(85,3): error TS2304: Cannot find name 'parser'.
src/entities/spl/lib/parser/patterns/aggregation/streamstats-grammar-refined.ts(86,5): error TS2304: Cannot find name 'parser'.
src/entities/spl/lib/parser/patterns/aggregation/streamstats-grammar-refined.ts(86,20): error TS2304: Cannot find name 't'.
src/entities/spl/lib/parser/patterns/aggregation/streamstats-grammar-refined.ts(87,5): error TS2304: Cannot find name 'parser'.
src/entities/spl/lib/parser/patterns/aggregation/streamstats-grammar-refined.ts(87,20): error TS2304: Cannot find name 'parser'.
src/entities/spl/lib/parser/patterns/aggregation/streamstats-grammar.ts(6,1): error TS2304: Cannot find name 'parser'.
src/entities/spl/lib/parser/patterns/aggregation/streamstats-grammar.ts(6,29): error TS2304: Cannot find name 'parser'.
src/entities/spl/lib/parser/patterns/aggregation/streamstats-grammar.ts(7,3): error TS2304: Cannot find name 'parser'.
src/entities/spl/lib/parser/patterns/aggregation/streamstats-grammar.ts(7,18): error TS2304: Cannot find name 't'.
src/entities/spl/lib/parser/patterns/aggregation/streamstats-grammar.ts(8,3): error TS2304: Cannot find name 'parser'.
src/entities/spl/lib/parser/patterns/aggregation/streamstats-grammar.ts(9,5): error TS2304: Cannot find name 'parser'.
src/entities/spl/lib/parser/patterns/aggregation/streamstats-grammar.ts(11,7): error TS2304: Cannot find name 'parser'.
src/entities/spl/lib/parser/patterns/aggregation/streamstats-grammar.ts(11,22): error TS2304: Cannot find name 't'.
src/entities/spl/lib/parser/patterns/aggregation/streamstats-grammar.ts(12,7): error TS2304: Cannot find name 'parser'.
src/entities/spl/lib/parser/patterns/aggregation/streamstats-grammar.ts(12,22): error TS2304: Cannot find name 't'.
src/entities/spl/lib/parser/patterns/aggregation/streamstats-grammar.ts(15,7): error TS2304: Cannot find name 'parser'.
src/entities/spl/lib/parser/patterns/aggregation/streamstats-grammar.ts(15,22): error TS2304: Cannot find name 't'.
src/entities/spl/lib/parser/patterns/aggregation/streamstats-grammar.ts(16,7): error TS2304: Cannot find name 'parser'.
src/entities/spl/lib/parser/patterns/aggregation/streamstats-grammar.ts(16,22): error TS2304: Cannot find name 't'.
src/entities/spl/lib/parser/patterns/aggregation/streamstats-grammar.ts(19,7): error TS2304: Cannot find name 'parser'.
src/entities/spl/lib/parser/patterns/aggregation/streamstats-grammar.ts(19,22): error TS2304: Cannot find name 't'.
src/entities/spl/lib/parser/patterns/aggregation/streamstats-grammar.ts(20,7): error TS2304: Cannot find name 'parser'.
src/entities/spl/lib/parser/patterns/aggregation/streamstats-grammar.ts(20,22): error TS2304: Cannot find name 't'.
src/entities/spl/lib/parser/patterns/aggregation/streamstats-grammar.ts(23,7): error TS2304: Cannot find name 'parser'.
src/entities/spl/lib/parser/patterns/aggregation/streamstats-grammar.ts(23,22): error TS2304: Cannot find name 't'.
src/entities/spl/lib/parser/patterns/aggregation/streamstats-grammar.ts(24,7): error TS2304: Cannot find name 'parser'.
src/entities/spl/lib/parser/patterns/aggregation/streamstats-grammar.ts(24,22): error TS2304: Cannot find name 't'.
src/entities/spl/lib/parser/patterns/aggregation/streamstats-grammar.ts(27,7): error TS2304: Cannot find name 'parser'.
src/entities/spl/lib/parser/patterns/aggregation/streamstats-grammar.ts(27,22): error TS2304: Cannot find name 't'.
src/entities/spl/lib/parser/patterns/aggregation/streamstats-grammar.ts(28,7): error TS2304: Cannot find name 'parser'.
src/entities/spl/lib/parser/patterns/aggregation/streamstats-grammar.ts(28,22): error TS2304: Cannot find name 't'.
src/entities/spl/lib/parser/patterns/aggregation/streamstats-grammar.ts(31,7): error TS2304: Cannot find name 'parser'.
src/entities/spl/lib/parser/patterns/aggregation/streamstats-grammar.ts(31,22): error TS2304: Cannot find name 't'.
src/entities/spl/lib/parser/patterns/aggregation/streamstats-grammar.ts(32,7): error TS2304: Cannot find name 'parser'.
src/entities/spl/lib/parser/patterns/aggregation/streamstats-grammar.ts(32,22): error TS2304: Cannot find name 't'.
src/entities/spl/lib/parser/patterns/aggregation/streamstats-grammar.ts(35,7): error TS2304: Cannot find name 'parser'.
src/entities/spl/lib/parser/patterns/aggregation/streamstats-grammar.ts(35,22): error TS2304: Cannot find name 't'.
src/entities/spl/lib/parser/patterns/aggregation/streamstats-grammar.ts(36,7): error TS2304: Cannot find name 'parser'.
src/entities/spl/lib/parser/patterns/aggregation/streamstats-grammar.ts(36,22): error TS2304: Cannot find name 't'.
src/entities/spl/lib/parser/patterns/aggregation/streamstats-grammar.ts(39,7): error TS2304: Cannot find name 'parser'.
src/entities/spl/lib/parser/patterns/aggregation/streamstats-grammar.ts(39,22): error TS2304: Cannot find name 't'.
src/entities/spl/lib/parser/patterns/aggregation/streamstats-grammar.ts(40,7): error TS2304: Cannot find name 'parser'.
src/entities/spl/lib/parser/patterns/aggregation/streamstats-grammar.ts(40,22): error TS2304: Cannot find name 't'.
src/entities/spl/lib/parser/patterns/aggregation/streamstats-grammar.ts(44,3): error TS2304: Cannot find name 'parser'.
src/entities/spl/lib/parser/patterns/aggregation/streamstats-grammar.ts(45,5): error TS2304: Cannot find name 'parser'.
src/entities/spl/lib/parser/patterns/aggregation/streamstats-grammar.ts(45,20): error TS2304: Cannot find name 't'.
src/entities/spl/lib/parser/patterns/aggregation/streamstats-grammar.ts(47,3): error TS2304: Cannot find name 'parser'.
src/entities/spl/lib/parser/patterns/aggregation/streamstats-grammar.ts(48,5): error TS2304: Cannot find name 'parser'.
src/entities/spl/lib/parser/patterns/aggregation/streamstats-grammar.ts(48,20): error TS2304: Cannot find name 't'.
src/entities/spl/lib/parser/patterns/aggregation/streamstats-grammar.ts(49,5): error TS2304: Cannot find name 'parser'.
src/entities/spl/lib/parser/patterns/aggregation/streamstats-grammar.ts(49,20): error TS2304: Cannot find name 't'.
src/entities/spl/lib/parser/patterns/aggregation/timechart-grammar.ts(6,1): error TS2304: Cannot find name 'parser'.
src/entities/spl/lib/parser/patterns/aggregation/timechart-grammar.ts(6,27): error TS2304: Cannot find name 'parser'.
src/entities/spl/lib/parser/patterns/aggregation/timechart-grammar.ts(7,3): error TS2304: Cannot find name 'parser'.
src/entities/spl/lib/parser/patterns/aggregation/timechart-grammar.ts(7,18): error TS2304: Cannot find name 't'.
src/entities/spl/lib/parser/patterns/aggregation/timechart-grammar.ts(8,3): error TS2304: Cannot find name 'parser'.
src/entities/spl/lib/parser/patterns/aggregation/timechart-grammar.ts(8,18): error TS2304: Cannot find name 't'.
src/entities/spl/lib/parser/patterns/aggregation/top-grammar.ts(6,1): error TS2304: Cannot find name 'parser'.
src/entities/spl/lib/parser/patterns/aggregation/top-grammar.ts(6,21): error TS2304: Cannot find name 'parser'.
src/entities/spl/lib/parser/patterns/aggregation/top-grammar.ts(7,3): error TS2304: Cannot find name 'parser'.
src/entities/spl/lib/parser/patterns/aggregation/top-grammar.ts(7,18): error TS2304: Cannot find name 't'.
src/entities/spl/lib/parser/patterns/aggregation/top-grammar.ts(8,3): error TS2304: Cannot find name 'parser'.
src/entities/spl/lib/parser/patterns/aggregation/top-grammar.ts(8,18): error TS2304: Cannot find name 't'.
src/entities/spl/lib/parser/patterns/field-manipulation/addinfo-grammar.ts(6,1): error TS2304: Cannot find name 'parser'.
src/entities/spl/lib/parser/patterns/field-manipulation/addinfo-grammar.ts(6,25): error TS2304: Cannot find name 'parser'.
src/entities/spl/lib/parser/patterns/field-manipulation/addinfo-grammar.ts(7,3): error TS2304: Cannot find name 'parser'.
src/entities/spl/lib/parser/patterns/field-manipulation/addinfo-grammar.ts(7,18): error TS2304: Cannot find name 't'.
src/entities/spl/lib/parser/patterns/field-manipulation/convert-grammar.ts(6,1): error TS2304: Cannot find name 'parser'.
src/entities/spl/lib/parser/patterns/field-manipulation/convert-grammar.ts(6,25): error TS2304: Cannot find name 'parser'.
src/entities/spl/lib/parser/patterns/field-manipulation/convert-grammar.ts(7,3): error TS2304: Cannot find name 'parser'.
src/entities/spl/lib/parser/patterns/field-manipulation/convert-grammar.ts(7,18): error TS2304: Cannot find name 't'.
src/entities/spl/lib/parser/patterns/field-manipulation/convert-grammar.ts(8,3): error TS2304: Cannot find name 'parser'.
src/entities/spl/lib/parser/patterns/field-manipulation/convert-grammar.ts(9,5): error TS2304: Cannot find name 'parser'.
src/entities/spl/lib/parser/patterns/field-manipulation/convert-grammar.ts(9,20): error TS2304: Cannot find name 't'.
src/entities/spl/lib/parser/patterns/field-manipulation/convert-grammar.ts(11,3): error TS2304: Cannot find name 'parser'.
src/entities/spl/lib/parser/patterns/field-manipulation/convert-grammar.ts(12,5): error TS2304: Cannot find name 'parser'.
src/entities/spl/lib/parser/patterns/field-manipulation/convert-grammar.ts(12,20): error TS2304: Cannot find name 't'.
src/entities/spl/lib/parser/patterns/field-manipulation/convert-grammar.ts(13,5): error TS2304: Cannot find name 'parser'.
src/entities/spl/lib/parser/patterns/field-manipulation/convert-grammar.ts(14,7): error TS2304: Cannot find name 'parser'.
src/entities/spl/lib/parser/patterns/field-manipulation/convert-grammar.ts(14,22): error TS2304: Cannot find name 't'.
src/entities/spl/lib/parser/patterns/field-manipulation/convert-grammar.ts(15,7): error TS2304: Cannot find name 'parser'.
src/entities/spl/lib/parser/patterns/field-manipulation/convert-grammar.ts(15,22): error TS2304: Cannot find name 't'.
src/entities/spl/lib/parser/patterns/field-manipulation/fieldformat-grammar.ts(6,1): error TS2304: Cannot find name 'parser'.
src/entities/spl/lib/parser/patterns/field-manipulation/fieldformat-grammar.ts(6,29): error TS2304: Cannot find name 'parser'.
src/entities/spl/lib/parser/patterns/field-manipulation/fieldformat-grammar.ts(7,3): error TS2304: Cannot find name 'parser'.
src/entities/spl/lib/parser/patterns/field-manipulation/fieldformat-grammar.ts(7,18): error TS2304: Cannot find name 't'.
src/entities/spl/lib/parser/patterns/field-manipulation/fields-grammar.ts(6,1): error TS2304: Cannot find name 'parser'.
src/entities/spl/lib/parser/patterns/field-manipulation/fields-grammar.ts(6,24): error TS2304: Cannot find name 'parser'.
src/entities/spl/lib/parser/patterns/field-manipulation/fields-grammar.ts(7,3): error TS2304: Cannot find name 'parser'.
src/entities/spl/lib/parser/patterns/field-manipulation/fields-grammar.ts(7,18): error TS2304: Cannot find name 't'.
src/entities/spl/lib/parser/patterns/field-manipulation/fields-grammar.ts(8,3): error TS2304: Cannot find name 'parser'.
src/entities/spl/lib/parser/patterns/field-manipulation/fields-grammar.ts(9,5): error TS2304: Cannot find name 'parser'.
src/entities/spl/lib/parser/patterns/field-manipulation/fields-grammar.ts(18,3): error TS2304: Cannot find name 'parser'.
src/entities/spl/lib/parser/patterns/field-manipulation/fields-grammar.ts(18,18): error TS2304: Cannot find name 't'.
src/entities/spl/lib/parser/patterns/field-manipulation/lookup-grammar.ts(6,1): error TS2304: Cannot find name 'parser'.
src/entities/spl/lib/parser/patterns/field-manipulation/lookup-grammar.ts(6,24): error TS2304: Cannot find name 'parser'.
src/entities/spl/lib/parser/patterns/field-manipulation/lookup-grammar.ts(7,3): error TS2304: Cannot find name 'parser'.
src/entities/spl/lib/parser/patterns/field-manipulation/lookup-grammar.ts(7,18): error TS2304: Cannot find name 't'.
src/entities/spl/lib/parser/patterns/field-manipulation/lookup-grammar.ts(8,3): error TS2304: Cannot find name 'parser'.
src/entities/spl/lib/parser/patterns/field-manipulation/lookup-grammar.ts(9,5): error TS2304: Cannot find name 'parser'.
src/entities/spl/lib/parser/patterns/field-manipulation/lookup-grammar.ts(9,20): error TS2304: Cannot find name 't'.
src/entities/spl/lib/parser/patterns/field-manipulation/lookup-grammar.ts(11,3): error TS2304: Cannot find name 'parser'.
src/entities/spl/lib/parser/patterns/field-manipulation/lookup-grammar.ts(12,5): error TS2304: Cannot find name 'parser'.
src/entities/spl/lib/parser/patterns/field-manipulation/lookup-grammar.ts(12,20): error TS2304: Cannot find name 't'.
src/entities/spl/lib/parser/patterns/field-manipulation/lookup-grammar.ts(14,3): error TS2304: Cannot find name 'parser'.
src/entities/spl/lib/parser/patterns/field-manipulation/lookup-grammar.ts(15,5): error TS2304: Cannot find name 'parser'.
src/entities/spl/lib/parser/patterns/field-manipulation/lookup-grammar.ts(15,20): error TS2304: Cannot find name 't'.
src/entities/spl/lib/parser/patterns/field-manipulation/lookup-grammar.ts(17,3): error TS2304: Cannot find name 'parser'.
src/entities/spl/lib/parser/patterns/field-manipulation/lookup-grammar.ts(17,18): error TS2304: Cannot find name 't'.
src/entities/spl/lib/parser/patterns/field-manipulation/lookup-grammar.ts(18,3): error TS2304: Cannot find name 'parser'.
src/entities/spl/lib/parser/patterns/field-manipulation/lookup-grammar.ts(19,5): error TS2304: Cannot find name 'parser'.
src/entities/spl/lib/parser/patterns/field-manipulation/lookup-grammar.ts(19,20): error TS2304: Cannot find name 't'.
src/entities/spl/lib/parser/patterns/field-manipulation/lookup-grammar.ts(20,5): error TS2304: Cannot find name 'parser'.
src/entities/spl/lib/parser/patterns/field-manipulation/lookup-grammar.ts(21,7): error TS2304: Cannot find name 'parser'.
src/entities/spl/lib/parser/patterns/field-manipulation/lookup-grammar.ts(21,22): error TS2304: Cannot find name 't'.
src/entities/spl/lib/parser/patterns/field-manipulation/lookup-grammar.ts(22,7): error TS2304: Cannot find name 'parser'.
src/entities/spl/lib/parser/patterns/field-manipulation/lookup-grammar.ts(22,22): error TS2304: Cannot find name 't'.
src/entities/spl/lib/parser/patterns/field-manipulation/lookup-grammar.ts(25,3): error TS2304: Cannot find name 'parser'.
src/entities/spl/lib/parser/patterns/field-manipulation/lookup-grammar.ts(26,5): error TS2304: Cannot find name 'parser'.
src/entities/spl/lib/parser/patterns/field-manipulation/lookup-grammar.ts(31,7): error TS2304: Cannot find name 'parser'.
src/entities/spl/lib/parser/patterns/field-manipulation/lookup-grammar.ts(32,9): error TS2304: Cannot find name 'parser'.
src/entities/spl/lib/parser/patterns/field-manipulation/lookup-grammar.ts(32,24): error TS2304: Cannot find name 't'.
src/entities/spl/lib/parser/patterns/field-manipulation/lookup-grammar.ts(33,9): error TS2304: Cannot find name 'parser'.
src/entities/spl/lib/parser/patterns/field-manipulation/lookup-grammar.ts(34,11): error TS2304: Cannot find name 'parser'.
src/entities/spl/lib/parser/patterns/field-manipulation/lookup-grammar.ts(34,26): error TS2304: Cannot find name 't'.
src/entities/spl/lib/parser/patterns/field-manipulation/lookup-grammar.ts(35,11): error TS2304: Cannot find name 'parser'.
src/entities/spl/lib/parser/patterns/field-manipulation/lookup-grammar.ts(35,26): error TS2304: Cannot find name 't'.
src/entities/spl/lib/parser/patterns/field-manipulation/makemv-grammar.ts(6,1): error TS2304: Cannot find name 'parser'.
src/entities/spl/lib/parser/patterns/field-manipulation/makemv-grammar.ts(6,24): error TS2304: Cannot find name 'parser'.
src/entities/spl/lib/parser/patterns/field-manipulation/makemv-grammar.ts(7,3): error TS2304: Cannot find name 'parser'.
src/entities/spl/lib/parser/patterns/field-manipulation/makemv-grammar.ts(7,18): error TS2304: Cannot find name 't'.
src/entities/spl/lib/parser/patterns/field-manipulation/makemv-grammar.ts(8,3): error TS2304: Cannot find name 'parser'.
src/entities/spl/lib/parser/patterns/field-manipulation/makemv-grammar.ts(9,5): error TS2304: Cannot find name 'parser'.
src/entities/spl/lib/parser/patterns/field-manipulation/makemv-grammar.ts(11,7): error TS2304: Cannot find name 'parser'.
src/entities/spl/lib/parser/patterns/field-manipulation/makemv-grammar.ts(11,22): error TS2304: Cannot find name 't'.
src/entities/spl/lib/parser/patterns/field-manipulation/makemv-grammar.ts(14,7): error TS2304: Cannot find name 'parser'.
src/entities/spl/lib/parser/patterns/field-manipulation/makemv-grammar.ts(14,22): error TS2304: Cannot find name 't'.
src/entities/spl/lib/parser/patterns/field-manipulation/makemv-grammar.ts(18,3): error TS2304: Cannot find name 'parser'.
src/entities/spl/lib/parser/patterns/field-manipulation/makemv-grammar.ts(19,5): error TS2304: Cannot find name 'parser'.
src/entities/spl/lib/parser/patterns/field-manipulation/makemv-grammar.ts(19,20): error TS2304: Cannot find name 't'.
src/entities/spl/lib/parser/patterns/field-manipulation/makemv-grammar.ts(21,3): error TS2304: Cannot find name 'parser'.
src/entities/spl/lib/parser/patterns/field-manipulation/makemv-grammar.ts(22,5): error TS2304: Cannot find name 'parser'.
src/entities/spl/lib/parser/patterns/field-manipulation/makemv-grammar.ts(22,20): error TS2304: Cannot find name 't'.
src/entities/spl/lib/parser/patterns/field-manipulation/makemv-grammar.ts(24,3): error TS2304: Cannot find name 'parser'.
src/entities/spl/lib/parser/patterns/field-manipulation/makemv-grammar.ts(24,18): error TS2304: Cannot find name 't'.
src/entities/spl/lib/parser/patterns/field-manipulation/replace-grammar.ts(6,1): error TS2304: Cannot find name 'parser'.
src/entities/spl/lib/parser/patterns/field-manipulation/replace-grammar.ts(6,25): error TS2304: Cannot find name 'parser'.
src/entities/spl/lib/parser/patterns/field-manipulation/replace-grammar.ts(7,3): error TS2304: Cannot find name 'parser'.
src/entities/spl/lib/parser/patterns/field-manipulation/replace-grammar.ts(7,18): error TS2304: Cannot find name 't'.
src/entities/spl/lib/parser/patterns/field-manipulation/replace-grammar.ts(8,3): error TS2304: Cannot find name 'parser'.
src/entities/spl/lib/parser/patterns/field-manipulation/replace-grammar.ts(9,5): error TS2304: Cannot find name 'parser'.
src/entities/spl/lib/parser/patterns/field-manipulation/replace-grammar.ts(9,20): error TS2304: Cannot find name 't'.
src/entities/spl/lib/parser/patterns/field-manipulation/replace-grammar.ts(10,5): error TS2304: Cannot find name 'parser'.
src/entities/spl/lib/parser/patterns/field-manipulation/replace-grammar.ts(10,20): error TS2304: Cannot find name 't'.
src/entities/spl/lib/parser/patterns/field-manipulation/replace-grammar.ts(12,3): error TS2304: Cannot find name 'parser'.
src/entities/spl/lib/parser/patterns/field-manipulation/replace-grammar.ts(13,5): error TS2304: Cannot find name 'parser'.
src/entities/spl/lib/parser/patterns/field-manipulation/replace-grammar.ts(13,20): error TS2304: Cannot find name 't'.
src/entities/spl/lib/parser/patterns/field-manipulation/rex-grammar-refined.ts(12,1): error TS2304: Cannot find name 'parser'.
src/entities/spl/lib/parser/patterns/field-manipulation/rex-grammar-refined.ts(12,21): error TS2304: Cannot find name 'parser'.
src/entities/spl/lib/parser/patterns/field-manipulation/rex-grammar-refined.ts(13,3): error TS2304: Cannot find name 'parser'.
src/entities/spl/lib/parser/patterns/field-manipulation/rex-grammar-refined.ts(13,18): error TS2304: Cannot find name 't'.
src/entities/spl/lib/parser/patterns/field-manipulation/rex-grammar-refined.ts(16,3): error TS2304: Cannot find name 'parser'.
src/entities/spl/lib/parser/patterns/field-manipulation/rex-grammar-refined.ts(17,5): error TS2304: Cannot find name 'parser'.
src/entities/spl/lib/parser/patterns/field-manipulation/rex-grammar-refined.ts(17,20): error TS2304: Cannot find name 't'.
src/entities/spl/lib/parser/patterns/field-manipulation/rex-grammar-refined.ts(18,5): error TS2304: Cannot find name 'parser'.
src/entities/spl/lib/parser/patterns/field-manipulation/rex-grammar-refined.ts(18,20): error TS2304: Cannot find name 't'.
src/entities/spl/lib/parser/patterns/field-manipulation/rex-grammar-refined.ts(19,5): error TS2304: Cannot find name 'parser'.
src/entities/spl/lib/parser/patterns/field-manipulation/rex-grammar-refined.ts(19,21): error TS2304: Cannot find name 't'.
src/entities/spl/lib/parser/patterns/field-manipulation/rex-grammar-refined.ts(23,3): error TS2304: Cannot find name 'parser'.
src/entities/spl/lib/parser/patterns/field-manipulation/rex-grammar-refined.ts(24,5): error TS2304: Cannot find name 'parser'.
src/entities/spl/lib/parser/patterns/field-manipulation/rex-grammar-refined.ts(24,21): error TS2304: Cannot find name 't'.
src/entities/spl/lib/parser/patterns/field-manipulation/rex-grammar-refined.ts(25,5): error TS2304: Cannot find name 'parser'.
src/entities/spl/lib/parser/patterns/field-manipulation/rex-grammar-refined.ts(25,21): error TS2304: Cannot find name 't'.
src/entities/spl/lib/parser/patterns/field-manipulation/rex-grammar-refined.ts(26,5): error TS2304: Cannot find name 'parser'.
src/entities/spl/lib/parser/patterns/field-manipulation/rex-grammar-refined.ts(26,21): error TS2304: Cannot find name 't'.
src/entities/spl/lib/parser/patterns/field-manipulation/rex-grammar-refined.ts(30,3): error TS2304: Cannot find name 'parser'.
src/entities/spl/lib/parser/patterns/field-manipulation/rex-grammar-refined.ts(30,18): error TS2304: Cannot find name 't'.
src/entities/spl/lib/parser/patterns/field-manipulation/rex-grammar-refined.ts(33,3): error TS2304: Cannot find name 'parser'.
src/entities/spl/lib/parser/patterns/field-manipulation/rex-grammar-refined.ts(34,5): error TS2304: Cannot find name 'parser'.
src/entities/spl/lib/parser/patterns/field-manipulation/rex-grammar-refined.ts(34,21): error TS2304: Cannot find name 't'.
src/entities/spl/lib/parser/patterns/field-manipulation/rex-grammar-refined.ts(35,5): error TS2304: Cannot find name 'parser'.
src/entities/spl/lib/parser/patterns/field-manipulation/rex-grammar-refined.ts(35,21): error TS2304: Cannot find name 't'.
src/entities/spl/lib/parser/patterns/field-manipulation/rex-grammar-refined.ts(36,5): error TS2304: Cannot find name 'parser'.
src/entities/spl/lib/parser/patterns/field-manipulation/rex-grammar-refined.ts(36,20): error TS2304: Cannot find name 't'.
src/entities/spl/lib/parser/patterns/field-manipulation/rex-grammar-refined.ts(40,3): error TS2304: Cannot find name 'parser'.
src/entities/spl/lib/parser/patterns/field-manipulation/rex-grammar-refined.ts(41,5): error TS2304: Cannot find name 'parser'.
src/entities/spl/lib/parser/patterns/field-manipulation/rex-grammar-refined.ts(41,21): error TS2304: Cannot find name 't'.
src/entities/spl/lib/parser/patterns/field-manipulation/rex-grammar-refined.ts(42,5): error TS2304: Cannot find name 'parser'.
src/entities/spl/lib/parser/patterns/field-manipulation/rex-grammar-refined.ts(42,21): error TS2304: Cannot find name 't'.
src/entities/spl/lib/parser/patterns/field-manipulation/rex-grammar-refined.ts(43,5): error TS2304: Cannot find name 'parser'.
src/entities/spl/lib/parser/patterns/field-manipulation/rex-grammar-refined.ts(43,21): error TS2304: Cannot find name 't'.
src/entities/spl/lib/parser/patterns/field-manipulation/rex-grammar.ts(6,1): error TS2304: Cannot find name 'parser'.
src/entities/spl/lib/parser/patterns/field-manipulation/rex-grammar.ts(6,21): error TS2304: Cannot find name 'parser'.
src/entities/spl/lib/parser/patterns/field-manipulation/rex-grammar.ts(7,3): error TS2304: Cannot find name 'parser'.
src/entities/spl/lib/parser/patterns/field-manipulation/rex-grammar.ts(7,18): error TS2304: Cannot find name 't'.
src/entities/spl/lib/parser/patterns/field-manipulation/rex-grammar.ts(8,3): error TS2304: Cannot find name 'parser'.
src/entities/spl/lib/parser/patterns/field-manipulation/rex-grammar.ts(9,5): error TS2304: Cannot find name 'parser'.
src/entities/spl/lib/parser/patterns/field-manipulation/rex-grammar.ts(9,20): error TS2304: Cannot find name 't'.
src/entities/spl/lib/parser/patterns/field-manipulation/rex-grammar.ts(10,5): error TS2304: Cannot find name 'parser'.
src/entities/spl/lib/parser/patterns/field-manipulation/rex-grammar.ts(10,20): error TS2304: Cannot find name 't'.
src/entities/spl/lib/parser/patterns/field-manipulation/rex-grammar.ts(12,3): error TS2304: Cannot find name 'parser'.
src/entities/spl/lib/parser/patterns/field-manipulation/rex-grammar.ts(13,5): error TS2304: Cannot find name 'parser'.
src/entities/spl/lib/parser/patterns/field-manipulation/rex-grammar.ts(13,20): error TS2304: Cannot find name 't'.
src/entities/spl/lib/parser/patterns/field-manipulation/rex-grammar.ts(15,3): error TS2304: Cannot find name 'parser'.
src/entities/spl/lib/parser/patterns/field-manipulation/rex-grammar.ts(17,5): error TS2304: Cannot find name 'parser'.
src/entities/spl/lib/parser/patterns/field-manipulation/rex-grammar.ts(17,20): error TS2304: Cannot find name 't'.
src/entities/spl/lib/parser/patterns/field-manipulation/rex-grammar.ts(18,5): error TS2304: Cannot find name 'parser'.
src/entities/spl/lib/parser/patterns/field-manipulation/rex-grammar.ts(18,20): error TS2304: Cannot find name 't'.
src/entities/spl/lib/parser/patterns/field-manipulation/rex-grammar.ts(21,5): error TS2304: Cannot find name 'parser'.
src/entities/spl/lib/parser/patterns/field-manipulation/rex-grammar.ts(21,20): error TS2304: Cannot find name 't'.
src/entities/spl/lib/parser/patterns/field-manipulation/rex-grammar.ts(24,5): error TS2304: Cannot find name 'parser'.
src/entities/spl/lib/parser/patterns/field-manipulation/rex-grammar.ts(24,20): error TS2304: Cannot find name 't'.
src/entities/spl/lib/parser/patterns/field-manipulation/rex-grammar.ts(27,3): error TS2304: Cannot find name 'parser'.
src/entities/spl/lib/parser/patterns/field-manipulation/rex-grammar.ts(28,5): error TS2304: Cannot find name 'parser'.
src/entities/spl/lib/parser/patterns/field-manipulation/rex-grammar.ts(28,20): error TS2304: Cannot find name 't'.
src/entities/spl/lib/parser/patterns/field-manipulation/rex-grammar.ts(29,5): error TS2304: Cannot find name 'parser'.
src/entities/spl/lib/parser/patterns/field-manipulation/rex-grammar.ts(29,20): error TS2304: Cannot find name 't'.
src/entities/spl/lib/parser/patterns/field-manipulation/rex-grammar.ts(31,3): error TS2304: Cannot find name 'parser'.
src/entities/spl/lib/parser/patterns/field-manipulation/rex-grammar.ts(32,5): error TS2304: Cannot find name 'parser'.
src/entities/spl/lib/parser/patterns/field-manipulation/rex-grammar.ts(32,20): error TS2304: Cannot find name 't'.
src/entities/spl/lib/parser/patterns/field-manipulation/rex-grammar.ts(33,5): error TS2304: Cannot find name 'parser'.
src/entities/spl/lib/parser/patterns/field-manipulation/rex-grammar.ts(33,20): error TS2304: Cannot find name 't'.
src/entities/spl/lib/parser/patterns/indexing/collect-grammar.ts(6,1): error TS2304: Cannot find name 'parser'.
src/entities/spl/lib/parser/patterns/indexing/collect-grammar.ts(6,25): error TS2304: Cannot find name 'parser'.
src/entities/spl/lib/parser/patterns/indexing/collect-grammar.ts(7,3): error TS2304: Cannot find name 'parser'.
src/entities/spl/lib/parser/patterns/indexing/collect-grammar.ts(7,18): error TS2304: Cannot find name 't'.
src/entities/spl/lib/parser/patterns/indexing/collect-grammar.ts(8,3): error TS2304: Cannot find name 'parser'.
src/entities/spl/lib/parser/patterns/indexing/collect-grammar.ts(8,18): error TS2304: Cannot find name 't'.
src/entities/spl/lib/parser/patterns/indexing/collect-grammar.ts(9,3): error TS2304: Cannot find name 'parser'.
src/entities/spl/lib/parser/patterns/indexing/collect-grammar.ts(10,5): error TS2304: Cannot find name 'parser'.
src/entities/spl/lib/parser/patterns/indexing/collect-grammar.ts(10,20): error TS2304: Cannot find name 't'.
src/entities/spl/lib/parser/patterns/interpreter.ts(505,7): error TS2322: Type 'unknown' is not assignable to type 'string | null'.
src/entities/spl/lib/parser/patterns/interpreter.ts(508,7): error TS2322: Type 'unknown' is not assignable to type 'string | null'.
src/entities/spl/lib/parser/patterns/lookup/append-grammar.ts(6,1): error TS2304: Cannot find name 'parser'.
src/entities/spl/lib/parser/patterns/lookup/append-grammar.ts(6,24): error TS2304: Cannot find name 'parser'.
src/entities/spl/lib/parser/patterns/lookup/append-grammar.ts(7,3): error TS2304: Cannot find name 'parser'.
src/entities/spl/lib/parser/patterns/lookup/append-grammar.ts(7,18): error TS2304: Cannot find name 't'.
src/entities/spl/lib/parser/patterns/lookup/append-grammar.ts(8,3): error TS2304: Cannot find name 'parser'.
src/entities/spl/lib/parser/patterns/lookup/append-grammar.ts(9,5): error TS2304: Cannot find name 'parser'.
src/entities/spl/lib/parser/patterns/lookup/append-grammar.ts(9,20): error TS2304: Cannot find name 't'.
src/entities/spl/lib/parser/patterns/lookup/append-grammar.ts(11,3): error TS2304: Cannot find name 'parser'.
src/entities/spl/lib/parser/patterns/lookup/append-grammar.ts(11,18): error TS2304: Cannot find name 't'.
src/entities/spl/lib/parser/patterns/lookup/join-grammar.ts(6,1): error TS2304: Cannot find name 'parser'.
src/entities/spl/lib/parser/patterns/lookup/join-grammar.ts(6,22): error TS2304: Cannot find name 'parser'.
src/entities/spl/lib/parser/patterns/lookup/join-grammar.ts(7,3): error TS2304: Cannot find name 'parser'.
src/entities/spl/lib/parser/patterns/lookup/join-grammar.ts(7,18): error TS2304: Cannot find name 't'.
src/entities/spl/lib/parser/patterns/lookup/join-grammar.ts(8,3): error TS2304: Cannot find name 'parser'.
src/entities/spl/lib/parser/patterns/lookup/join-grammar.ts(9,5): error TS2304: Cannot find name 'parser'.
src/entities/spl/lib/parser/patterns/lookup/join-grammar.ts(9,20): error TS2304: Cannot find name 't'.
src/entities/spl/lib/parser/patterns/lookup/join-grammar.ts(11,3): error TS2304: Cannot find name 'parser'.
src/entities/spl/lib/parser/patterns/lookup/join-grammar.ts(11,18): error TS2304: Cannot find name 't'.
src/entities/spl/lib/parser/patterns/lookup/join-grammar.ts(12,3): error TS2304: Cannot find name 'parser'.
src/entities/spl/lib/parser/patterns/lookup/join-grammar.ts(12,18): error TS2304: Cannot find name 't'.
src/entities/spl/lib/parser/patterns/results/head-grammar.ts(6,1): error TS2304: Cannot find name 'parser'.
src/entities/spl/lib/parser/patterns/results/head-grammar.ts(6,22): error TS2304: Cannot find name 'parser'.
src/entities/spl/lib/parser/patterns/results/head-grammar.ts(7,3): error TS2304: Cannot find name 'parser'.
src/entities/spl/lib/parser/patterns/results/head-grammar.ts(7,18): error TS2304: Cannot find name 't'.
src/entities/spl/lib/parser/patterns/results/head-grammar.ts(8,3): error TS2304: Cannot find name 'parser'.
src/entities/spl/lib/parser/patterns/results/head-grammar.ts(9,5): error TS2304: Cannot find name 'parser'.
src/entities/spl/lib/parser/patterns/results/head-grammar.ts(11,7): error TS2304: Cannot find name 'parser'.
src/entities/spl/lib/parser/patterns/results/head-grammar.ts(11,22): error TS2304: Cannot find name 't'.
src/entities/spl/lib/parser/patterns/results/head-grammar.ts(14,7): error TS2304: Cannot find name 'parser'.
src/entities/spl/lib/parser/patterns/results/head-grammar.ts(14,22): error TS2304: Cannot find name 't'.
src/entities/spl/lib/parser/patterns/results/head-grammar.ts(15,7): error TS2304: Cannot find name 'parser'.
src/entities/spl/lib/parser/patterns/results/head-grammar.ts(15,22): error TS2304: Cannot find name 't'.
src/entities/spl/lib/parser/patterns/results/head-grammar.ts(16,7): error TS2304: Cannot find name 'parser'.
src/entities/spl/lib/parser/patterns/results/head-grammar.ts(16,22): error TS2304: Cannot find name 't'.
src/entities/spl/lib/parser/patterns/results/head-grammar.ts(20,3): error TS2304: Cannot find name 'parser'.
src/entities/spl/lib/parser/patterns/results/head-grammar.ts(21,5): error TS2304: Cannot find name 'parser'.
src/entities/spl/lib/parser/patterns/results/head-grammar.ts(21,20): error TS2304: Cannot find name 't'.
src/entities/spl/lib/parser/patterns/results/head-grammar.ts(23,3): error TS2304: Cannot find name 'parser'.
src/entities/spl/lib/parser/patterns/results/head-grammar.ts(24,5): error TS2304: Cannot find name 'parser'.
src/entities/spl/lib/parser/patterns/results/head-grammar.ts(24,20): error TS2304: Cannot find name 't'.
src/entities/spl/lib/parser/patterns/results/head-grammar.ts(26,3): error TS2304: Cannot find name 'parser'.
src/entities/spl/lib/parser/patterns/results/head-grammar.ts(27,5): error TS2304: Cannot find name 'parser'.
src/entities/spl/lib/parser/patterns/results/head-grammar.ts(27,20): error TS2304: Cannot find name 't'.
src/entities/spl/lib/parser/patterns/results/inputlookup-grammar.ts(6,1): error TS2304: Cannot find name 'parser'.
src/entities/spl/lib/parser/patterns/results/inputlookup-grammar.ts(6,29): error TS2304: Cannot find name 'parser'.
src/entities/spl/lib/parser/patterns/results/inputlookup-grammar.ts(7,3): error TS2304: Cannot find name 'parser'.
src/entities/spl/lib/parser/patterns/results/inputlookup-grammar.ts(7,18): error TS2304: Cannot find name 't'.
src/entities/spl/lib/parser/patterns/results/inputlookup-grammar.ts(8,3): error TS2304: Cannot find name 'parser'.
src/entities/spl/lib/parser/patterns/results/inputlookup-grammar.ts(9,5): error TS2304: Cannot find name 'parser'.
src/entities/spl/lib/parser/patterns/results/inputlookup-grammar.ts(9,20): error TS2304: Cannot find name 't'.
src/entities/spl/lib/parser/patterns/results/inputlookup-grammar.ts(11,3): error TS2304: Cannot find name 'parser'.
src/entities/spl/lib/parser/patterns/results/inputlookup-grammar.ts(12,5): error TS2304: Cannot find name 'parser'.
src/entities/spl/lib/parser/patterns/results/inputlookup-grammar.ts(12,20): error TS2304: Cannot find name 't'.
src/entities/spl/lib/parser/patterns/results/inputlookup-grammar.ts(14,3): error TS2304: Cannot find name 'parser'.
src/entities/spl/lib/parser/patterns/results/inputlookup-grammar.ts(15,5): error TS2304: Cannot find name 'parser'.
src/entities/spl/lib/parser/patterns/results/inputlookup-grammar.ts(15,20): error TS2304: Cannot find name 't'.
src/entities/spl/lib/parser/patterns/results/inputlookup-grammar.ts(17,3): error TS2304: Cannot find name 'parser'.
src/entities/spl/lib/parser/patterns/results/inputlookup-grammar.ts(19,5): error TS2304: Cannot find name 'parser'.
src/entities/spl/lib/parser/patterns/results/inputlookup-grammar.ts(19,20): error TS2304: Cannot find name 't'.
src/entities/spl/lib/parser/patterns/results/inputlookup-grammar.ts(22,5): error TS2304: Cannot find name 'parser'.
src/entities/spl/lib/parser/patterns/results/inputlookup-grammar.ts(22,20): error TS2304: Cannot find name 't'.
src/entities/spl/lib/parser/patterns/results/inputlookup-grammar.ts(25,3): error TS2304: Cannot find name 'parser'.
src/entities/spl/lib/parser/patterns/results/inputlookup-grammar.ts(26,5): error TS2304: Cannot find name 'parser'.
src/entities/spl/lib/parser/patterns/results/inputlookup-grammar.ts(26,20): error TS2304: Cannot find name 't'.
src/entities/spl/lib/parser/patterns/results/reverse-grammar.ts(6,1): error TS2304: Cannot find name 'parser'.
src/entities/spl/lib/parser/patterns/results/reverse-grammar.ts(6,25): error TS2304: Cannot find name 'parser'.
src/entities/spl/lib/parser/patterns/results/reverse-grammar.ts(7,3): error TS2304: Cannot find name 'parser'.
src/entities/spl/lib/parser/patterns/results/reverse-grammar.ts(7,18): error TS2304: Cannot find name 't'.
src/entities/spl/lib/parser/patterns/results/sort-grammar.ts(6,1): error TS2304: Cannot find name 'parser'.
src/entities/spl/lib/parser/patterns/results/sort-grammar.ts(6,22): error TS2304: Cannot find name 'parser'.
src/entities/spl/lib/parser/patterns/results/sort-grammar.ts(7,3): error TS2304: Cannot find name 'parser'.
src/entities/spl/lib/parser/patterns/results/sort-grammar.ts(7,18): error TS2304: Cannot find name 't'.
src/entities/spl/lib/parser/patterns/results/sort-grammar.ts(8,3): error TS2304: Cannot find name 'parser'.
src/entities/spl/lib/parser/patterns/results/sort-grammar.ts(9,5): error TS2304: Cannot find name 'parser'.
src/entities/spl/lib/parser/patterns/results/sort-grammar.ts(9,20): error TS2304: Cannot find name 't'.
src/entities/spl/lib/parser/patterns/results/sort-grammar.ts(11,3): error TS2304: Cannot find name 'parser'.
src/entities/spl/lib/parser/patterns/results/sort-grammar.ts(11,18): error TS2304: Cannot find name 't'.
src/entities/spl/lib/parser/patterns/results/sort-grammar.ts(12,3): error TS2304: Cannot find name 'parser'.
src/entities/spl/lib/parser/patterns/results/sort-grammar.ts(13,5): error TS2304: Cannot find name 'parser'.
src/entities/spl/lib/parser/patterns/results/tail-grammar.ts(6,1): error TS2304: Cannot find name 'parser'.
src/entities/spl/lib/parser/patterns/results/tail-grammar.ts(6,22): error TS2304: Cannot find name 'parser'.
src/entities/spl/lib/parser/patterns/results/tail-grammar.ts(7,3): error TS2304: Cannot find name 'parser'.
src/entities/spl/lib/parser/patterns/results/tail-grammar.ts(7,18): error TS2304: Cannot find name 't'.
src/entities/spl/lib/parser/patterns/results/tail-grammar.ts(8,3): error TS2304: Cannot find name 'parser'.
src/entities/spl/lib/parser/patterns/results/tail-grammar.ts(9,5): error TS2304: Cannot find name 'parser'.
src/entities/spl/lib/parser/patterns/results/tail-grammar.ts(9,20): error TS2304: Cannot find name 't'.
src/entities/spl/lib/parser/patterns/results/transaction-grammar.ts(6,1): error TS2304: Cannot find name 'parser'.
src/entities/spl/lib/parser/patterns/results/transaction-grammar.ts(6,29): error TS2304: Cannot find name 'parser'.
src/entities/spl/lib/parser/patterns/results/transaction-grammar.ts(7,3): error TS2304: Cannot find name 'parser'.
src/entities/spl/lib/parser/patterns/results/transaction-grammar.ts(7,18): error TS2304: Cannot find name 't'.
src/entities/spl/lib/parser/patterns/results/transaction-grammar.ts(8,3): error TS2304: Cannot find name 'parser'.
src/entities/spl/lib/parser/patterns/results/transaction-grammar.ts(9,5): error TS2304: Cannot find name 'parser'.
src/entities/spl/lib/parser/patterns/results/transaction-grammar.ts(9,20): error TS2304: Cannot find name 't'.
src/entities/spl/lib/parser/patterns/results/transaction-grammar.ts(11,3): error TS2304: Cannot find name 'parser'.
src/entities/spl/lib/parser/patterns/results/transaction-grammar.ts(12,5): error TS2304: Cannot find name 'parser'.
src/entities/spl/lib/parser/patterns/results/transaction-grammar.ts(12,20): error TS2304: Cannot find name 't'.
src/entities/spl/lib/parser/patterns/results/transaction-grammar.ts(14,3): error TS2304: Cannot find name 'parser'.
src/entities/spl/lib/parser/patterns/results/transaction-grammar.ts(15,5): error TS2304: Cannot find name 'parser'.
src/entities/spl/lib/parser/patterns/results/transaction-grammar.ts(15,20): error TS2304: Cannot find name 't'.
src/entities/spl/lib/parser/patterns/results/transaction-grammar.ts(17,3): error TS2304: Cannot find name 'parser'.
src/entities/spl/lib/parser/patterns/results/transaction-grammar.ts(18,5): error TS2304: Cannot find name 'parser'.
src/entities/spl/lib/parser/patterns/results/transaction-grammar.ts(18,20): error TS2304: Cannot find name 't'.
src/entities/spl/lib/parser/patterns/results/transaction-grammar.ts(20,3): error TS2304: Cannot find name 'parser'.
src/entities/spl/lib/parser/patterns/results/transaction-grammar.ts(21,5): error TS2304: Cannot find name 'parser'.
src/entities/spl/lib/parser/patterns/results/transaction-grammar.ts(21,20): error TS2304: Cannot find name 't'.
src/entities/spl/lib/parser/patterns/search/dedup-grammar.ts(6,1): error TS2304: Cannot find name 'parser'.
src/entities/spl/lib/parser/patterns/search/dedup-grammar.ts(6,23): error TS2304: Cannot find name 'parser'.
src/entities/spl/lib/parser/patterns/search/dedup-grammar.ts(7,3): error TS2304: Cannot find name 'parser'.
src/entities/spl/lib/parser/patterns/search/dedup-grammar.ts(7,18): error TS2304: Cannot find name 't'.
src/entities/spl/lib/parser/patterns/search/dedup-grammar.ts(8,3): error TS2304: Cannot find name 'parser'.
src/entities/spl/lib/parser/patterns/search/dedup-grammar.ts(9,5): error TS2304: Cannot find name 'parser'.
src/entities/spl/lib/parser/patterns/search/dedup-grammar.ts(9,20): error TS2304: Cannot find name 't'.
src/entities/spl/lib/parser/patterns/search/dedup-grammar.ts(11,3): error TS2304: Cannot find name 'parser'.
src/entities/spl/lib/parser/patterns/search/dedup-grammar.ts(11,18): error TS2304: Cannot find name 't'.
src/entities/spl/lib/parser/patterns/search/dedup-grammar.ts(12,3): error TS2304: Cannot find name 'parser'.
src/entities/spl/lib/parser/patterns/search/dedup-grammar.ts(13,5): error TS2304: Cannot find name 'parser'.
src/entities/spl/lib/parser/patterns/search/dedup-grammar.ts(13,20): error TS2304: Cannot find name 't'.
src/entities/spl/lib/parser/patterns/search/dedup-grammar.ts(15,3): error TS2304: Cannot find name 'parser'.
src/entities/spl/lib/parser/patterns/search/dedup-grammar.ts(16,5): error TS2304: Cannot find name 'parser'.
src/entities/spl/lib/parser/patterns/search/dedup-grammar.ts(16,20): error TS2304: Cannot find name 't'.
src/entities/spl/lib/parser/patterns/search/dedup-grammar.ts(18,3): error TS2304: Cannot find name 'parser'.
src/entities/spl/lib/parser/patterns/search/dedup-grammar.ts(19,5): error TS2304: Cannot find name 'parser'.
src/entities/spl/lib/parser/patterns/search/dedup-grammar.ts(19,20): error TS2304: Cannot find name 't'.
src/entities/spl/lib/parser/patterns/search/dedup-grammar.ts(21,3): error TS2304: Cannot find name 'parser'.
src/entities/spl/lib/parser/patterns/search/dedup-grammar.ts(22,5): error TS2304: Cannot find name 'parser'.
src/entities/spl/lib/parser/patterns/search/dedup-grammar.ts(22,20): error TS2304: Cannot find name 't'.
src/entities/spl/lib/parser/patterns/search/regex-grammar.ts(6,1): error TS2304: Cannot find name 'parser'.
src/entities/spl/lib/parser/patterns/search/regex-grammar.ts(6,23): error TS2304: Cannot find name 'parser'.
src/entities/spl/lib/parser/patterns/search/regex-grammar.ts(7,3): error TS2304: Cannot find name 'parser'.
src/entities/spl/lib/parser/patterns/search/regex-grammar.ts(7,18): error TS2304: Cannot find name 't'.
src/entities/spl/lib/parser/patterns/search/regex-grammar.ts(8,3): error TS2304: Cannot find name 'parser'.
src/entities/spl/lib/parser/patterns/search/regex-grammar.ts(9,5): error TS2304: Cannot find name 'parser'.
src/entities/spl/lib/parser/patterns/search/regex-grammar.ts(9,20): error TS2304: Cannot find name 't'.
src/entities/spl/lib/parser/patterns/search/regex-grammar.ts(10,5): error TS2304: Cannot find name 'parser'.
src/entities/spl/lib/parser/patterns/search/regex-grammar.ts(12,7): error TS2304: Cannot find name 'parser'.
src/entities/spl/lib/parser/patterns/search/regex-grammar.ts(12,22): error TS2304: Cannot find name 't'.
src/entities/spl/lib/parser/patterns/search/regex-grammar.ts(19,3): error TS2304: Cannot find name 'parser'.
src/entities/spl/lib/parser/patterns/search/regex-grammar.ts(19,18): error TS2304: Cannot find name 't'.
src/entities/spl/lib/parser/patterns/search/search-grammar.ts(6,1): error TS2304: Cannot find name 'parser'.
src/entities/spl/lib/parser/patterns/search/search-grammar.ts(6,24): error TS2304: Cannot find name 'parser'.
src/entities/spl/lib/parser/patterns/search/search-grammar.ts(7,3): error TS2304: Cannot find name 'parser'.
src/entities/spl/lib/parser/patterns/search/search-grammar.ts(7,18): error TS2304: Cannot find name 't'.
src/entities/spl/lib/parser/patterns/search/search-grammar.ts(8,3): error TS2304: Cannot find name 'parser'.
src/entities/spl/lib/parser/patterns/search/search-grammar.ts(8,18): error TS2304: Cannot find name 't'.
src/entities/spl/lib/parser/patterns/search/table-grammar.ts(6,1): error TS2304: Cannot find name 'parser'.
src/entities/spl/lib/parser/patterns/search/table-grammar.ts(6,23): error TS2304: Cannot find name 'parser'.
src/entities/spl/lib/parser/patterns/search/table-grammar.ts(7,3): error TS2304: Cannot find name 'parser'.
src/entities/spl/lib/parser/patterns/search/table-grammar.ts(7,18): error TS2304: Cannot find name 't'.
src/entities/spl/lib/parser/patterns/search/table-grammar.ts(8,3): error TS2304: Cannot find name 'parser'.
src/entities/spl/lib/parser/patterns/search/table-grammar.ts(8,18): error TS2304: Cannot find name 't'.
src/entities/spl/lib/parser/patterns/search/where-grammar.ts(6,1): error TS2304: Cannot find name 'parser'.
src/entities/spl/lib/parser/patterns/search/where-grammar.ts(6,23): error TS2304: Cannot find name 'parser'.
src/entities/spl/lib/parser/patterns/search/where-grammar.ts(7,3): error TS2304: Cannot find name 'parser'.
src/entities/spl/lib/parser/patterns/search/where-grammar.ts(7,18): error TS2304: Cannot find name 't'.
src/entities/spl/lib/parser/patterns/search/where-grammar.ts(8,3): error TS2304: Cannot find name 'parser'.
src/entities/spl/lib/parser/patterns/search/where-grammar.ts(8,18): error TS2304: Cannot find name 't'.
src/entities/spl/lib/parser/patterns/subsearch/foreach-grammar.ts(6,1): error TS2304: Cannot find name 'parser'.
src/entities/spl/lib/parser/patterns/subsearch/foreach-grammar.ts(6,25): error TS2304: Cannot find name 'parser'.
src/entities/spl/lib/parser/patterns/subsearch/foreach-grammar.ts(7,3): error TS2304: Cannot find name 'parser'.
src/entities/spl/lib/parser/patterns/subsearch/foreach-grammar.ts(7,18): error TS2304: Cannot find name 't'.
src/entities/spl/lib/parser/patterns/subsearch/foreach-grammar.ts(8,3): error TS2304: Cannot find name 'parser'.
src/entities/spl/lib/parser/patterns/subsearch/foreach-grammar.ts(9,5): error TS2304: Cannot find name 'parser'.
src/entities/spl/lib/parser/patterns/subsearch/foreach-grammar.ts(9,20): error TS2304: Cannot find name 't'.
src/entities/spl/lib/parser/patterns/subsearch/foreach-grammar.ts(11,3): error TS2304: Cannot find name 'parser'.
src/entities/spl/lib/parser/patterns/subsearch/foreach-grammar.ts(12,5): error TS2304: Cannot find name 'parser'.
src/entities/spl/lib/parser/patterns/subsearch/foreach-grammar.ts(12,20): error TS2304: Cannot find name 't'.
src/entities/spl/lib/parser/patterns/subsearch/foreach-grammar.ts(14,3): error TS2304: Cannot find name 'parser'.
src/entities/spl/lib/parser/patterns/subsearch/foreach-grammar.ts(15,5): error TS2304: Cannot find name 'parser'.
src/entities/spl/lib/parser/patterns/subsearch/foreach-grammar.ts(15,20): error TS2304: Cannot find name 't'.
src/entities/spl/lib/parser/patterns/subsearch/foreach-grammar.ts(17,3): error TS2304: Cannot find name 'parser'.
src/entities/spl/lib/parser/patterns/subsearch/foreach-grammar.ts(18,5): error TS2304: Cannot find name 'parser'.
src/entities/spl/lib/parser/patterns/subsearch/foreach-grammar.ts(18,20): error TS2304: Cannot find name 't'.
src/entities/spl/lib/parser/patterns/subsearch/foreach-grammar.ts(20,3): error TS2304: Cannot find name 'parser'.
src/entities/spl/lib/parser/patterns/subsearch/foreach-grammar.ts(21,5): error TS2304: Cannot find name 'parser'.
src/entities/spl/lib/parser/patterns/subsearch/foreach-grammar.ts(21,20): error TS2304: Cannot find name 't'.
src/entities/spl/lib/parser/patterns/subsearch/foreach-grammar.ts(23,3): error TS2304: Cannot find name 'parser'.
src/entities/spl/lib/parser/patterns/subsearch/foreach-grammar.ts(24,5): error TS2304: Cannot find name 'parser'.
src/entities/spl/lib/parser/patterns/subsearch/foreach-grammar.ts(24,20): error TS2304: Cannot find name 't'.
src/entities/spl/lib/parser/patterns/subsearch/foreach-grammar.ts(26,3): error TS2304: Cannot find name 'parser'.
src/entities/spl/lib/parser/patterns/subsearch/foreach-grammar.ts(26,18): error TS2304: Cannot find name 't'.
src/entities/spl/lib/parser/patterns/subsearch/gentimes-grammar.ts(6,1): error TS2304: Cannot find name 'parser'.
src/entities/spl/lib/parser/patterns/subsearch/gentimes-grammar.ts(6,26): error TS2304: Cannot find name 'parser'.
src/entities/spl/lib/parser/patterns/subsearch/gentimes-grammar.ts(7,3): error TS2304: Cannot find name 'parser'.
src/entities/spl/lib/parser/patterns/subsearch/gentimes-grammar.ts(7,18): error TS2304: Cannot find name 't'.
src/entities/spl/lib/parser/patterns/subsearch/gentimes-grammar.ts(8,3): error TS2304: Cannot find name 'parser'.
src/entities/spl/lib/parser/patterns/subsearch/gentimes-grammar.ts(8,18): error TS2304: Cannot find name 't'.
src/entities/spl/lib/parser/patterns/subsearch/gentimes-grammar.ts(9,3): error TS2304: Cannot find name 'parser'.
src/entities/spl/lib/parser/patterns/subsearch/gentimes-grammar.ts(10,5): error TS2304: Cannot find name 'parser'.
src/entities/spl/lib/parser/patterns/subsearch/gentimes-grammar.ts(10,20): error TS2304: Cannot find name 't'.
src/entities/spl/lib/parser/patterns/subsearch/gentimes-grammar.ts(12,3): error TS2304: Cannot find name 'parser'.
src/entities/spl/lib/parser/patterns/subsearch/gentimes-grammar.ts(13,5): error TS2304: Cannot find name 'parser'.
src/entities/spl/lib/parser/patterns/subsearch/gentimes-grammar.ts(13,20): error TS2304: Cannot find name 't'.
src/entities/spl/lib/parser/patterns/subsearch/makeresults-grammar.ts(6,1): error TS2304: Cannot find name 'parser'.
src/entities/spl/lib/parser/patterns/subsearch/makeresults-grammar.ts(6,29): error TS2304: Cannot find name 'parser'.
src/entities/spl/lib/parser/patterns/subsearch/makeresults-grammar.ts(7,3): error TS2304: Cannot find name 'parser'.
src/entities/spl/lib/parser/patterns/subsearch/makeresults-grammar.ts(7,18): error TS2304: Cannot find name 't'.
src/entities/spl/lib/parser/patterns/subsearch/makeresults-grammar.ts(8,3): error TS2304: Cannot find name 'parser'.
src/entities/spl/lib/parser/patterns/subsearch/makeresults-grammar.ts(9,5): error TS2304: Cannot find name 'parser'.
src/entities/spl/lib/parser/patterns/subsearch/makeresults-grammar.ts(9,20): error TS2304: Cannot find name 't'.
src/entities/spl/lib/parser/patterns/subsearch/makeresults-grammar.ts(11,3): error TS2304: Cannot find name 'parser'.
src/entities/spl/lib/parser/patterns/subsearch/makeresults-grammar.ts(12,5): error TS2304: Cannot find name 'parser'.
src/entities/spl/lib/parser/patterns/subsearch/makeresults-grammar.ts(12,20): error TS2304: Cannot find name 't'.
src/entities/spl/lib/parser/patterns/subsearch/makeresults-grammar.ts(14,3): error TS2304: Cannot find name 'parser'.
src/entities/spl/lib/parser/patterns/subsearch/makeresults-grammar.ts(15,5): error TS2304: Cannot find name 'parser'.
src/entities/spl/lib/parser/patterns/subsearch/makeresults-grammar.ts(15,20): error TS2304: Cannot find name 't'.
src/entities/spl/lib/parser/patterns/subsearch/makeresults-grammar.ts(17,3): error TS2304: Cannot find name 'parser'.
src/entities/spl/lib/parser/patterns/subsearch/makeresults-grammar.ts(18,5): error TS2304: Cannot find name 'parser'.
src/entities/spl/lib/parser/patterns/subsearch/makeresults-grammar.ts(18,20): error TS2304: Cannot find name 't'.
src/entities/spl/lib/parser/patterns/subsearch/map-grammar.ts(6,1): error TS2304: Cannot find name 'parser'.
src/entities/spl/lib/parser/patterns/subsearch/map-grammar.ts(6,21): error TS2304: Cannot find name 'parser'.
src/entities/spl/lib/parser/patterns/subsearch/map-grammar.ts(7,3): error TS2304: Cannot find name 'parser'.
src/entities/spl/lib/parser/patterns/subsearch/map-grammar.ts(7,18): error TS2304: Cannot find name 't'.
src/entities/spl/lib/parser/patterns/subsearch/map-grammar.ts(8,3): error TS2304: Cannot find name 'parser'.
src/entities/spl/lib/parser/patterns/subsearch/map-grammar.ts(10,5): error TS2304: Cannot find name 'parser'.
src/entities/spl/lib/parser/patterns/subsearch/map-grammar.ts(10,20): error TS2304: Cannot find name 't'.
src/entities/spl/lib/parser/patterns/subsearch/map-grammar.ts(13,5): error TS2304: Cannot find name 'parser'.
src/entities/spl/lib/parser/patterns/subsearch/map-grammar.ts(13,20): error TS2304: Cannot find name 't'.
src/entities/spl/lib/parser/patterns/subsearch/map-grammar.ts(16,3): error TS2304: Cannot find name 'parser'.
src/entities/spl/lib/parser/patterns/subsearch/map-grammar.ts(16,18): error TS2304: Cannot find name 't'.
src/entities/spl/lib/parser/patterns/subsearch/return-grammar.ts(6,1): error TS2304: Cannot find name 'parser'.
src/entities/spl/lib/parser/patterns/subsearch/return-grammar.ts(6,24): error TS2304: Cannot find name 'parser'.
src/entities/spl/lib/parser/patterns/subsearch/return-grammar.ts(7,3): error TS2304: Cannot find name 'parser'.
src/entities/spl/lib/parser/patterns/subsearch/return-grammar.ts(7,18): error TS2304: Cannot find name 't'.
src/entities/spl/lib/parser/patterns/validator.ts(370,7): error TS2353: Object literal may only specify known properties, and 'node' does not exist in type 'ValidationWarning'.
src/features/diagram/model/hooks/useDiagramData.ts(109,31): error TS2339: Property 'app' does not exist on type 'DiagramNodeView'.
src/features/diagram/model/hooks/useDiagramData.ts(110,33): error TS2339: Property 'owner' does not exist on type 'DiagramNodeView'.
src/features/diagram/ui/ContextPanel/ContextPanel.tsx(104,25): error TS2322: Type 'string | null | undefined' is not assignable to type 'string | undefined'.
  Type 'null' is not assignable to type 'string | undefined'.
src/features/diagram/ui/ContextPanel/SplCodeBlock.test.tsx(2,1): error TS6133: 'React' is declared but its value is never read.
src/features/diagram/ui/ContextPanel/SplExpandedView.test.tsx(2,1): error TS6133: 'React' is declared but its value is never read.
src/features/field-highlight/model/use-highlight.test.ts(24,3): error TS2741: Property 'column' is missing in type '{ kind: "created"; command: string; line: number; expression: string; }' but required in type 'FieldEvent'.
src/features/field-highlight/model/use-highlight.test.ts(30,3): error TS2741: Property 'column' is missing in type '{ kind: "modified"; command: string; line: number; expression: string; }' but required in type 'FieldEvent'.
src/features/field-highlight/model/use-highlight.test.ts(268,11): error TS2741: Property 'column' is missing in type '{ kind: any; command: string; line: number; }' but required in type 'FieldEvent'.
src/features/field-hover/model/use-hover.test.ts(25,3): error TS2741: Property 'column' is missing in type '{ kind: "created"; command: string; line: number; expression: string; }' but required in type 'FieldEvent'.
src/features/field-hover/model/use-hover.test.ts(34,3): error TS2322: Type '"high"' is not assignable to type 'ConfidenceLevel'.
src/features/field-hover/ui/FieldOriginBadge.test.tsx(21,11): error TS2741: Property 'column' is missing in type '{ kind: "created"; command: string; line: number; }' but required in type 'FieldEvent'.
src/features/field-hover/ui/FieldOriginBadge.test.tsx(35,11): error TS2741: Property 'column' is missing in type '{ kind: "modified"; command: string; line: number; }' but required in type 'FieldEvent'.
src/features/field-hover/ui/FieldOriginBadge.test.tsx(49,11): error TS2741: Property 'column' is missing in type '{ kind: "renamed"; command: string; line: number; }' but required in type 'FieldEvent'.
src/features/field-hover/ui/FieldOriginBadge.test.tsx(63,11): error TS2741: Property 'column' is missing in type '{ kind: "origin"; command: string; line: number; }' but required in type 'FieldEvent'.
src/features/field-hover/ui/FieldOriginBadge.test.tsx(77,11): error TS2741: Property 'column' is missing in type '{ kind: "created"; command: string; line: number; expression: string; }' but required in type 'FieldEvent'.
src/features/field-hover/ui/FieldOriginBadge.test.tsx(90,11): error TS2741: Property 'column' is missing in type '{ kind: "created"; command: string; line: number; }' but required in type 'FieldEvent'.
src/features/field-hover/ui/FieldOriginBadge.test.tsx(103,11): error TS2741: Property 'column' is missing in type '{ kind: "consumed"; command: string; line: number; }' but required in type 'FieldEvent'.
src/features/field-hover/ui/FieldOriginBadge.test.tsx(117,11): error TS2741: Property 'column' is missing in type '{ kind: "dropped"; command: string; line: number; }' but required in type 'FieldEvent'.
src/features/field-hover/ui/FieldOriginBadge.test.tsx(131,11): error TS2741: Property 'column' is missing in type '{ kind: any; command: string; line: number; }' but required in type 'FieldEvent'.
src/features/field-hover/ui/FieldOriginBadge.test.tsx(145,11): error TS2741: Property 'column' is missing in type '{ kind: "created"; command: string; line: number; }' but required in type 'FieldEvent'.
src/features/field-hover/ui/FieldOriginBadge.test.tsx(157,11): error TS2741: Property 'column' is missing in type '{ kind: "created"; command: string; line: number; expression: string; }' but required in type 'FieldEvent'.
src/features/field-hover/ui/LineageTooltip.test.tsx(15,3): error TS2741: Property 'column' is missing in type '{ kind: "created"; command: string; line: number; expression: string; }' but required in type 'FieldEvent'.
src/features/field-hover/ui/LineageTooltip.test.tsx(24,3): error TS2322: Type '"high"' is not assignable to type 'ConfidenceLevel'.
src/features/field-hover/ui/LineageTooltip.test.tsx(160,7): error TS2322: Type '"medium"' is not assignable to type 'ConfidenceLevel'.
src/features/field-hover/ui/LineageTooltip.test.tsx(245,7): error TS2322: Type '"timestamp"' is not assignable to type 'FieldDataType'.
src/features/field-hover/ui/LineageTooltip.tsx(97,31): error TS2367: This comparison appears to be unintentional because the types 'ConfidenceLevel' and '"high"' have no overlap.
src/features/field-lineage/lib/analyzer.ts(101,67): error TS2339: Property 'name' does not exist on type 'never'.
src/features/field-lineage/lib/analyzer.ts(153,9): error TS2322: Type '{ fieldName: any; dependsOn: any; expression: undefined; confidence: string; }[]' is not assignable to type 'FieldCreation[]'.
  Type '{ fieldName: any; dependsOn: any; expression: undefined; confidence: string; }' is not assignable to type 'FieldCreation'.
    Types of property 'confidence' are incompatible.
      Type 'string' is not assignable to type 'ConfidenceLevel'.
src/features/field-lineage/lib/analyzer.ts(186,9): error TS2322: Type '{ fieldName: any; dependsOn: any[]; expression: undefined; confidence: string; }[]' is not assignable to type 'FieldCreation[]'.
  Type '{ fieldName: any; dependsOn: any[]; expression: undefined; confidence: string; }' is not assignable to type 'FieldCreation'.
    Types of property 'confidence' are incompatible.
      Type 'string' is not assignable to type 'ConfidenceLevel'.
src/features/field-lineage/lib/analyzer.ts(210,9): error TS2322: Type '{ fieldName: any; dependsOn: any[]; confidence: string; }[]' is not assignable to type 'FieldCreation[]'.
  Type '{ fieldName: any; dependsOn: any[]; confidence: string; }' is not assignable to type 'FieldCreation'.
    Types of property 'confidence' are incompatible.
      Type 'string' is not assignable to type 'ConfidenceLevel'.
src/features/field-lineage/lib/command-handlers/extract.ts(52,5): error TS2353: Object literal may only specify known properties, and 'preservesAll' does not exist in type 'CommandFieldEffect'.
src/features/field-lineage/lib/command-handlers/pattern-based.ts(106,44): error TS2345: Argument of type 'PipelineStage' is not assignable to parameter of type 'CommandAstNode'.
  Type 'EvalCommand' is not assignable to type 'CommandAstNode'.
    Index signature for type 'string' is missing in type 'EvalCommand'.
src/features/field-lineage/lib/command-handlers/pattern-based.ts(139,5): error TS2322: Type 'string[]' is not assignable to type 'FieldModification[]'.
  Type 'string' is not assignable to type 'FieldModification'.
src/features/field-lineage/lib/command-handlers/pattern-based.ts(173,14): error TS2339: Property 'preservesAll' does not exist on type 'CommandFieldEffect'.
src/features/field-lineage/lib/command-handlers/stats.ts(115,12): error TS2339: Property 'preservesAll' does not exist on type 'CommandFieldEffect'.
src/features/field-lineage/lib/command-handlers/transaction.ts(67,5): error TS2353: Object literal may only specify known properties, and 'preservesAll' does not exist in type 'CommandFieldEffect'.
src/features/ko-explorer/lib/deriveFilterOptions.test.ts(68,29): error TS2322: Type '""' is not assignable to type 'SplunkKoType'.
src/features/ko-explorer/model/hooks/useKOFilters.test.tsx(39,5): error TS2322: Type '"report"' is not assignable to type 'SplunkKoType'.
src/features/ko-explorer/model/hooks/useKOSort.test.tsx(34,5): error TS2322: Type '"report"' is not assignable to type 'SplunkKoType'.
src/features/ko-explorer/ui/SummaryStrip.test.tsx(33,5): error TS2322: Type '"report"' is not assignable to type 'SplunkKoType'.
src/features/spl-editor/hooks/useHoverInfo.test.ts(17,5): error TS2322: Type 'RefObject<HTMLDivElement | null>' is not assignable to type 'RefObject<HTMLDivElement>'.
  Type 'HTMLDivElement | null' is not assignable to type 'HTMLDivElement'.
    Type 'null' is not assignable to type 'HTMLDivElement'.
src/features/spl-editor/hooks/useLineageHighlight.test.ts(17,5): error TS2322: Type 'RefObject<HTMLDivElement | null>' is not assignable to type 'RefObject<HTMLDivElement>'.
  Type 'HTMLDivElement | null' is not assignable to type 'HTMLDivElement'.
    Type 'null' is not assignable to type 'HTMLDivElement'.
src/features/spl-editor/utils/token-wrapper.ts(150,10): error TS6133: 'escapeHtmlLegacy' is declared but its value is never read.
src/features/splinter/lib/spl/extractFromAst.ts(6,5): error TS6196: 'FieldReference' is declared but never used.
src/features/splinter/lib/spl/extractFromAst.ts(152,5): error TS6133: 'commandMap' is declared but its value is never read.
src/features/splinter/lib/spl/searchSpl.test.ts(10,16): error TS2554: Expected 3-4 arguments, but got 2.
src/features/splinter/lib/spl/searchSpl.test.ts(11,16): error TS2554: Expected 3-4 arguments, but got 2.
src/features/splinter/lib/spl/searchSpl.test.ts(15,25): error TS2554: Expected 3-4 arguments, but got 2.
src/features/splinter/lib/spl/searchSpl.test.ts(25,25): error TS2554: Expected 3-4 arguments, but got 2.
src/features/splinter/lib/spl/searchSpl.test.ts(33,25): error TS2554: Expected 3-4 arguments, but got 2.
src/features/splinter/lib/spl/searchSpl.test.ts(40,16): error TS2554: Expected 3-4 arguments, but got 2.
src/features/splinter/ui/tools/PerfLinter/PerfLinterPanel.test.tsx(6,1): error TS6133: 'SplModule' is declared but its value is never read.
src/features/splinter/ui/tools/PerfLinter/PerfLinterPanel.test.tsx(10,42): error TS2709: Cannot use namespace 'SplModule' as a type.
src/main.tsx(18,37): error TS2307: Cannot find module '@/shared/testing/browser' or its corresponding type declarations.
src/pages/splinter/SPLinterPage.test.tsx(96,7): error TS2353: Object literal may only specify known properties, and 'isDirty' does not exist in type 'EditorState | Partial<EditorState> | ((state: EditorState) => EditorState | Partial<EditorState>)'.
src/shared/ui/checkbox.test.tsx(119,13): error TS2322: Type 'Dispatch<SetStateAction<boolean>>' is not assignable to type '(checked: CheckedState) => void'.
  Types of parameters 'value' and 'checked' are incompatible.
    Type 'CheckedState' is not assignable to type 'SetStateAction<boolean>'.
      Type '"indeterminate"' is not assignable to type 'SetStateAction<boolean>'.
src/shared/ui/checkbox.tsx(27,7): error TS2578: Unused '@ts-expect-error' directive.
src/shared/ui/dialog.tsx(16,20): error TS2344: Type 'FC<DialogProps>' does not satisfy the constraint 'keyof IntrinsicElements | ForwardRefExoticComponent<any> | (new (props: any, context: any) => Component<any, {}, any>) | ((props: any) => ReactNode)'.
  Property '$$typeof' is missing in type 'FunctionComponent<DialogProps>' but required in type 'ForwardRefExoticComponent<any>'.
src/shared/ui/dialog.tsx(19,25): error TS2322: Type '{ children?: ReactNode; open?: boolean | undefined; defaultOpen?: boolean | undefined; onOpenChange?(open: boolean): void; ref: ForwardedRef<never>; modal: boolean; }' is not assignable to type 'IntrinsicAttributes & DialogProps'.
  Property 'ref' does not exist on type 'IntrinsicAttributes & DialogProps'.
src/shared/ui/toggle-group.tsx(96,7): error TS2578: Unused '@ts-expect-error' directive.
src/test/utils/AllProvidersWrapper.tsx(39,11): error TS2353: Object literal may only specify known properties, and 'cacheTime' does not exist in type 'OmitKeyof<QueryObserverOptions<unknown, Error, unknown, unknown, readonly unknown[], never>, "suspense" | "queryKey", "strictly">'.
src/test/utils/AllProvidersWrapper.tsx(67,9): error TS2353: Object literal may only specify known properties, and 'cacheTime' does not exist in type 'OmitKeyof<QueryObserverOptions<unknown, Error, unknown, unknown, readonly unknown[], never>, "suspense" | "queryKey", "strictly">'.
src/widgets/spl-static-editor/ui/SplHighlighter.test.tsx(604,22): error TS2352: Conversion of type '{ current: null; }' to type 'RefObject<HTMLPreElement>' may be a mistake because neither type sufficiently overlaps with the other. If this was intentional, convert the expression to 'unknown' first.
  Types of property 'current' are incompatible.
    Type 'null' is not comparable to type 'HTMLPreElement'.
vite.config.ts(8,13): error TS2769: No overload matches this call.
  The last overload gave the following error.
    Type 'Plugin<any>[]' is not assignable to type 'PluginOption'.
      Type 'Plugin<any>[]' is not assignable to type 'PluginOption[]'.
        Type 'Plugin<any>' is not assignable to type 'PluginOption'.
          Type 'import("C:/Users/dbroo/azdo/coresplorer/node_modules/vite/dist/node/index").Plugin<any>' is not assignable to type 'import("C:/Users/dbroo/azdo/coresplorer/node_modules/vitest/node_modules/vite/dist/node/index").Plugin<any>'.
            Types of property 'apply' are incompatible.
              Type '"serve" | "build" | ((this: void, config: import("C:/Users/dbroo/azdo/coresplorer/node_modules/vite/dist/node/index").UserConfig, env: import("C:/Users/dbroo/azdo/coresplorer/node_modules/vite/dist/node/index").ConfigEnv) => boolean) | undefined' is not assignable to type '"serve" | "build" | ((this: void, config: import("C:/Users/dbroo/azdo/coresplorer/node_modules/vitest/node_modules/vite/dist/node/index").UserConfig, env: import("C:/Users/dbroo/azdo/coresplorer/node_modules/vitest/node_modules/vite/dist/node/index").ConfigEnv) => boolean) | undefined'.
                Type '(this: void, config: UserConfig, env: ConfigEnv) => boolean' is not assignable to type '"serve" | "build" | ((this: void, config: UserConfig, env: ConfigEnv) => boolean) | undefined'.
                  Type '(this: void, config: import("C:/Users/dbroo/azdo/coresplorer/node_modules/vite/dist/node/index").UserConfig, env: import("C:/Users/dbroo/azdo/coresplorer/node_modules/vite/dist/node/index").ConfigEnv) => boolean' is not assignable to type '(this: void, config: import("C:/Users/dbroo/azdo/coresplorer/node_modules/vitest/node_modules/vite/dist/node/index").UserConfig, env: import("C:/Users/dbroo/azdo/coresplorer/node_modules/vitest/node_modules/vite/dist/node/index").ConfigEnv) => boolean'.
                    Types of parameters 'config' and 'config' are incompatible.
                      Type 'import("C:/Users/dbroo/azdo/coresplorer/node_modules/vitest/node_modules/vite/dist/node/index").UserConfig' is not assignable to type 'import("C:/Users/dbroo/azdo/coresplorer/node_modules/vite/dist/node/index").UserConfig'.
                        Types of property 'plugins' are incompatible.
                          Type 'import("C:/Users/dbroo/azdo/coresplorer/node_modules/vitest/node_modules/vite/dist/node/index").PluginOption[] | undefined' is not assignable to type 'import("C:/Users/dbroo/azdo/coresplorer/node_modules/vite/dist/node/index").PluginOption[] | undefined'.
                            Type 'import("C:/Users/dbroo/azdo/coresplorer/node_modules/vitest/node_modules/vite/dist/node/index").PluginOption[]' is not assignable to type 'import("C:/Users/dbroo/azdo/coresplorer/node_modules/vite/dist/node/index").PluginOption[]'.
                              Type 'import("C:/Users/dbroo/azdo/coresplorer/node_modules/vitest/node_modules/vite/dist/node/index").PluginOption' is not assignable to type 'import("C:/Users/dbroo/azdo/coresplorer/node_modules/vite/dist/node/index").PluginOption'.
                                Type 'Plugin<any>' is not assignable to type 'PluginOption'.
                                  Type 'import("C:/Users/dbroo/azdo/coresplorer/node_modules/vitest/node_modules/vite/dist/node/index").Plugin<any>' is not assignable to type 'import("C:/Users/dbroo/azdo/coresplorer/node_modules/vite/dist/node/index").Plugin<any>'.
                                    Types of property 'apply' are incompatible.
                                      Type '"serve" | "build" | ((this: void, config: import("C:/Users/dbroo/azdo/coresplorer/node_modules/vitest/node_modules/vite/dist/node/index").UserConfig, env: import("C:/Users/dbroo/azdo/coresplorer/node_modules/vitest/node_modules/vite/dist/node/index").ConfigEnv) => boolean) | undefined' is not assignable to type '"serve" | "build" | ((this: void, config: import("C:/Users/dbroo/azdo/coresplorer/node_modules/vite/dist/node/index").UserConfig, env: import("C:/Users/dbroo/azdo/coresplorer/node_modules/vite/dist/node/index").ConfigEnv) => boolean) | undefined'.
                                        Type '(this: void, config: UserConfig, env: ConfigEnv) => boolean' is not assignable to type '"serve" | "build" | ((this: void, config: UserConfig, env: ConfigEnv) => boolean) | undefined'.
                                          Type '(this: void, config: import("C:/Users/dbroo/azdo/coresplorer/node_modules/vitest/node_modules/vite/dist/node/index").UserConfig, env: import("C:/Users/dbroo/azdo/coresplorer/node_modules/vitest/node_modules/vite/dist/node/index").ConfigEnv) => boolean' is not assignable to type '(this: void, config: import("C:/Users/dbroo/azdo/coresplorer/node_modules/vite/dist/node/index").UserConfig, env: import("C:/Users/dbroo/azdo/coresplorer/node_modules/vite/dist/node/index").ConfigEnv) => boolean'.
                                            Types of parameters 'config' and 'config' are incompatible.
                                              Type 'import("C:/Users/dbroo/azdo/coresplorer/node_modules/vite/dist/node/index").UserConfig' is not assignable to type 'import("C:/Users/dbroo/azdo/coresplorer/node_modules/vitest/node_modules/vite/dist/node/index").UserConfig'.
                                                Types of property 'plugins' are incompatible.
                                                  Type 'import("C:/Users/dbroo/azdo/coresplorer/node_modules/vite/dist/node/index").PluginOption[] | undefined' is not assignable to type 'import("C:/Users/dbroo/azdo/coresplorer/node_modules/vitest/node_modules/vite/dist/node/index").PluginOption[] | undefined'.
                                                    Type 'import("C:/Users/dbroo/azdo/coresplorer/node_modules/vite/dist/node/index").PluginOption[]' is not assignable to type 'import("C:/Users/dbroo/azdo/coresplorer/node_modules/vitest/node_modules/vite/dist/node/index").PluginOption[]'.
                                                      Type 'import("C:/Users/dbroo/azdo/coresplorer/node_modules/vite/dist/node/index").PluginOption' is not assignable to type 'import("C:/Users/dbroo/azdo/coresplorer/node_modules/vitest/node_modules/vite/dist/node/index").PluginOption'.
                                                        Type 'Promise<Plugin<any> | FalsyPlugin | PluginOption[]>' is not assignable to type 'PluginOption'.
                                                          Type 'Promise<Plugin<any> | FalsyPlugin | PluginOption[]>' is not assignable to type 'Promise<false | Plugin<any> | PluginOption[] | null | undefined>'.
                                                            Type 'Plugin<any> | FalsyPlugin | PluginOption[]' is not assignable to type 'false | Plugin<any> | PluginOption[] | null | undefined'.
                                                              Type 'Plugin<any>' is not assignable to type 'false | Plugin<any> | PluginOption[] | null | undefined'.
